Component: ARM Compiler 5.06 update 5 (build 528) Tool: armlink [4d35e2]

==============================================================================

Section Cross References

    startup_stm32f103xb.o(STACK) refers (Special) to heapauxi.o(.text) for __use_two_region_memory
    startup_stm32f103xb.o(HEAP) refers (Special) to heapauxi.o(.text) for __use_two_region_memory
    startup_stm32f103xb.o(RESET) refers (Special) to heapauxi.o(.text) for __use_two_region_memory
    startup_stm32f103xb.o(RESET) refers to startup_stm32f103xb.o(STACK) for __initial_sp
    startup_stm32f103xb.o(RESET) refers to startup_stm32f103xb.o(.text) for Reset_Handler
    startup_stm32f103xb.o(RESET) refers to stm32f1xx_it.o(i.NMI_Handler) for NMI_Handler
    startup_stm32f103xb.o(RESET) refers to stm32f1xx_it.o(i.HardFault_Handler) for HardFault_Handler
    startup_stm32f103xb.o(RESET) refers to stm32f1xx_it.o(i.MemManage_Handler) for MemManage_Handler
    startup_stm32f103xb.o(RESET) refers to stm32f1xx_it.o(i.BusFault_Handler) for BusFault_Handler
    startup_stm32f103xb.o(RESET) refers to stm32f1xx_it.o(i.UsageFault_Handler) for UsageFault_Handler
    startup_stm32f103xb.o(RESET) refers to stm32f1xx_it.o(i.SVC_Handler) for SVC_Handler
    startup_stm32f103xb.o(RESET) refers to stm32f1xx_it.o(i.DebugMon_Handler) for DebugMon_Handler
    startup_stm32f103xb.o(RESET) refers to stm32f1xx_it.o(i.PendSV_Handler) for PendSV_Handler
    startup_stm32f103xb.o(RESET) refers to stm32f1xx_it.o(i.SysTick_Handler) for SysTick_Handler
    startup_stm32f103xb.o(RESET) refers to stm32f1xx_it.o(i.USART3_IRQHandler) for USART3_IRQHandler
    startup_stm32f103xb.o(.text) refers (Special) to heapauxi.o(.text) for __use_two_region_memory
    startup_stm32f103xb.o(.text) refers to system_stm32f1xx.o(i.SystemInit) for SystemInit
    startup_stm32f103xb.o(.text) refers to __main.o(!!!main) for __main
    startup_stm32f103xb.o(.text) refers to startup_stm32f103xb.o(HEAP) for Heap_Mem
    startup_stm32f103xb.o(.text) refers to startup_stm32f103xb.o(STACK) for Stack_Mem
    main.o(i.SystemClock_Config) refers to rt_memclr_w.o(.text) for __aeabi_memclr4
    main.o(i.SystemClock_Config) refers to stm32f1xx_hal_rcc.o(i.HAL_RCC_OscConfig) for HAL_RCC_OscConfig
    main.o(i.SystemClock_Config) refers to main.o(i.Error_Handler) for Error_Handler
    main.o(i.SystemClock_Config) refers to stm32f1xx_hal_rcc.o(i.HAL_RCC_ClockConfig) for HAL_RCC_ClockConfig
    main.o(i.main) refers to stm32f1xx_hal.o(i.HAL_Init) for HAL_Init
    main.o(i.main) refers to main.o(i.SystemClock_Config) for SystemClock_Config
    main.o(i.main) refers to gpio.o(i.MX_GPIO_Init) for MX_GPIO_Init
    main.o(i.main) refers to tim.o(i.MX_TIM1_Init) for MX_TIM1_Init
    main.o(i.main) refers to usart.o(i.MX_USART3_UART_Init) for MX_USART3_UART_Init
    main.o(i.main) refers to i2c.o(i.MX_I2C1_Init) for MX_I2C1_Init
    main.o(i.main) refers to inv_mpu.o(i.mpu_dmp_init) for mpu_dmp_init
    main.o(i.main) refers to mpu6050.o(i.MPU_Init) for MPU_Init
    main.o(i.main) refers to motor.o(i.Motor_Init) for Motor_Init
    main.o(i.main) refers to jdy_31.o(i.JDY_31_Init) for JDY_31_Init
    main.o(i.main) refers to stm32f1xx_hal.o(i.HAL_Delay) for HAL_Delay
    main.o(i.main) refers to inv_mpu.o(i.mpu_dmp_get_data) for mpu_dmp_get_data
    main.o(i.main) refers to ffixu.o(x$fpl$ffixu) for __aeabi_f2uiz
    main.o(i.main) refers to stm32f1xx_hal_uart.o(i.HAL_UART_Transmit) for HAL_UART_Transmit
    main.o(i.main) refers to stm32f1xx_it.o(.data) for rx_data
    main.o(i.main) refers to usart.o(.bss) for huart3
    main.o(i.main) refers to main.o(.data) for yaw
    gpio.o(i.MX_GPIO_Init) refers to stm32f1xx_hal_gpio.o(i.HAL_GPIO_WritePin) for HAL_GPIO_WritePin
    gpio.o(i.MX_GPIO_Init) refers to stm32f1xx_hal_gpio.o(i.HAL_GPIO_Init) for HAL_GPIO_Init
    i2c.o(i.HAL_I2C_MspDeInit) refers to stm32f1xx_hal_gpio.o(i.HAL_GPIO_DeInit) for HAL_GPIO_DeInit
    i2c.o(i.HAL_I2C_MspInit) refers to stm32f1xx_hal_gpio.o(i.HAL_GPIO_Init) for HAL_GPIO_Init
    i2c.o(i.MX_I2C1_Init) refers to stm32f1xx_hal_i2c.o(i.HAL_I2C_Init) for HAL_I2C_Init
    i2c.o(i.MX_I2C1_Init) refers to main.o(i.Error_Handler) for Error_Handler
    i2c.o(i.MX_I2C1_Init) refers to i2c.o(.bss) for hi2c1
    tim.o(i.HAL_TIM_MspPostInit) refers to stm32f1xx_hal_gpio.o(i.HAL_GPIO_Init) for HAL_GPIO_Init
    tim.o(i.MX_TIM1_Init) refers to rt_memclr_w.o(.text) for __aeabi_memclr4
    tim.o(i.MX_TIM1_Init) refers to stm32f1xx_hal_tim.o(i.HAL_TIM_PWM_Init) for HAL_TIM_PWM_Init
    tim.o(i.MX_TIM1_Init) refers to main.o(i.Error_Handler) for Error_Handler
    tim.o(i.MX_TIM1_Init) refers to stm32f1xx_hal_tim_ex.o(i.HAL_TIMEx_MasterConfigSynchronization) for HAL_TIMEx_MasterConfigSynchronization
    tim.o(i.MX_TIM1_Init) refers to stm32f1xx_hal_tim.o(i.HAL_TIM_PWM_ConfigChannel) for HAL_TIM_PWM_ConfigChannel
    tim.o(i.MX_TIM1_Init) refers to stm32f1xx_hal_tim_ex.o(i.HAL_TIMEx_ConfigBreakDeadTime) for HAL_TIMEx_ConfigBreakDeadTime
[...]
    i.dmp_set_gyro_bias                      0x080038c4   Section        0  inv_mpu_dmp_motion_driver.o(i.dmp_set_gyro_bias)
    i.dmp_set_orientation                    0x080039f4   Section        0  inv_mpu_dmp_motion_driver.o(i.dmp_set_orientation)
    i.dmp_set_shake_reject_thresh            0x08003b2c   Section        0  inv_mpu_dmp_motion_driver.o(i.dmp_set_shake_reject_thresh)
    i.dmp_set_shake_reject_time              0x08003b64   Section        0  inv_mpu_dmp_motion_driver.o(i.dmp_set_shake_reject_time)
    i.dmp_set_shake_reject_timeout           0x08003b8a   Section        0  inv_mpu_dmp_motion_driver.o(i.dmp_set_shake_reject_timeout)
    i.dmp_set_tap_axes                       0x08003bb0   Section        0  inv_mpu_dmp_motion_driver.o(i.dmp_set_tap_axes)
    i.dmp_set_tap_count                      0x08003bf6   Section        0  inv_mpu_dmp_motion_driver.o(i.dmp_set_tap_count)
    i.dmp_set_tap_thresh                     0x08003c1c   Section        0  inv_mpu_dmp_motion_driver.o(i.dmp_set_tap_thresh)
    i.dmp_set_tap_time                       0x08003dbc   Section        0  inv_mpu_dmp_motion_driver.o(i.dmp_set_tap_time)
    i.dmp_set_tap_time_multi                 0x08003de2   Section        0  inv_mpu_dmp_motion_driver.o(i.dmp_set_tap_time_multi)
    i.get_accel_prod_shift                   0x08003e08   Section        0  inv_mpu.o(i.get_accel_prod_shift)
    get_accel_prod_shift                     0x08003e09   Thumb Code   168  inv_mpu.o(i.get_accel_prod_shift)
    i.get_st_biases                          0x08003ebc   Section        0  inv_mpu.o(i.get_st_biases)
    get_st_biases                            0x08003ebd   Thumb Code  1132  inv_mpu.o(i.get_st_biases)
    i.go_back                                0x0800432c   Section        0  motor.o(i.go_back)
    i.go_head                                0x08004338   Section        0  motor.o(i.go_head)
    i.go_left                                0x08004344   Section        0  motor.o(i.go_left)
    i.go_right                               0x08004350   Section        0  motor.o(i.go_right)
    i.gyro_self_test                         0x0800435c   Section        0  inv_mpu.o(i.gyro_self_test)
    gyro_self_test                           0x0800435d   Thumb Code   256  inv_mpu.o(i.gyro_self_test)
    i.inv_orientation_matrix_to_scalar       0x0800446c   Section        0  inv_mpu.o(i.inv_orientation_matrix_to_scalar)
    i.inv_row_2_scale                        0x08004494   Section        0  inv_mpu.o(i.inv_row_2_scale)
    i.left_wheel_back                        0x080044e4   Section        0  motor.o(i.left_wheel_back)
    i.left_wheel_head                        0x0800450c   Section        0  motor.o(i.left_wheel_head)
    i.left_wheel_stop                        0x08004534   Section        0  motor.o(i.left_wheel_stop)
    i.main                                   0x0800454c   Section        0  main.o(i.main)
    i.mget_ms                                0x080045c0   Section        0  inv_mpu.o(i.mget_ms)
    i.mpu_configure_fifo                     0x080045c4   Section        0  inv_mpu.o(i.mpu_configure_fifo)
    i.mpu_dmp_get_data                       0x08004634   Section        0  inv_mpu.o(i.mpu_dmp_get_data)
    i.mpu_dmp_init                           0x08004858   Section        0  inv_mpu.o(i.mpu_dmp_init)
    i.mpu_get_accel_fsr                      0x080048f8   Section        0  inv_mpu.o(i.mpu_get_accel_fsr)
    i.mpu_get_accel_sens                     0x08004944   Section        0  inv_mpu.o(i.mpu_get_accel_sens)
    i.mpu_get_fifo_config                    0x08004998   Section        0  inv_mpu.o(i.mpu_get_fifo_config)
    i.mpu_get_gyro_fsr                       0x080049a8   Section        0  inv_mpu.o(i.mpu_get_gyro_fsr)
    i.mpu_get_gyro_sens                      0x080049ec   Section        0  inv_mpu.o(i.mpu_get_gyro_sens)
    i.mpu_get_lpf                            0x08004a3c   Section        0  inv_mpu.o(i.mpu_get_lpf)
    i.mpu_get_sample_rate                    0x08004a8c   Section        0  inv_mpu.o(i.mpu_get_sample_rate)
    i.mpu_init                               0x08004aac   Section        0  inv_mpu.o(i.mpu_init)
    i.mpu_load_firmware                      0x08004c3c   Section        0  inv_mpu.o(i.mpu_load_firmware)
    i.mpu_lp_accel_mode                      0x08004cf4   Section        0  inv_mpu.o(i.mpu_lp_accel_mode)
    i.mpu_read_fifo_stream                   0x08004dd4   Section        0  inv_mpu.o(i.mpu_read_fifo_stream)
    i.mpu_read_mem                           0x08004e94   Section        0  inv_mpu.o(i.mpu_read_mem)
    i.mpu_reset_fifo                         0x08004f14   Section        0  inv_mpu.o(i.mpu_reset_fifo)
    i.mpu_run_self_test                      0x080050dc   Section        0  inv_mpu.o(i.mpu_run_self_test)
    i.mpu_set_accel_fsr                      0x080051f8   Section        0  inv_mpu.o(i.mpu_set_accel_fsr)
    i.mpu_set_bypass                         0x0800527c   Section        0  inv_mpu.o(i.mpu_set_bypass)
    i.mpu_set_dmp_state                      0x080053c8   Section        0  inv_mpu.o(i.mpu_set_dmp_state)
    i.mpu_set_gyro_fsr                       0x08005458   Section        0  inv_mpu.o(i.mpu_set_gyro_fsr)
    i.mpu_set_int_latched                    0x080054e0   Section        0  inv_mpu.o(i.mpu_set_int_latched)
    i.mpu_set_lpf                            0x0800554c   Section        0  inv_mpu.o(i.mpu_set_lpf)
    i.mpu_set_sample_rate                    0x080055d0   Section        0  inv_mpu.o(i.mpu_set_sample_rate)
    i.mpu_set_sensors                        0x0800566c   Section        0  inv_mpu.o(i.mpu_set_sensors)
    i.mpu_write_mem                          0x0800573c   Section        0  inv_mpu.o(i.mpu_write_mem)
    i.right_wheel_back                       0x080057bc   Section        0  motor.o(i.right_wheel_back)
    i.right_wheel_head                       0x080057e4   Section        0  motor.o(i.right_wheel_head)
    i.right_wheel_stop                       0x0800580c   Section        0  motor.o(i.right_wheel_stop)
    i.run_self_test                          0x08005824   Section        0  inv_mpu.o(i.run_self_test)
    i.set_int_enable                         0x080058b8   Section        0  inv_mpu.o(i.set_int_enable)
    set_int_enable                           0x080058b9   Thumb Code   138  inv_mpu.o(i.set_int_enable)
    i.sqrt                                   0x08005948   Section        0  sqrt.o(i.sqrt)
    i.turn_left                              0x08005994   Section        0  motor.o(i.turn_left)
    i.turn_right                             0x080059a0   Section        0  motor.o(i.turn_right)
    i.wheel_stop                             0x080059ac   Section        0  motor.o(i.wheel_stop)
    x$fpl$d2f                                0x080059d0   Section       98  d2f.o(x$fpl$d2f)
    x$fpl$dadd                               0x08005a34   Section      336  daddsub_clz.o(x$fpl$dadd)
    _dadd1                                   0x08005a45   Thumb Code     0  daddsub_clz.o(x$fpl$dadd)
    x$fpl$dcheck1                            0x08005b84   Section       16  dcheck1.o(x$fpl$dcheck1)
    x$fpl$ddiv                               0x08005b94   Section      688  ddiv.o(x$fpl$ddiv)
    ddiv_entry                               0x08005b9b   Thumb Code     0  ddiv.o(x$fpl$ddiv)
    x$fpl$dmul                               0x08005e44   Section      340  dmul.o(x$fpl$dmul)
    x$fpl$dnaninf                            0x08005f98   Section      156  dnaninf.o(x$fpl$dnaninf)
    x$fpl$dretinf                            0x08006034   Section       12  dretinf.o(x$fpl$dretinf)
    x$fpl$drsb                               0x08006040   Section       22  daddsub_clz.o(x$fpl$drsb)
    x$fpl$dsqrt                              0x08006058   Section      460  dsqrt_noumaal.o(x$fpl$dsqrt)
    x$fpl$dsub                               0x08006224   Section      468  daddsub_clz.o(x$fpl$dsub)
    _dsub1                                   0x08006235   Thumb Code     0  daddsub_clz.o(x$fpl$dsub)
    x$fpl$f2d                                0x080063f8   Section       86  f2d.o(x$fpl$f2d)
    x$fpl$fadd                               0x08006450   Section      196  faddsub_clz.o(x$fpl$fadd)
    _fadd1                                   0x0800645f   Thumb Code     0  faddsub_clz.o(x$fpl$fadd)
    x$fpl$fcmpinf                            0x08006514   Section       24  fcmpi.o(x$fpl$fcmpinf)
    x$fpl$fdiv                               0x0800652c   Section      388  fdiv.o(x$fpl$fdiv)
    _fdiv1                                   0x0800652d   Thumb Code     0  fdiv.o(x$fpl$fdiv)
    x$fpl$feqf                               0x080066b0   Section      104  feqf.o(x$fpl$feqf)
    x$fpl$ffix                               0x08006718   Section       54  ffix.o(x$fpl$ffix)
    x$fpl$ffixu                              0x08006750   Section       62  ffixu.o(x$fpl$ffixu)
    x$fpl$fflt                               0x08006790   Section       48  fflt_clz.o(x$fpl$fflt)
    x$fpl$ffltu                              0x080067c0   Section       38  fflt_clz.o(x$fpl$ffltu)
    x$fpl$fleqf                              0x080067e8   Section      104  fleqf.o(x$fpl$fleqf)
    x$fpl$fmul                               0x08006850   Section      258  fmul.o(x$fpl$fmul)
    x$fpl$fnaninf                            0x08006952   Section      140  fnaninf.o(x$fpl$fnaninf)
    x$fpl$fretinf                            0x080069de   Section       10  fretinf.o(x$fpl$fretinf)
    x$fpl$frleqf                             0x080069e8   Section       98  frleqf.o(x$fpl$frleqf)
    x$fpl$fsub                               0x08006a4c   Section      234  faddsub_clz.o(x$fpl$fsub)
    _fsub1                                   0x08006a5b   Thumb Code     0  faddsub_clz.o(x$fpl$fsub)
    x$fpl$retnan                             0x08006b36   Section      100  retnan.o(x$fpl$retnan)
    x$fpl$scalbn                             0x08006b9a   Section       92  scalbn.o(x$fpl$scalbn)
    x$fpl$trapveneer                         0x08006bf6   Section       48  trapv.o(x$fpl$trapveneer)
    .constdata                               0x08006c26   Section       18  stm32f1xx_hal_rcc.o(.constdata)
    x$fpl$usenofp                            0x08006c26   Section        0  usenofp.o(x$fpl$usenofp)
    aPLLMULFactorTable                       0x08006c26   Data          16  stm32f1xx_hal_rcc.o(.constdata)
    aPredivFactorTable                       0x08006c36   Data           2  stm32f1xx_hal_rcc.o(.constdata)
    .constdata                               0x08006c38   Section       24  system_stm32f1xx.o(.constdata)
    .constdata                               0x08006c50   Section       80  inv_mpu.o(.constdata)
    .constdata                               0x08006ca0   Section     3062  inv_mpu_dmp_motion_driver.o(.constdata)
    dmp_memory                               0x08006ca0   Data        3062  inv_mpu_dmp_motion_driver.o(.constdata)
    .constdata                               0x08007898   Section       80  asin.o(.constdata)
    pS                                       0x08007898   Data          48  asin.o(.constdata)
    qS                                       0x080078c8   Data          32  asin.o(.constdata)
    .constdata                               0x080078e8   Section      152  atan.o(.constdata)
    atanhi                                   0x080078e8   Data          32  atan.o(.constdata)
    atanlo                                   0x08007908   Data          32  atan.o(.constdata)
    aTodd                                    0x08007928   Data          40  atan.o(.constdata)
    aTeven                                   0x08007950   Data          48  atan.o(.constdata)
    .constdata                               0x08007980   Section        8  qnan.o(.constdata)
    .data                                    0x20000000   Section       17  main.o(.data)
    .data                                    0x20000011   Section        3  stm32f1xx_it.o(.data)
    .data                                    0x20000014   Section        9  stm32f1xx_hal.o(.data)
    .data                                    0x20000020   Section        4  system_stm32f1xx.o(.data)
    .data                                    0x20000024   Section       53  inv_mpu.o(.data)
    st                                       0x20000024   Data          44  inv_mpu.o(.data)
    gyro_orientation                         0x20000050   Data           9  inv_mpu.o(.data)
    .bss                                     0x2000005c   Section       84  i2c.o(.bss)
    .bss                                     0x200000b0   Section       72  tim.o(.bss)
    .bss                                     0x200000f8   Section       72  usart.o(.bss)
    .bss                                     0x20000140   Section       16  inv_mpu_dmp_motion_driver.o(.bss)
    dmp                                      0x20000140   Data          16  inv_mpu_dmp_motion_driver.o(.bss)
    .bss                                     0x20000150   Section       96  libspace.o(.bss)
    HEAP                                     0x200001b0   Section      512  startup_stm32f103xb.o(HEAP)
    Heap_Mem                                 0x200001b0   Data         512  startup_stm32f103xb.o(HEAP)
    STACK                                    0x200003b0   Section     1024  startup_stm32f103xb.o(STACK)
    Stack_Mem                                0x200003b0   Data        1024  startup_stm32f103xb.o(STACK)
    __initial_sp                             0x200007b0   Data           0  startup_stm32f103xb.o(STACK)

    Global Symbols

    Symbol Name                              Value     Ov Type        Size  Object(Section)

    BuildAttributes$$THM_ISAv4$P$D$K$B$S$PE$A:L22UL41UL21$X:L11$S22US41US21$IEEE1$IW$USESV6$~STKCKD$USESV7$~SHL$OTIME$ROPI$IEEEX$EBA8$UX$STANDARDLIB$REQ8$PRES8$EABIv2 0x00000000   Number         0  anon$$obj.o ABSOLUTE
    __ARM_use_no_argv                        0x00000000   Number         0  main.o ABSOLUTE
    __ARM_exceptions_init                     - Undefined Weak Reference
    __alloca_initialize                       - Undefined Weak Reference
    __arm_preinit_                            - Undefined Weak Reference
    __cpp_initialize__aeabi_                  - Undefined Weak Reference
    __cxa_finalize                            - Undefined Weak Reference
    __rt_locale                               - Undefined Weak Reference
    __sigvec_lookup                           - Undefined Weak Reference
    _atexit_init                              - Undefined Weak Reference
    _call_atexit_fns                          - Undefined Weak Reference
    _clock_init                               - Undefined Weak Reference
    _fp_trap_init                             - Undefined Weak Reference
    _fp_trap_shutdown                         - Undefined Weak Reference
    _get_lc_collate                           - Undefined Weak Reference
    _get_lc_ctype                             - Undefined Weak Reference
    _get_lc_monetary                          - Undefined Weak Reference
    _get_lc_numeric                           - Undefined Weak Reference
    _get_lc_time                              - Undefined Weak Reference
    _getenv_init                              - Undefined Weak Reference
    _handle_redirection                       - Undefined Weak Reference
    _init_alloc                               - Undefined Weak Reference
    _init_user_alloc                          - Undefined Weak Reference
    _initio                                   - Undefined Weak Reference
    _rand_init                                - Undefined Weak Reference
    _signal_finish                            - Undefined Weak Reference
    _signal_init                              - Undefined Weak Reference
    _terminate_alloc                          - Undefined Weak Reference
    _terminate_user_alloc                     - Undefined Weak Reference
    _terminateio                              - Undefined Weak Reference
    __Vectors_Size                           0x000000ec   Number         0  startup_stm32f103xb.o ABSOLUTE
    __Vectors                                0x08000000   Data           4  startup_stm32f103xb.o(RESET)
    __Vectors_End                            0x080000ec   Data           0  startup_stm32f103xb.o(RESET)
    __main                                   0x080000ed   Thumb Code     8  __main.o(!!!main)
    __scatterload                            0x080000f5   Thumb Code     0  __scatter.o(!!!scatter)
    __scatterload_rt2                        0x080000f5   Thumb Code    44  __scatter.o(!!!scatter)
    __scatterload_rt2_thumb_only             0x080000f5   Thumb Code     0  __scatter.o(!!!scatter)
    __scatterload_null                       0x08000103   Thumb Code     0  __scatter.o(!!!scatter)
    __scatterload_copy                       0x08000129   Thumb Code    26  __scatter_copy.o(!!handler_copy)
    __scatterload_zeroinit                   0x08000145   Thumb Code    28  __scatter_zi.o(!!handler_zi)
    __rt_lib_init                            0x08000161   Thumb Code     0  libinit.o(.ARM.Collect$$libinit$$00000000)
    __rt_lib_init_alloca_1                   0x08000163   Thumb Code     0  libinit2.o(.ARM.Collect$$libinit$$0000002E)
    __rt_lib_init_argv_1                     0x08000163   Thumb Code     0  libinit2.o(.ARM.Collect$$libinit$$0000002C)
    __rt_lib_init_atexit_1                   0x08000163   Thumb Code     0  libinit2.o(.ARM.Collect$$libinit$$0000001B)
    __rt_lib_init_clock_1                    0x08000163   Thumb Code     0  libinit2.o(.ARM.Collect$$libinit$$00000021)
    __rt_lib_init_cpp_1                      0x08000163   Thumb Code     0  libinit2.o(.ARM.Collect$$libinit$$00000032)
    __rt_lib_init_exceptions_1               0x08000163   Thumb Code     0  libinit2.o(.ARM.Collect$$libinit$$00000030)
    __rt_lib_init_fp_1                       0x08000163   Thumb Code     0  libinit2.o(.ARM.Collect$$libinit$$00000002)
    __rt_lib_init_fp_trap_1                  0x08000163   Thumb Code     0  libinit2.o(.ARM.Collect$$libinit$$0000001F)
    __rt_lib_init_getenv_1                   0x08000163   Thumb Code     0  libinit2.o(.ARM.Collect$$libinit$$00000023)
    __rt_lib_init_heap_1                     0x08000163   Thumb Code     0  libinit2.o(.ARM.Collect$$libinit$$0000000A)
    __rt_lib_init_lc_collate_1               0x08000163   Thumb Code     0  libinit2.o(.ARM.Collect$$libinit$$00000011)
    __rt_lib_init_lc_ctype_1                 0x08000163   Thumb Code     0  libinit2.o(.ARM.Collect$$libinit$$00000013)
    __rt_lib_init_lc_monetary_1              0x08000163   Thumb Code     0  libinit2.o(.ARM.Collect$$libinit$$00000015)
    __rt_lib_init_lc_numeric_1               0x08000163   Thumb Code     0  libinit2.o(.ARM.Collect$$libinit$$00000017)
    __rt_lib_init_lc_time_1                  0x08000163   Thumb Code     0  libinit2.o(.ARM.Collect$$libinit$$00000019)
    __rt_lib_init_preinit_1                  0x08000163   Thumb Code     0  libinit2.o(.ARM.Collect$$libinit$$00000004)
    __rt_lib_init_rand_1                     0x08000163   Thumb Code     0  libinit2.o(.ARM.Collect$$libinit$$0000000E)
    __rt_lib_init_return                     0x08000163   Thumb Code     0  libinit2.o(.ARM.Collect$$libinit$$00000033)
    __rt_lib_init_signal_1                   0x08000163   Thumb Code     0  libinit2.o(.ARM.Collect$$libinit$$0000001D)
    __rt_lib_init_stdio_1                    0x08000163   Thumb Code     0  libinit2.o(.ARM.Collect$$libinit$$00000025)
    __rt_lib_init_user_alloc_1               0x08000163   Thumb Code     0  libinit2.o(.ARM.Collect$$libinit$$0000000C)
    __rt_lib_shutdown                        0x08000165   Thumb Code     0  libshutdown.o(.ARM.Collect$$libshutdown$$00000000)
    __rt_lib_shutdown_cpp_1                  0x08000167   Thumb Code     0  libshutdown2.o(.ARM.Collect$$libshutdown$$00000002)
    __rt_lib_shutdown_fp_trap_1              0x08000167   Thumb Code     0  libshutdown2.o(.ARM.Collect$$libshutdown$$00000007)
    __rt_lib_shutdown_heap_1                 0x08000167   Thumb Code     0  libshutdown2.o(.ARM.Collect$$libshutdown$$0000000F)
    __rt_lib_shutdown_return                 0x08000167   Thumb Code     0  libshutdown2.o(.ARM.Collect$$libshutdown$$00000010)
    __rt_lib_shutdown_signal_1               0x08000167   Thumb Code     0  libshutdown2.o(.ARM.Collect$$libshutdown$$0000000A)
    __rt_lib_shutdown_stdio_1                0x08000167   Thumb Code     0  libshutdown2.o(.ARM.Collect$$libshutdown$$00000004)
    __rt_lib_shutdown_user_alloc_1           0x08000167   Thumb Code     0  libshutdown2.o(.ARM.Collect$$libshutdown$$0000000C)
    __rt_entry                               0x08000169   Thumb Code     0  __rtentry.o(.ARM.Collect$$rtentry$$00000000)
    __rt_entry_presh_1                       0x08000169   Thumb Code     0  __rtentry2.o(.ARM.Collect$$rtentry$$00000002)
    __rt_entry_sh                            0x08000169   Thumb Code     0  __rtentry4.o(.ARM.Collect$$rtentry$$00000004)
    __rt_entry_li                            0x0800016f   Thumb Code     0  __rtentry2.o(.ARM.Collect$$rtentry$$0000000A)
    __rt_entry_postsh_1                      0x0800016f   Thumb Code     0  __rtentry2.o(.ARM.Collect$$rtentry$$00000009)
    __rt_entry_main                          0x08000173   Thumb Code     0  __rtentry2.o(.ARM.Collect$$rtentry$$0000000D)
    __rt_entry_postli_1                      0x08000173   Thumb Code     0  __rtentry2.o(.ARM.Collect$$rtentry$$0000000C)
    __rt_exit                                0x0800017b   Thumb Code     0  rtexit.o(.ARM.Collect$$rtexit$$00000000)
    __rt_exit_ls                             0x0800017d   Thumb Code     0  rtexit2.o(.ARM.Collect$$rtexit$$00000003)
    __rt_exit_prels_1                        0x0800017d   Thumb Code     0  rtexit2.o(.ARM.Collect$$rtexit$$00000002)
    __rt_exit_exit                           0x08000181   Thumb Code     0  rtexit2.o(.ARM.Collect$$rtexit$$00000004)
    Reset_Handler                            0x08000189   Thumb Code     8  startup_stm32f103xb.o(.text)
    ADC1_2_IRQHandler                        0x080001a3   Thumb Code     0  startup_stm32f103xb.o(.text)
    CAN1_RX1_IRQHandler                      0x080001a3   Thumb Code     0  startup_stm32f103xb.o(.text)
    CAN1_SCE_IRQHandler                      0x080001a3   Thumb Code     0  startup_stm32f103xb.o(.text)
    DMA1_Channel1_IRQHandler                 0x080001a3   Thumb Code     0  startup_stm32f103xb.o(.text)
    DMA1_Channel2_IRQHandler                 0x080001a3   Thumb Code     0  startup_stm32f103xb.o(.text)
    DMA1_Channel3_IRQHandler                 0x080001a3   Thumb Code     0  startup_stm32f103xb.o(.text)
    DMA1_Channel4_IRQHandler                 0x080001a3   Thumb Code     0  startup_stm32f103xb.o(.text)
    DMA1_Channel5_IRQHandler                 0x080001a3   Thumb Code     0  startup_stm32f103xb.o(.text)
    DMA1_Channel6_IRQHandler                 0x080001a3   Thumb Code     0  startup_stm32f103xb.o(.text)
    DMA1_Channel7_IRQHandler                 0x080001a3   Thumb Code     0  startup_stm32f103xb.o(.text)
    EXTI0_IRQHandler                         0x080001a3   Thumb Code     0  startup_stm32f103xb.o(.text)
    EXTI15_10_IRQHandler                     0x080001a3   Thumb Code     0  startup_stm32f103xb.o(.text)
    EXTI1_IRQHandler                         0x080001a3   Thumb Code     0  startup_stm32f103xb.o(.text)
    EXTI2_IRQHandler                         0x080001a3   Thumb Code     0  startup_stm32f103xb.o(.text)
    EXTI3_IRQHandler                         0x080001a3   Thumb Code     0  startup_stm32f103xb.o(.text)
    EXTI4_IRQHandler                         0x080001a3   Thumb Code     0  startup_stm32f103xb.o(.text)
    EXTI9_5_IRQHandler                       0x080001a3   Thumb Code     0  startup_stm32f103xb.o(.text)
    FLASH_IRQHandler                         0x080001a3   Thumb Code     0  startup_stm32f103xb.o(.text)
    I2C1_ER_IRQHandler                       0x080001a3   Thumb Code     0  startup_stm32f103xb.o(.text)
    I2C1_EV_IRQHandler                       0x080001a3   Thumb Code     0  startup_stm32f103xb.o(.text)
    I2C2_ER_IRQHandler                       0x080001a3   Thumb Code     0  startup_stm32f103xb.o(.text)
    I2C2_EV_IRQHandler                       0x080001a3   Thumb Code     0  startup_stm32f103xb.o(.text)
    PVD_IRQHandler                           0x080001a3   Thumb Code     0  startup_stm32f103xb.o(.text)
    RCC_IRQHandler                           0x080001a3   Thumb Code     0  startup_stm32f103xb.o(.text)
    RTC_Alarm_IRQHandler                     0x080001a3   Thumb Code     0  startup_stm32f103xb.o(.text)
    RTC_IRQHandler                           0x080001a3   Thumb Code     0  startup_stm32f103xb.o(.text)
    SPI1_IRQHandler                          0x080001a3   Thumb Code     0  startup_stm32f103xb.o(.text)
    SPI2_IRQHandler                          0x080001a3   Thumb Code     0  startup_stm32f103xb.o(.text)
    TAMPER_IRQHandler                        0x080001a3   Thumb Code     0  startup_stm32f103xb.o(.text)
    TIM1_BRK_IRQHandler                      0x080001a3   Thumb Code     0  startup_stm32f103xb.o(.text)
    TIM1_CC_IRQHandler                       0x080001a3   Thumb Code     0  startup_stm32f103xb.o(.text)
    TIM1_TRG_COM_IRQHandler                  0x080001a3   Thumb Code     0  startup_stm32f103xb.o(.text)
    TIM1_UP_IRQHandler                       0x080001a3   Thumb Code     0  startup_stm32f103xb.o(.text)
    TIM2_IRQHandler                          0x080001a3   Thumb Code     0  startup_stm32f103xb.o(.text)
    TIM3_IRQHandler                          0x080001a3   Thumb Code     0  startup_stm32f103xb.o(.text)
    TIM4_IRQHandler                          0x080001a3   Thumb Code     0  startup_stm32f103xb.o(.text)
    USART1_IRQHandler                        0x080001a3   Thumb Code     0  startup_stm32f103xb.o(.text)
    USART2_IRQHandler                        0x080001a3   Thumb Code     0  startup_stm32f103xb.o(.text)
    USBWakeUp_IRQHandler                     0x080001a3   Thumb Code     0  startup_stm32f103xb.o(.text)
    USB_HP_CAN1_TX_IRQHandler                0x080001a3   Thumb Code     0  startup_stm32f103xb.o(.text)
    USB_LP_CAN1_RX0_IRQHandler               0x080001a3   Thumb Code     0  startup_stm32f103xb.o(.text)
    WWDG_IRQHandler                          0x080001a3   Thumb Code     0  startup_stm32f103xb.o(.text)
    __user_initial_stackheap                 0x080001a5   Thumb Code     0  startup_stm32f103xb.o(.text)
    __aeabi_ldivmod                          0x080001c9   Thumb Code     0  llsdiv.o(.text)
    _ll_sdiv                                 0x080001c9   Thumb Code    72  llsdiv.o(.text)
    memcmp                                   0x08000211   Thumb Code    88  memcmp.o(.text)
    __aeabi_memset                           0x08000269   Thumb Code    16  aeabi_memset.o(.text)
    __aeabi_memclr4                          0x08000279   Thumb Code     0  rt_memclr_w.o(.text)
    __aeabi_memclr8                          0x08000279   Thumb Code     0  rt_memclr_w.o(.text)
    __rt_memclr_w                            0x08000279   Thumb Code    78  rt_memclr_w.o(.text)
    _memset_w                                0x0800027d   Thumb Code     0  rt_memclr_w.o(.text)
    __use_two_region_memory                  0x080002c7   Thumb Code     2  heapauxi.o(.text)
    __rt_heap_escrow$2region                 0x080002c9   Thumb Code     2  heapauxi.o(.text)
    __rt_heap_expand$2region                 0x080002cb   Thumb Code     2  heapauxi.o(.text)
    __aeabi_uldivmod                         0x080002cd   Thumb Code     0  lludivv7m.o(.text)
    _ll_udiv                                 0x080002cd   Thumb Code   238  lludivv7m.o(.text)
    __read_errno                             0x080003bb   Thumb Code    10  _rserrno.o(.text)
    __set_errno                              0x080003c5   Thumb Code    12  _rserrno.o(.text)
    __aeabi_memclr                           0x080003d1   Thumb Code     0  rt_memclr.o(.text)
    __rt_memclr                              0x080003d1   Thumb Code    68  rt_memclr.o(.text)
    _memset                                  0x080003d5   Thumb Code     0  rt_memclr.o(.text)
    __aeabi_errno_addr                       0x08000415   Thumb Code     8  rt_errno_addr_intlibspace.o(.text)
    __errno$intlibspace                      0x08000415   Thumb Code     0  rt_errno_addr_intlibspace.o(.text)
    __rt_errno_addr$intlibspace              0x08000415   Thumb Code     0  rt_errno_addr_intlibspace.o(.text)
    __user_libspace                          0x0800041d   Thumb Code     8  libspace.o(.text)
    __user_perproc_libspace                  0x0800041d   Thumb Code     0  libspace.o(.text)
    __user_perthread_libspace                0x0800041d   Thumb Code     0  libspace.o(.text)
    __user_setup_stackheap                   0x08000425   Thumb Code    74  sys_stackheap_outer.o(.text)
    exit                                     0x0800046f   Thumb Code    18  exit.o(.text)
    _sys_exit                                0x08000481   Thumb Code     8  sys_exit.o(.text)
    __I$use$semihosting                      0x0800048d   Thumb Code     0  use_no_semi.o(.text)
    __use_no_semihosting_swi                 0x0800048d   Thumb Code     2  use_no_semi.o(.text)
    BusFault_Handler                         0x0800048f   Thumb Code     4  stm32f1xx_it.o(i.BusFault_Handler)
    __semihosting_library_function           0x0800048f   Thumb Code     0  indicate_semi.o(.text)
    DebugMon_Handler                         0x08000493   Thumb Code     2  stm32f1xx_it.o(i.DebugMon_Handler)
    Error_Handler                            0x08000495   Thumb Code     6  main.o(i.Error_Handler)
    HAL_DMA_Abort                            0x0800049b   Thumb Code    86  stm32f1xx_hal_dma.o(i.HAL_DMA_Abort)
    HAL_DMA_Abort_IT                         0x080004f1   Thumb Code   172  stm32f1xx_hal_dma.o(i.HAL_DMA_Abort_IT)
    HAL_Delay                                0x080005a1   Thumb Code    36  stm32f1xx_hal.o(i.HAL_Delay)
    HAL_GPIO_Init                            0x080005c9   Thumb Code   766  stm32f1xx_hal_gpio.o(i.HAL_GPIO_Init)
    HAL_GPIO_ReadPin                         0x080008e9   Thumb Code    16  stm32f1xx_hal_gpio.o(i.HAL_GPIO_ReadPin)
    HAL_GPIO_WritePin                        0x080008f9   Thumb Code    12  stm32f1xx_hal_gpio.o(i.HAL_GPIO_WritePin)
    HAL_GetTick                              0x08000905   Thumb Code     6  stm32f1xx_hal.o(i.HAL_GetTick)
    HAL_I2C_Init                             0x08000911   Thumb Code   446  stm32f1xx_hal_i2c.o(i.HAL_I2C_Init)
    HAL_I2C_MspInit                          0x08000ae1   Thumb Code   124  i2c.o(i.HAL_I2C_MspInit)
    HAL_IncTick                              0x08000b6d   Thumb Code    16  stm32f1xx_hal.o(i.HAL_IncTick)
    HAL_Init                                 0x08000b85   Thumb Code    34  stm32f1xx_hal.o(i.HAL_Init)
    HAL_InitTick                             0x08000bad   Thumb Code    64  stm32f1xx_hal.o(i.HAL_InitTick)
    HAL_MspInit                              0x08000bf9   Thumb Code    76  stm32f1xx_hal_msp.o(i.HAL_MspInit)
    HAL_NVIC_EnableIRQ                       0x08000c4d   Thumb Code    32  stm32f1xx_hal_cortex.o(i.HAL_NVIC_EnableIRQ)
    HAL_NVIC_SetPriority                     0x08000c6d   Thumb Code   124  stm32f1xx_hal_cortex.o(i.HAL_NVIC_SetPriority)
    HAL_NVIC_SetPriorityGrouping             0x08000ce9   Thumb Code    32  stm32f1xx_hal_cortex.o(i.HAL_NVIC_SetPriorityGrouping)
    HAL_RCC_ClockConfig                      0x08000d11   Thumb Code   376  stm32f1xx_hal_rcc.o(i.HAL_RCC_ClockConfig)
    HAL_RCC_GetHCLKFreq                      0x08000e9d   Thumb Code     6  stm32f1xx_hal_rcc.o(i.HAL_RCC_GetHCLKFreq)
    HAL_RCC_GetPCLK1Freq                     0x08000ea9   Thumb Code    22  stm32f1xx_hal_rcc.o(i.HAL_RCC_GetPCLK1Freq)
    HAL_RCC_GetPCLK2Freq                     0x08000ec9   Thumb Code    22  stm32f1xx_hal_rcc.o(i.HAL_RCC_GetPCLK2Freq)
    HAL_RCC_GetSysClockFreq                  0x08000ee9   Thumb Code    92  stm32f1xx_hal_rcc.o(i.HAL_RCC_GetSysClockFreq)
    HAL_RCC_OscConfig                        0x08000f59   Thumb Code  1114  stm32f1xx_hal_rcc.o(i.HAL_RCC_OscConfig)
    HAL_SYSTICK_Config                       0x080013bd   Thumb Code    52  stm32f1xx_hal_cortex.o(i.HAL_SYSTICK_Config)
    HAL_TIMEx_ConfigBreakDeadTime            0x080013f1   Thumb Code   116  stm32f1xx_hal_tim_ex.o(i.HAL_TIMEx_ConfigBreakDeadTime)
    HAL_TIMEx_MasterConfigSynchronization    0x08001465   Thumb Code   118  stm32f1xx_hal_tim_ex.o(i.HAL_TIMEx_MasterConfigSynchronization)
    HAL_TIM_MspPostInit                      0x080014e9   Thumb Code    76  tim.o(i.HAL_TIM_MspPostInit)
    HAL_TIM_PWM_ConfigChannel                0x08001541   Thumb Code   260  stm32f1xx_hal_tim.o(i.HAL_TIM_PWM_ConfigChannel)
    HAL_TIM_PWM_Init                         0x08001645   Thumb Code   102  stm32f1xx_hal_tim.o(i.HAL_TIM_PWM_Init)
    HAL_TIM_PWM_MspInit                      0x080016ad   Thumb Code    40  tim.o(i.HAL_TIM_PWM_MspInit)
    HAL_TIM_PWM_Start                        0x080016dd   Thumb Code   198  stm32f1xx_hal_tim.o(i.HAL_TIM_PWM_Start)
    HAL_UARTEx_RxEventCallback               0x080017b1   Thumb Code     2  stm32f1xx_hal_uart.o(i.HAL_UARTEx_RxEventCallback)
    HAL_UART_ErrorCallback                   0x080017b3   Thumb Code     2  stm32f1xx_hal_uart.o(i.HAL_UART_ErrorCallback)
    HAL_UART_IRQHandler                      0x080017b5   Thumb Code   736  stm32f1xx_hal_uart.o(i.HAL_UART_IRQHandler)
    HAL_UART_Init                            0x08001a99   Thumb Code   118  stm32f1xx_hal_uart.o(i.HAL_UART_Init)
    HAL_UART_MspInit                         0x08001b11   Thumb Code   138  usart.o(i.HAL_UART_MspInit)
    HAL_UART_Receive_IT                      0x08001ba9   Thumb Code    44  stm32f1xx_hal_uart.o(i.HAL_UART_Receive_IT)
    HAL_UART_RxCpltCallback                  0x08001bd5   Thumb Code     2  stm32f1xx_hal_uart.o(i.HAL_UART_RxCpltCallback)
    HAL_UART_Transmit                        0x08001bd7   Thumb Code   178  stm32f1xx_hal_uart.o(i.HAL_UART_Transmit)
    HAL_UART_TxCpltCallback                  0x08001c89   Thumb Code     2  stm32f1xx_hal_uart.o(i.HAL_UART_TxCpltCallback)
    HardFault_Handler                        0x08001c8b   Thumb Code     4  stm32f1xx_it.o(i.HardFault_Handler)
    IIC_Ack                                  0x08001c91   Thumb Code    56  iic.o(i.IIC_Ack)
    IIC_GPIO_Init                            0x08001cdd   Thumb Code    60  iic.o(i.IIC_GPIO_Init)
    IIC_NAck                                 0x08001d21   Thumb Code    46  iic.o(i.IIC_NAck)
    IIC_Read_Byte                            0x08001d55   Thumb Code    80  iic.o(i.IIC_Read_Byte)
    IIC_Send_Byte                            0x08001da9   Thumb Code    96  iic.o(i.IIC_Send_Byte)
    IIC_Start                                0x08001e0d   Thumb Code    56  iic.o(i.IIC_Start)
    IIC_Stop                                 0x08001e49   Thumb Code    38  iic.o(i.IIC_Stop)
    IIC_Wait_Ack                             0x08001e75   Thumb Code    64  iic.o(i.IIC_Wait_Ack)
    JDY_31_Init                              0x08001eb9   Thumb Code    20  jdy_31.o(i.JDY_31_Init)
    JDY_31_contorl                           0x08001ecd   Thumb Code    68  jdy_31.o(i.JDY_31_contorl)
    MPU_Init                                 0x08001f15   Thumb Code   122  mpu6050.o(i.MPU_Init)
    MPU_Read_Byte                            0x08001f8f   Thumb Code    58  mpu6050.o(i.MPU_Read_Byte)
    MPU_Read_Len                             0x08001fc9   Thumb Code   116  mpu6050.o(i.MPU_Read_Len)
    MPU_Set_Accel_Fsr                        0x0800203d   Thumb Code    16  mpu6050.o(i.MPU_Set_Accel_Fsr)
    MPU_Set_Gyro_Fsr                         0x0800204d   Thumb Code    16  mpu6050.o(i.MPU_Set_Gyro_Fsr)
    MPU_Set_LPF                              0x0800205d   Thumb Code    58  mpu6050.o(i.MPU_Set_LPF)
    MPU_Set_Rate                             0x08002097   Thumb Code    58  mpu6050.o(i.MPU_Set_Rate)
    MPU_Write_Byte                           0x080020d1   Thumb Code    68  mpu6050.o(i.MPU_Write_Byte)
    MPU_Write_Len                            0x08002115   Thumb Code    96  mpu6050.o(i.MPU_Write_Len)
    MX_GPIO_Init                             0x08002175   Thumb Code   136  gpio.o(i.MX_GPIO_Init)
    MX_I2C1_Init                             0x08002205   Thumb Code    48  i2c.o(i.MX_I2C1_Init)
    MX_TIM1_Init                             0x08002241   Thumb Code   182  tim.o(i.MX_TIM1_Init)
    MX_USART3_UART_Init                      0x08002301   Thumb Code    46  usart.o(i.MX_USART3_UART_Init)
    MemManage_Handler                        0x08002339   Thumb Code     4  stm32f1xx_it.o(i.MemManage_Handler)
    Motor_Init                               0x0800233d   Thumb Code    24  motor.o(i.Motor_Init)
    NMI_Handler                              0x08002359   Thumb Code     4  stm32f1xx_it.o(i.NMI_Handler)
    PendSV_Handler                           0x0800235d   Thumb Code     2  stm32f1xx_it.o(i.PendSV_Handler)
    SVC_Handler                              0x08002389   Thumb Code     2  stm32f1xx_it.o(i.SVC_Handler)
    SysTick_Handler                          0x0800238b   Thumb Code     8  stm32f1xx_it.o(i.SysTick_Handler)
    SystemClock_Config                       0x08002393   Thumb Code   102  main.o(i.SystemClock_Config)
    SystemInit                               0x080023f9   Thumb Code     2  system_stm32f1xx.o(i.SystemInit)
    TIM_Base_SetConfig                       0x080023fd   Thumb Code   104  stm32f1xx_hal_tim.o(i.TIM_Base_SetConfig)
    TIM_CCxChannelCmd                        0x08002471   Thumb Code    34  stm32f1xx_hal_tim.o(i.TIM_CCxChannelCmd)
    TIM_OC2_SetConfig                        0x080024f5   Thumb Code   100  stm32f1xx_hal_tim.o(i.TIM_OC2_SetConfig)
    UART_Start_Receive_IT                    0x080028a5   Thumb Code    64  stm32f1xx_hal_uart.o(i.UART_Start_Receive_IT)
    USART3_IRQHandler                        0x080029d9   Thumb Code    32  stm32f1xx_it.o(i.USART3_IRQHandler)
    UsageFault_Handler                       0x08002a05   Thumb Code     4  stm32f1xx_it.o(i.UsageFault_Handler)
    __ARM_fpclassify                         0x08002a09   Thumb Code    40  fpclassify.o(i.__ARM_fpclassify)
    __kernel_poly                            0x08002a69   Thumb Code   170  poly.o(i.__kernel_poly)
    __mathlib_dbl_infnan                     0x08002b13   Thumb Code     6  dunder.o(i.__mathlib_dbl_infnan)
    __mathlib_dbl_infnan2                    0x08002b19   Thumb Code     4  dunder.o(i.__mathlib_dbl_infnan2)
    __mathlib_dbl_invalid                    0x08002b1d   Thumb Code    12  dunder.o(i.__mathlib_dbl_invalid)
    __mathlib_dbl_underflow                  0x08002b29   Thumb Code    10  dunder.o(i.__mathlib_dbl_underflow)
    asin                                     0x08002be1   Thumb Code   572  asin.o(i.asin)
    atan                                     0x08002e51   Thumb Code   474  atan.o(i.atan)
    atan2                                    0x08003071   Thumb Code   346  atan2.o(i.atan2)
    dmp_enable_6x_lp_quat                    0x08003255   Thumb Code    60  inv_mpu_dmp_motion_driver.o(i.dmp_enable_6x_lp_quat)
    dmp_enable_feature                       0x08003291   Thumb Code   530  inv_mpu_dmp_motion_driver.o(i.dmp_enable_feature)
    dmp_enable_gyro_cal                      0x080034ad   Thumb Code    62  inv_mpu_dmp_motion_driver.o(i.dmp_enable_gyro_cal)
    dmp_enable_lp_quat                       0x08003505   Thumb Code    60  inv_mpu_dmp_motion_driver.o(i.dmp_enable_lp_quat)
    dmp_load_motion_driver_firmware          0x08003541   Thumb Code    20  inv_mpu_dmp_motion_driver.o(i.dmp_load_motion_driver_firmware)
    dmp_read_fifo                            0x08003559   Thumb Code   456  inv_mpu_dmp_motion_driver.o(i.dmp_read_fifo)
    dmp_set_accel_bias                       0x08003725   Thumb Code   300  inv_mpu_dmp_motion_driver.o(i.dmp_set_accel_bias)
    dmp_set_fifo_rate                        0x08003855   Thumb Code    96  inv_mpu_dmp_motion_driver.o(i.dmp_set_fifo_rate)
    dmp_set_gyro_bias                        0x080038c5   Thumb Code   294  inv_mpu_dmp_motion_driver.o(i.dmp_set_gyro_bias)
    dmp_set_orientation                      0x080039f5   Thumb Code   290  inv_mpu_dmp_motion_driver.o(i.dmp_set_orientation)
    dmp_set_shake_reject_thresh              0x08003b2d   Thumb Code    56  inv_mpu_dmp_motion_driver.o(i.dmp_set_shake_reject_thresh)
    dmp_set_shake_reject_time                0x08003b65   Thumb Code    38  inv_mpu_dmp_motion_driver.o(i.dmp_set_shake_reject_time)
    dmp_set_shake_reject_timeout             0x08003b8b   Thumb Code    38  inv_mpu_dmp_motion_driver.o(i.dmp_set_shake_reject_timeout)
    dmp_set_tap_axes                         0x08003bb1   Thumb Code    70  inv_mpu_dmp_motion_driver.o(i.dmp_set_tap_axes)
    dmp_set_tap_count                        0x08003bf7   Thumb Code    38  inv_mpu_dmp_motion_driver.o(i.dmp_set_tap_count)
    dmp_set_tap_thresh                       0x08003c1d   Thumb Code   396  inv_mpu_dmp_motion_driver.o(i.dmp_set_tap_thresh)
    dmp_set_tap_time                         0x08003dbd   Thumb Code    38  inv_mpu_dmp_motion_driver.o(i.dmp_set_tap_time)
    dmp_set_tap_time_multi                   0x08003de3   Thumb Code    38  inv_mpu_dmp_motion_driver.o(i.dmp_set_tap_time_multi)
    go_back                                  0x0800432d   Thumb Code    12  motor.o(i.go_back)
    go_head                                  0x08004339   Thumb Code    12  motor.o(i.go_head)
    go_left                                  0x08004345   Thumb Code    12  motor.o(i.go_left)
    go_right                                 0x08004351   Thumb Code    12  motor.o(i.go_right)
    inv_orientation_matrix_to_scalar         0x0800446d   Thumb Code    40  inv_mpu.o(i.inv_orientation_matrix_to_scalar)
    inv_row_2_scale                          0x08004495   Thumb Code    78  inv_mpu.o(i.inv_row_2_scale)
    left_wheel_back                          0x080044e5   Thumb Code    26  motor.o(i.left_wheel_back)
    left_wheel_head                          0x0800450d   Thumb Code    26  motor.o(i.left_wheel_head)
    left_wheel_stop                          0x08004535   Thumb Code    14  motor.o(i.left_wheel_stop)
    main                                     0x0800454d   Thumb Code    90  main.o(i.main)
    mget_ms                                  0x080045c1   Thumb Code     2  inv_mpu.o(i.mget_ms)
    mpu_configure_fifo                       0x080045c5   Thumb Code   106  inv_mpu.o(i.mpu_configure_fifo)
    mpu_dmp_get_data                         0x08004635   Thumb Code   544  inv_mpu.o(i.mpu_dmp_get_data)
    mpu_dmp_init                             0x08004859   Thumb Code   154  inv_mpu.o(i.mpu_dmp_init)
    mpu_get_accel_fsr                        0x080048f9   Thumb Code    72  inv_mpu.o(i.mpu_get_accel_fsr)
    mpu_get_accel_sens                       0x08004945   Thumb Code    78  inv_mpu.o(i.mpu_get_accel_sens)
    mpu_get_fifo_config                      0x08004999   Thumb Code    12  inv_mpu.o(i.mpu_get_fifo_config)
    mpu_get_gyro_fsr                         0x080049a9   Thumb Code    64  inv_mpu.o(i.mpu_get_gyro_fsr)
    mpu_get_gyro_sens                        0x080049ed   Thumb Code    58  inv_mpu.o(i.mpu_get_gyro_sens)
    mpu_get_lpf                              0x08004a3d   Thumb Code    74  inv_mpu.o(i.mpu_get_lpf)
    mpu_get_sample_rate                      0x08004a8d   Thumb Code    26  inv_mpu.o(i.mpu_get_sample_rate)
    mpu_init                                 0x08004aad   Thumb Code   396  inv_mpu.o(i.mpu_init)
    mpu_load_firmware                        0x08004c3d   Thumb Code   180  inv_mpu.o(i.mpu_load_firmware)
    mpu_lp_accel_mode                        0x08004cf5   Thumb Code   218  inv_mpu.o(i.mpu_lp_accel_mode)
    mpu_read_fifo_stream                     0x08004dd5   Thumb Code   186  inv_mpu.o(i.mpu_read_fifo_stream)
    mpu_read_mem                             0x08004e95   Thumb Code   122  inv_mpu.o(i.mpu_read_mem)
    mpu_reset_fifo                           0x08004f15   Thumb Code   450  inv_mpu.o(i.mpu_reset_fifo)
    mpu_run_self_test                        0x080050dd   Thumb Code   278  inv_mpu.o(i.mpu_run_self_test)
    mpu_set_accel_fsr                        0x080051f9   Thumb Code   126  inv_mpu.o(i.mpu_set_accel_fsr)
    mpu_set_bypass                           0x0800527d   Thumb Code   328  inv_mpu.o(i.mpu_set_bypass)
    mpu_set_dmp_state                        0x080053c9   Thumb Code   138  inv_mpu.o(i.mpu_set_dmp_state)
    mpu_set_gyro_fsr                         0x08005459   Thumb Code   132  inv_mpu.o(i.mpu_set_gyro_fsr)
    mpu_set_int_latched                      0x080054e1   Thumb Code   102  inv_mpu.o(i.mpu_set_int_latched)
    mpu_set_lpf                              0x0800554d   Thumb Code   126  inv_mpu.o(i.mpu_set_lpf)
    mpu_set_sample_rate                      0x080055d1   Thumb Code   152  inv_mpu.o(i.mpu_set_sample_rate)
    mpu_set_sensors                          0x0800566d   Thumb Code   202  inv_mpu.o(i.mpu_set_sensors)
    mpu_write_mem                            0x0800573d   Thumb Code   122  inv_mpu.o(i.mpu_write_mem)
    right_wheel_back                         0x080057bd   Thumb Code    26  motor.o(i.right_wheel_back)
    right_wheel_head                         0x080057e5   Thumb Code    26  motor.o(i.right_wheel_head)
    right_wheel_stop                         0x0800580d   Thumb Code    14  motor.o(i.right_wheel_stop)
    run_self_test                            0x08005825   Thumb Code   148  inv_mpu.o(i.run_self_test)
    sqrt                                     0x08005949   Thumb Code    76  sqrt.o(i.sqrt)
    turn_left                                0x08005995   Thumb Code    12  motor.o(i.turn_left)
    turn_right                               0x080059a1   Thumb Code    12  motor.o(i.turn_right)
    wheel_stop                               0x080059ad   Thumb Code    26  motor.o(i.wheel_stop)
    __aeabi_d2f                              0x080059d1   Thumb Code     0  d2f.o(x$fpl$d2f)
    _d2f                                     0x080059d1   Thumb Code    98  d2f.o(x$fpl$d2f)
    __aeabi_dadd                             0x08005a35   Thumb Code     0  daddsub_clz.o(x$fpl$dadd)
    _dadd                                    0x08005a35   Thumb Code   332  daddsub_clz.o(x$fpl$dadd)
    __fpl_dcheck_NaN1                        0x08005b85   Thumb Code    10  dcheck1.o(x$fpl$dcheck1)
    __aeabi_ddiv                             0x08005b95   Thumb Code     0  ddiv.o(x$fpl$ddiv)
    _ddiv                                    0x08005b95   Thumb Code   552  ddiv.o(x$fpl$ddiv)
    __aeabi_dmul                             0x08005e45   Thumb Code     0  dmul.o(x$fpl$dmul)
    _dmul                                    0x08005e45   Thumb Code   332  dmul.o(x$fpl$dmul)
    __fpl_dnaninf                            0x08005f99   Thumb Code   156  dnaninf.o(x$fpl$dnaninf)
    __fpl_dretinf                            0x08006035   Thumb Code    12  dretinf.o(x$fpl$dretinf)
    __aeabi_drsub                            0x08006041   Thumb Code     0  daddsub_clz.o(x$fpl$drsb)
    _drsb                                    0x08006041   Thumb Code    22  daddsub_clz.o(x$fpl$drsb)
    _dsqrt                                   0x08006059   Thumb Code   456  dsqrt_noumaal.o(x$fpl$dsqrt)
    __aeabi_dsub                             0x08006225   Thumb Code     0  daddsub_clz.o(x$fpl$dsub)
    _dsub                                    0x08006225   Thumb Code   464  daddsub_clz.o(x$fpl$dsub)
    __aeabi_f2d                              0x080063f9   Thumb Code     0  f2d.o(x$fpl$f2d)
    _f2d                                     0x080063f9   Thumb Code    86  f2d.o(x$fpl$f2d)
    __aeabi_fadd                             0x08006451   Thumb Code     0  faddsub_clz.o(x$fpl$fadd)
    _fadd                                    0x08006451   Thumb Code   196  faddsub_clz.o(x$fpl$fadd)
    __fpl_fcmp_Inf                           0x08006515   Thumb Code    24  fcmpi.o(x$fpl$fcmpinf)
    __aeabi_fdiv                             0x0800652d   Thumb Code     0  fdiv.o(x$fpl$fdiv)
    _fdiv                                    0x0800652d   Thumb Code   384  fdiv.o(x$fpl$fdiv)
    __aeabi_cfcmpeq                          0x080066b1   Thumb Code     0  feqf.o(x$fpl$feqf)
    _fcmpeq                                  0x080066b1   Thumb Code   104  feqf.o(x$fpl$feqf)
    __aeabi_f2iz                             0x08006719   Thumb Code     0  ffix.o(x$fpl$ffix)
    _ffix                                    0x08006719   Thumb Code    54  ffix.o(x$fpl$ffix)
    __aeabi_f2uiz                            0x08006751   Thumb Code     0  ffixu.o(x$fpl$ffixu)
    _ffixu                                   0x08006751   Thumb Code    62  ffixu.o(x$fpl$ffixu)
    __aeabi_i2f                              0x08006791   Thumb Code     0  fflt_clz.o(x$fpl$fflt)
    _fflt                                    0x08006791   Thumb Code    48  fflt_clz.o(x$fpl$fflt)
    __aeabi_ui2f                             0x080067c1   Thumb Code     0  fflt_clz.o(x$fpl$ffltu)
    _ffltu                                   0x080067c1   Thumb Code    38  fflt_clz.o(x$fpl$ffltu)
    __aeabi_cfcmple                          0x080067e9   Thumb Code     0  fleqf.o(x$fpl$fleqf)
    _fcmple                                  0x080067e9   Thumb Code   104  fleqf.o(x$fpl$fleqf)
    __fpl_fcmple_InfNaN                      0x0800683b   Thumb Code     0  fleqf.o(x$fpl$fleqf)
    __aeabi_fmul                             0x08006851   Thumb Code     0  fmul.o(x$fpl$fmul)
    _fmul                                    0x08006851   Thumb Code   258  fmul.o(x$fpl$fmul)
    __fpl_fnaninf                            0x08006953   Thumb Code   140  fnaninf.o(x$fpl$fnaninf)
    __fpl_fretinf                            0x080069df   Thumb Code    10  fretinf.o(x$fpl$fretinf)
    __aeabi_cfrcmple                         0x080069e9   Thumb Code     0  frleqf.o(x$fpl$frleqf)
    _frcmple                                 0x080069e9   Thumb Code    98  frleqf.o(x$fpl$frleqf)
    __aeabi_fsub                             0x08006a4d   Thumb Code     0  faddsub_clz.o(x$fpl$fsub)
    _fsub                                    0x08006a4d   Thumb Code   234  faddsub_clz.o(x$fpl$fsub)
    __fpl_return_NaN                         0x08006b37   Thumb Code   100  retnan.o(x$fpl$retnan)
    __ARM_scalbn                             0x08006b9b   Thumb Code    92  scalbn.o(x$fpl$scalbn)
    __fpl_cmpreturn                          0x08006bf7   Thumb Code    48  trapv.o(x$fpl$trapveneer)
    __I$use$fp                               0x08006c26   Number         0  usenofp.o(x$fpl$usenofp)
    AHBPrescTable                            0x08006c38   Data          16  system_stm32f1xx.o(.constdata)
    APBPrescTable                            0x08006c48   Data           8  system_stm32f1xx.o(.constdata)
    reg                                      0x08006c50   Data          27  inv_mpu.o(.constdata)
    hw                                       0x08006c6c   Data          12  inv_mpu.o(.constdata)
    test                                     0x08006c78   Data          40  inv_mpu.o(.constdata)
    __mathlib_zero                           0x08007980   Data           8  qnan.o(.constdata)
    Region$$Table$$Base                      0x08007988   Number         0  anon$$obj.o(Region$$Table)
    Region$$Table$$Limit                     0x080079a8   Number         0  anon$$obj.o(Region$$Table)
    tx_data                                  0x20000000   Data           2  main.o(.data)
    pitch                                    0x20000004   Data           4  main.o(.data)
    roll                                     0x20000008   Data           4  main.o(.data)
    yaw                                      0x2000000c   Data           4  main.o(.data)
    step                                     0x20000010   Data           1  main.o(.data)
    rx_data                                  0x20000011   Data           2  stm32f1xx_it.o(.data)
    rx_num                                   0x20000013   Data           1  stm32f1xx_it.o(.data)
    uwTick                                   0x20000014   Data           4  stm32f1xx_hal.o(.data)
    uwTickPrio                               0x20000018   Data           4  stm32f1xx_hal.o(.data)
    uwTickFreq                               0x2000001c   Data           1  stm32f1xx_hal.o(.data)
    SystemCoreClock                          0x20000020   Data           4  system_stm32f1xx.o(.data)
    hi2c1                                    0x2000005c   Data          84  i2c.o(.bss)
    htim1                                    0x200000b0   Data          72  tim.o(.bss)
    huart3                                   0x200000f8   Data          72  usart.o(.bss)
    __libspace_start                         0x20000150   Data          96  libspace.o(.bss)
    __temporary_stack_top$libspace           0x200001b0   Data           0  libspace.o(.bss)



==============================================================================

Memory Map of the image

  Image Entry point : 0x080000ed

  Load Region LR_IROM1 (Base: 0x08000000, Size: 0x00007a04, Max: 0x00010000, ABSOLUTE)

    Execution Region ER_IROM1 (Exec base: 0x08000000, Load base: 0x08000000, Size: 0x000079a8, Max: 0x00010000, ABSOLUTE)

    Exec Addr    Load Addr    Size         Type   Attr      Idx    E Section Name        Object

    0x08000000   0x08000000   0x000000ec   Data   RO            3    RESET               startup_stm32f103xb.o
    0x080000ec   0x080000ec   0x00000008   Code   RO         4416  * !!!main             c_w.l(__main.o)
    0x080000f4   0x080000f4   0x00000034   Code   RO         4728    !!!scatter          c_w.l(__scatter.o)
    0x08000128   0x08000128   0x0000001a   Code   RO         4730    !!handler_copy      c_w.l(__scatter_copy.o)
    0x08000142   0x08000142   0x00000002   PAD
    0x08000144   0x08000144   0x0000001c   Code   RO         4732    !!handler_zi        c_w.l(__scatter_zi.o)
    0x08000160   0x08000160   0x00000002   Code   RO         4591    .ARM.Collect$$libinit$$00000000  c_w.l(libinit.o)
    0x08000162   0x08000162   0x00000000   Code   RO         4603    .ARM.Collect$$libinit$$00000002  c_w.l(libinit2.o)
    0x08000162   0x08000162   0x00000000   Code   RO         4605    .ARM.Collect$$libinit$$00000004  c_w.l(libinit2.o)
    0x08000162   0x08000162   0x00000000   Code   RO         4608    .ARM.Collect$$libinit$$0000000A  c_w.l(libinit2.o)
    0x08000162   0x08000162   0x00000000   Code   RO         4610    .ARM.Collect$$libinit$$0000000C  c_w.l(libinit2.o)
    0x08000162   0x08000162   0x00000000   Code   RO         4612    .ARM.Collect$$libinit$$0000000E  c_w.l(libinit2.o)
    0x08000162   0x08000162   0x00000000   Code   RO         4615    .ARM.Collect$$libinit$$00000011  c_w.l(libinit2.o)
    0x08000162   0x08000162   0x00000000   Code   RO         4617    .ARM.Collect$$libinit$$00000013  c_w.l(libinit2.o)
    0x08000162   0x08000162   0x00000000   Code   RO         4619    .ARM.Collect$$libinit$$00000015  c_w.l(libinit2.o)
    0x08000162   0x08000162   0x00000000   Code   RO         4621    .ARM.Collect$$libinit$$00000017  c_w.l(libinit2.o)
    0x08000162   0x08000162   0x00000000   Code   RO         4623    .ARM.Collect$$libinit$$00000019  c_w.l(libinit2.o)
    0x08000162   0x08000162   0x00000000   Code   RO         4625    .ARM.Collect$$libinit$$0000001B  c_w.l(libinit2.o)
    0x08000162   0x08000162   0x00000000   Code   RO         4627    .ARM.Collect$$libinit$$0000001D  c_w.l(libinit2.o)
    0x08000162   0x08000162   0x00000000   Code   RO         4629    .ARM.Collect$$libinit$$0000001F  c_w.l(libinit2.o)
    0x08000162   0x08000162   0x00000000   Code   RO         4631    .ARM.Collect$$libinit$$00000021  c_w.l(libinit2.o)
    0x08000162   0x08000162   0x00000000   Code   RO         4633    .ARM.Collect$$libinit$$00000023  c_w.l(libinit2.o)
    0x08000162   0x08000162   0x00000000   Code   RO         4635    .ARM.Collect$$libinit$$00000025  c_w.l(libinit2.o)
    0x08000162   0x08000162   0x00000000   Code   RO         4639    .ARM.Collect$$libinit$$0000002C  c_w.l(libinit2.o)
    0x08000162   0x08000162   0x00000000   Code   RO         4641    .ARM.Collect$$libinit$$0000002E  c_w.l(libinit2.o)
    0x08000162   0x08000162   0x00000000   Code   RO         4643    .ARM.Collect$$libinit$$00000030  c_w.l(libinit2.o)
    0x08000162   0x08000162   0x00000000   Code   RO         4645    .ARM.Collect$$libinit$$00000032  c_w.l(libinit2.o)
    0x08000162   0x08000162   0x00000002   Code   RO         4646    .ARM.Collect$$libinit$$00000033  c_w.l(libinit2.o)
    0x08000164   0x08000164   0x00000002   Code   RO         4678    .ARM.Collect$$libshutdown$$00000000  c_w.l(libshutdown.o)
    0x08000166   0x08000166   0x00000000   Code   RO         4695    .ARM.Collect$$libshutdown$$00000002  c_w.l(libshutdown2.o)
    0x08000166   0x08000166   0x00000000   Code   RO         4697    .ARM.Collect$$libshutdown$$00000004  c_w.l(libshutdown2.o)
    0x08000166   0x08000166   0x00000000   Code   RO         4700    .ARM.Collect$$libshutdown$$00000007  c_w.l(libshutdown2.o)
    0x08000166   0x08000166   0x00000000   Code   RO         4703    .ARM.Collect$$libshutdown$$0000000A  c_w.l(libshutdown2.o)
    0x08000166   0x08000166   0x00000000   Code   RO         4705    .ARM.Collect$$libshutdown$$0000000C  c_w.l(libshutdown2.o)
    0x08000166   0x08000166   0x00000000   Code   RO         4708    .ARM.Collect$$libshutdown$$0000000F  c_w.l(libshutdown2.o)
    0x08000166   0x08000166   0x00000002   Code   RO         4709    .ARM.Collect$$libshutdown$$00000010  c_w.l(libshutdown2.o)
    0x08000168   0x08000168   0x00000000   Code   RO         4490    .ARM.Collect$$rtentry$$00000000  c_w.l(__rtentry.o)
    0x08000168   0x08000168   0x00000000   Code   RO         4548    .ARM.Collect$$rtentry$$00000002  c_w.l(__rtentry2.o)
    0x08000168   0x08000168   0x00000006   Code   RO         4560    .ARM.Collect$$rtentry$$00000004  c_w.l(__rtentry4.o)
    0x0800016e   0x0800016e   0x00000000   Code   RO         4550    .ARM.Collect$$rtentry$$00000009  c_w.l(__rtentry2.o)
    0x0800016e   0x0800016e   0x00000004   Code   RO         4551    .ARM.Collect$$rtentry$$0000000A  c_w.l(__rtentry2.o)
    0x08000172   0x08000172   0x00000000   Code   RO         4553    .ARM.Collect$$rtentry$$0000000C  c_w.l(__rtentry2.o)
    0x08000172   0x08000172   0x00000008   Code   RO         4554    .ARM.Collect$$rtentry$$0000000D  c_w.l(__rtentry2.o)
    0x0800017a   0x0800017a   0x00000002   Code   RO         4596    .ARM.Collect$$rtexit$$00000000  c_w.l(rtexit.o)
    0x0800017c   0x0800017c   0x00000000   Code   RO         4650    .ARM.Collect$$rtexit$$00000002  c_w.l(rtexit2.o)
    0x0800017c   0x0800017c   0x00000004   Code   RO         4651    .ARM.Collect$$rtexit$$00000003  c_w.l(rtexit2.o)
    0x08000180   0x08000180   0x00000006   Code   RO         4652    .ARM.Collect$$rtexit$$00000004  c_w.l(rtexit2.o)
    0x08000186   0x08000186   0x00000002   PAD
    0x08000188   0x08000188   0x00000040   Code   RO            4    .text               startup_stm32f103xb.o
    0x080001c8   0x080001c8   0x00000048   Code   RO         4406    .text               c_w.l(llsdiv.o)
    0x08000210   0x08000210   0x00000058   Code   RO         4408    .text               c_w.l(memcmp.o)
    0x08000268   0x08000268   0x00000010   Code   RO         4410    .text               c_w.l(aeabi_memset.o)
    0x08000278   0x08000278   0x0000004e   Code   RO         4412    .text               c_w.l(rt_memclr_w.o)
    0x080002c6   0x080002c6   0x00000006   Code   RO         4414    .text               c_w.l(heapauxi.o)
    0x080002cc   0x080002cc   0x000000ee   Code   RO         4491    .text               c_w.l(lludivv7m.o)
    0x080003ba   0x080003ba   0x00000016   Code   RO         4493    .text               c_w.l(_rserrno.o)
    0x080003d0   0x080003d0   0x00000044   Code   RO         4495    .text               c_w.l(rt_memclr.o)
    0x08000414   0x08000414   0x00000008   Code   RO         4569    .text               c_w.l(rt_errno_addr_intlibspace.o)
    0x0800041c   0x0800041c   0x00000008   Code   RO         4577    .text               c_w.l(libspace.o)
    0x08000424   0x08000424   0x0000004a   Code   RO         4580    .text               c_w.l(sys_stackheap_outer.o)
    0x0800046e   0x0800046e   0x00000012   Code   RO         4584    .text               c_w.l(exit.o)
    0x08000480   0x08000480   0x0000000c   Code   RO         4666    .text               c_w.l(sys_exit.o)
    0x0800048c   0x0800048c   0x00000002   Code   RO         4683    .text               c_w.l(use_no_semi.o)
    0x0800048e   0x0800048e   0x00000000   Code   RO         4685    .text               c_w.l(indicate_semi.o)
    0x0800048e   0x0800048e   0x00000004   Code   RO          346    i.BusFault_Handler  stm32f1xx_it.o
    0x08000492   0x08000492   0x00000002   Code   RO          347    i.DebugMon_Handler  stm32f1xx_it.o
    0x08000494   0x08000494   0x00000006   Code   RO           13    i.Error_Handler     main.o
    0x0800049a   0x0800049a   0x00000056   Code   RO         1353    i.HAL_DMA_Abort     stm32f1xx_hal_dma.o
    0x080004f0   0x080004f0   0x000000b0   Code   RO         1354    i.HAL_DMA_Abort_IT  stm32f1xx_hal_dma.o
    0x080005a0   0x080005a0   0x00000028   Code   RO          974    i.HAL_Delay         stm32f1xx_hal.o
    0x080005c8   0x080005c8   0x00000320   Code   RO         1289    i.HAL_GPIO_Init     stm32f1xx_hal_gpio.o
    0x080008e8   0x080008e8   0x00000010   Code   RO         1291    i.HAL_GPIO_ReadPin  stm32f1xx_hal_gpio.o
    0x080008f8   0x080008f8   0x0000000c   Code   RO         1293    i.HAL_GPIO_WritePin  stm32f1xx_hal_gpio.o
    0x08000904   0x08000904   0x0000000c   Code   RO          978    i.HAL_GetTick       stm32f1xx_hal.o
    0x08000910   0x08000910   0x000001d0   Code   RO          501    i.HAL_I2C_Init      stm32f1xx_hal_i2c.o
    0x08000ae0   0x08000ae0   0x0000008c   Code   RO          215    i.HAL_I2C_MspInit   i2c.o
    0x08000b6c   0x08000b6c   0x00000018   Code   RO          984    i.HAL_IncTick       stm32f1xx_hal.o
    0x08000b84   0x08000b84   0x00000028   Code   RO          985    i.HAL_Init          stm32f1xx_hal.o
    0x08000bac   0x08000bac   0x0000004c   Code   RO          986    i.HAL_InitTick      stm32f1xx_hal.o
    0x08000bf8   0x08000bf8   0x00000054   Code   RO          430    i.HAL_MspInit       stm32f1xx_hal_msp.o
    0x08000c4c   0x08000c4c   0x00000020   Code   RO         1449    i.HAL_NVIC_EnableIRQ  stm32f1xx_hal_cortex.o
    0x08000c6c   0x08000c6c   0x0000007c   Code   RO         1455    i.HAL_NVIC_SetPriority  stm32f1xx_hal_cortex.o
    0x08000ce8   0x08000ce8   0x00000028   Code   RO         1456    i.HAL_NVIC_SetPriorityGrouping  stm32f1xx_hal_cortex.o
    0x08000d10   0x08000d10   0x0000018c   Code   RO         1142    i.HAL_RCC_ClockConfig  stm32f1xx_hal_rcc.o
    0x08000e9c   0x08000e9c   0x0000000c   Code   RO         1147    i.HAL_RCC_GetHCLKFreq  stm32f1xx_hal_rcc.o
    0x08000ea8   0x08000ea8   0x00000020   Code   RO         1149    i.HAL_RCC_GetPCLK1Freq  stm32f1xx_hal_rcc.o
    0x08000ec8   0x08000ec8   0x00000020   Code   RO         1150    i.HAL_RCC_GetPCLK2Freq  stm32f1xx_hal_rcc.o
    0x08000ee8   0x08000ee8   0x00000070   Code   RO         1151    i.HAL_RCC_GetSysClockFreq  stm32f1xx_hal_rcc.o
    0x08000f58   0x08000f58   0x00000464   Code   RO         1154    i.HAL_RCC_OscConfig  stm32f1xx_hal_rcc.o
    0x080013bc   0x080013bc   0x00000034   Code   RO         1460    i.HAL_SYSTICK_Config  stm32f1xx_hal_cortex.o
    0x080013f0   0x080013f0   0x00000074   Code   RO         2695    i.HAL_TIMEx_ConfigBreakDeadTime  stm32f1xx_hal_tim_ex.o
    0x08001464   0x08001464   0x00000084   Code   RO         2711    i.HAL_TIMEx_MasterConfigSynchronization  stm32f1xx_hal_tim_ex.o
    0x080014e8   0x080014e8   0x00000058   Code   RO          256    i.HAL_TIM_MspPostInit  tim.o
    0x08001540   0x08001540   0x00000104   Code   RO         2049    i.HAL_TIM_PWM_ConfigChannel  stm32f1xx_hal_tim.o
    0x08001644   0x08001644   0x00000066   Code   RO         2052    i.HAL_TIM_PWM_Init  stm32f1xx_hal_tim.o
    0x080016aa   0x080016aa   0x00000002   PAD
    0x080016ac   0x080016ac   0x00000030   Code   RO          258    i.HAL_TIM_PWM_MspInit  tim.o
    0x080016dc   0x080016dc   0x000000d4   Code   RO         2057    i.HAL_TIM_PWM_Start  stm32f1xx_hal_tim.o
    0x080017b0   0x080017b0   0x00000002   Code   RO         2971    i.HAL_UARTEx_RxEventCallback  stm32f1xx_hal_uart.o
    0x080017b2   0x080017b2   0x00000002   Code   RO         2985    i.HAL_UART_ErrorCallback  stm32f1xx_hal_uart.o
    0x080017b4   0x080017b4   0x000002e4   Code   RO         2988    i.HAL_UART_IRQHandler  stm32f1xx_hal_uart.o
    0x08001a98   0x08001a98   0x00000076   Code   RO         2989    i.HAL_UART_Init     stm32f1xx_hal_uart.o
    0x08001b0e   0x08001b0e   0x00000002   PAD
    0x08001b10   0x08001b10   0x00000098   Code   RO          305    i.HAL_UART_MspInit  usart.o
    0x08001ba8   0x08001ba8   0x0000002c   Code   RO         2994    i.HAL_UART_Receive_IT  stm32f1xx_hal_uart.o
    0x08001bd4   0x08001bd4   0x00000002   Code   RO         2995    i.HAL_UART_RxCpltCallback  stm32f1xx_hal_uart.o
    0x08001bd6   0x08001bd6   0x000000b2   Code   RO         2997    i.HAL_UART_Transmit  stm32f1xx_hal_uart.o
    0x08001c88   0x08001c88   0x00000002   Code   RO         3000    i.HAL_UART_TxCpltCallback  stm32f1xx_hal_uart.o
    0x08001c8a   0x08001c8a   0x00000004   Code   RO          348    i.HardFault_Handler  stm32f1xx_it.o
    0x08001c8e   0x08001c8e   0x00000002   PAD
    0x08001c90   0x08001c90   0x0000003c   Code   RO         3564    i.IIC_Ack           iic.o
    0x08001ccc   0x08001ccc   0x0000000e   Code   RO         3566    i.IIC_Delay         iic.o
    0x08001cda   0x08001cda   0x00000002   PAD
    0x08001cdc   0x08001cdc   0x00000044   Code   RO         3567    i.IIC_GPIO_Init     iic.o
    0x08001d20   0x08001d20   0x00000034   Code   RO         3568    i.IIC_NAck          iic.o
    0x08001d54   0x08001d54   0x00000054   Code   RO         3569    i.IIC_Read_Byte     iic.o
    0x08001da8   0x08001da8   0x00000064   Code   RO         3570    i.IIC_Send_Byte     iic.o
    0x08001e0c   0x08001e0c   0x0000003c   Code   RO         3571    i.IIC_Start         iic.o
    0x08001e48   0x08001e48   0x0000002c   Code   RO         3572    i.IIC_Stop          iic.o
    0x08001e74   0x08001e74   0x00000044   Code   RO         3573    i.IIC_Wait_Ack      iic.o
    0x08001eb8   0x08001eb8   0x00000014   Code   RO         3530    i.JDY_31_Init       jdy_31.o
    0x08001ecc   0x08001ecc   0x00000048   Code   RO         3531    i.JDY_31_contorl    jdy_31.o
    0x08001f14   0x08001f14   0x0000007a   Code   RO         4206    i.MPU_Init          mpu6050.o
    0x08001f8e   0x08001f8e   0x0000003a   Code   RO         4207    i.MPU_Read_Byte     mpu6050.o
    0x08001fc8   0x08001fc8   0x00000074   Code   RO         4208    i.MPU_Read_Len      mpu6050.o
    0x0800203c   0x0800203c   0x00000010   Code   RO         4209    i.MPU_Set_Accel_Fsr  mpu6050.o
    0x0800204c   0x0800204c   0x00000010   Code   RO         4210    i.MPU_Set_Gyro_Fsr  mpu6050.o
    0x0800205c   0x0800205c   0x0000003a   Code   RO         4211    i.MPU_Set_LPF       mpu6050.o
    0x08002096   0x08002096   0x0000003a   Code   RO         4212    i.MPU_Set_Rate      mpu6050.o
    0x080020d0   0x080020d0   0x00000044   Code   RO         4213    i.MPU_Write_Byte    mpu6050.o
    0x08002114   0x08002114   0x00000060   Code   RO         4214    i.MPU_Write_Len     mpu6050.o
    0x08002174   0x08002174   0x00000090   Code   RO          190    i.MX_GPIO_Init      gpio.o
    0x08002204   0x08002204   0x0000003c   Code   RO          216    i.MX_I2C1_Init      i2c.o
    0x08002240   0x08002240   0x000000c0   Code   RO          259    i.MX_TIM1_Init      tim.o
    0x08002300   0x08002300   0x00000038   Code   RO          306    i.MX_USART3_UART_Init  usart.o
    0x08002338   0x08002338   0x00000004   Code   RO          349    i.MemManage_Handler  stm32f1xx_it.o
    0x0800233c   0x0800233c   0x0000001c   Code   RO         3369    i.Motor_Init        motor.o
    0x08002358   0x08002358   0x00000004   Code   RO          350    i.NMI_Handler       stm32f1xx_it.o
    0x0800235c   0x0800235c   0x00000002   Code   RO          351    i.PendSV_Handler    stm32f1xx_it.o
    0x0800235e   0x0800235e   0x00000002   PAD
    0x08002360   0x08002360   0x00000028   Code   RO         1155    i.RCC_Delay         stm32f1xx_hal_rcc.o
    0x08002388   0x08002388   0x00000002   Code   RO          352    i.SVC_Handler       stm32f1xx_it.o
    0x0800238a   0x0800238a   0x00000008   Code   RO          353    i.SysTick_Handler   stm32f1xx_it.o
    0x08002392   0x08002392   0x00000066   Code   RO           14    i.SystemClock_Config  main.o
    0x080023f8   0x080023f8   0x00000002   Code   RO         3333    i.SystemInit        system_stm32f1xx.o
    0x080023fa   0x080023fa   0x00000002   PAD
    0x080023fc   0x080023fc   0x00000074   Code   RO         2070    i.TIM_Base_SetConfig  stm32f1xx_hal_tim.o
    0x08002470   0x08002470   0x00000022   Code   RO         2071    i.TIM_CCxChannelCmd  stm32f1xx_hal_tim.o
    0x08002492   0x08002492   0x00000002   PAD
    0x08002494   0x08002494   0x00000060   Code   RO         2083    i.TIM_OC1_SetConfig  stm32f1xx_hal_tim.o
    0x080024f4   0x080024f4   0x00000068   Code   RO         2084    i.TIM_OC2_SetConfig  stm32f1xx_hal_tim.o
    0x0800255c   0x0800255c   0x00000068   Code   RO         2085    i.TIM_OC3_SetConfig  stm32f1xx_hal_tim.o
    0x080025c4   0x080025c4   0x00000048   Code   RO         2086    i.TIM_OC4_SetConfig  stm32f1xx_hal_tim.o
    0x0800260c   0x0800260c   0x00000014   Code   RO         3002    i.UART_DMAAbortOnError  stm32f1xx_hal_uart.o
    0x08002620   0x08002620   0x0000006c   Code   RO         3012    i.UART_EndRxTransfer  stm32f1xx_hal_uart.o
    0x0800268c   0x0800268c   0x00000020   Code   RO         3013    i.UART_EndTransmit_IT  stm32f1xx_hal_uart.o
    0x080026ac   0x080026ac   0x000000fc   Code   RO         3015    i.UART_Receive_IT   stm32f1xx_hal_uart.o
    0x080027a8   0x080027a8   0x000000fc   Code   RO         3016    i.UART_SetConfig    stm32f1xx_hal_uart.o
    0x080028a4   0x080028a4   0x00000040   Code   RO         3018    i.UART_Start_Receive_IT  stm32f1xx_hal_uart.o
    0x080028e4   0x080028e4   0x00000060   Code   RO         3019    i.UART_Transmit_IT  stm32f1xx_hal_uart.o
    0x08002944   0x08002944   0x00000092   Code   RO         3020    i.UART_WaitOnFlagUntilTimeout  stm32f1xx_hal_uart.o
    0x080029d6   0x080029d6   0x00000002   PAD
    0x080029d8   0x080029d8   0x0000002c   Code   RO          354    i.USART3_IRQHandler  stm32f1xx_it.o
    0x08002a04   0x08002a04   0x00000004   Code   RO          355    i.UsageFault_Handler  stm32f1xx_it.o
    0x08002a08   0x08002a08   0x00000028   Code   RO         4534    i.__ARM_fpclassify  m_ws.l(fpclassify.o)
    0x08002a30   0x08002a30   0x00000010   Code   RO         1462    i.__NVIC_GetPriorityGrouping  stm32f1xx_hal_cortex.o
    0x08002a40   0x08002a40   0x00000028   Code   RO         1463    i.__NVIC_SetPriority  stm32f1xx_hal_cortex.o
    0x08002a68   0x08002a68   0x000000aa   Code   RO         4536    i.__kernel_poly     m_ws.l(poly.o)
    0x08002b12   0x08002b12   0x00000006   Code   RO         4521    i.__mathlib_dbl_infnan  m_ws.l(dunder.o)
    0x08002b18   0x08002b18   0x00000004   Code   RO         4522    i.__mathlib_dbl_infnan2  m_ws.l(dunder.o)
    0x08002b1c   0x08002b1c   0x0000000c   Code   RO         4523    i.__mathlib_dbl_invalid  m_ws.l(dunder.o)
    0x08002b28   0x08002b28   0x00000010   Code   RO         4526    i.__mathlib_dbl_underflow  m_ws.l(dunder.o)
    0x08002b38   0x08002b38   0x000000a8   Code   RO         3644    i.accel_self_test   inv_mpu.o
    0x08002be0   0x08002be0   0x00000270   Code   RO         4473    i.asin              m_ws.l(asin.o)
    0x08002e50   0x08002e50   0x00000220   Code   RO         4511    i.atan              m_ws.l(atan.o)
    0x08003070   0x08003070   0x00000180   Code   RO         4483    i.atan2             m_ws.l(atan2.o)
    0x080031f0   0x080031f0   0x00000064   Code   RO         4005    i.decode_gesture    inv_mpu_dmp_motion_driver.o
    0x08003254   0x08003254   0x0000003c   Code   RO         4006    i.dmp_enable_6x_lp_quat  inv_mpu_dmp_motion_driver.o
    0x08003290   0x08003290   0x0000021c   Code   RO         4007    i.dmp_enable_feature  inv_mpu_dmp_motion_driver.o
    0x080034ac   0x080034ac   0x00000058   Code   RO         4008    i.dmp_enable_gyro_cal  inv_mpu_dmp_motion_driver.o
    0x08003504   0x08003504   0x0000003c   Code   RO         4009    i.dmp_enable_lp_quat  inv_mpu_dmp_motion_driver.o
    0x08003540   0x08003540   0x00000018   Code   RO         4014    i.dmp_load_motion_driver_firmware  inv_mpu_dmp_motion_driver.o
    0x08003558   0x08003558   0x000001cc   Code   RO         4015    i.dmp_read_fifo     inv_mpu_dmp_motion_driver.o
    0x08003724   0x08003724   0x00000130   Code   RO         4018    i.dmp_set_accel_bias  inv_mpu_dmp_motion_driver.o
    0x08003854   0x08003854   0x00000070   Code   RO         4019    i.dmp_set_fifo_rate  inv_mpu_dmp_motion_driver.o
    0x080038c4   0x080038c4   0x00000130   Code   RO         4020    i.dmp_set_gyro_bias  inv_mpu_dmp_motion_driver.o
    0x080039f4   0x080039f4   0x00000138   Code   RO         4022    i.dmp_set_orientation  inv_mpu_dmp_motion_driver.o
    0x08003b2c   0x08003b2c   0x00000038   Code   RO         4025    i.dmp_set_shake_reject_thresh  inv_mpu_dmp_motion_driver.o
    0x08003b64   0x08003b64   0x00000026   Code   RO         4026    i.dmp_set_shake_reject_time  inv_mpu_dmp_motion_driver.o
    0x08003b8a   0x08003b8a   0x00000026   Code   RO         4027    i.dmp_set_shake_reject_timeout  inv_mpu_dmp_motion_driver.o
    0x08003bb0   0x08003bb0   0x00000046   Code   RO         4028    i.dmp_set_tap_axes  inv_mpu_dmp_motion_driver.o
    0x08003bf6   0x08003bf6   0x00000026   Code   RO         4029    i.dmp_set_tap_count  inv_mpu_dmp_motion_driver.o
    0x08003c1c   0x08003c1c   0x000001a0   Code   RO         4030    i.dmp_set_tap_thresh  inv_mpu_dmp_motion_driver.o
    0x08003dbc   0x08003dbc   0x00000026   Code   RO         4031    i.dmp_set_tap_time  inv_mpu_dmp_motion_driver.o
    0x08003de2   0x08003de2   0x00000026   Code   RO         4032    i.dmp_set_tap_time_multi  inv_mpu_dmp_motion_driver.o
    0x08003e08   0x08003e08   0x000000b4   Code   RO         3645    i.get_accel_prod_shift  inv_mpu.o
    0x08003ebc   0x08003ebc   0x00000470   Code   RO         3646    i.get_st_biases     inv_mpu.o
    0x0800432c   0x0800432c   0x0000000c   Code   RO         3371    i.go_back           motor.o
    0x08004338   0x08004338   0x0000000c   Code   RO         3372    i.go_head           motor.o
    0x08004344   0x08004344   0x0000000c   Code   RO         3373    i.go_left           motor.o
    0x08004350   0x08004350   0x0000000c   Code   RO         3374    i.go_right          motor.o
    0x0800435c   0x0800435c   0x00000110   Code   RO         3647    i.gyro_self_test    inv_mpu.o
    0x0800446c   0x0800446c   0x00000028   Code   RO         3648    i.inv_orientation_matrix_to_scalar  inv_mpu.o
    0x08004494   0x08004494   0x0000004e   Code   RO         3649    i.inv_row_2_scale   inv_mpu.o
    0x080044e2   0x080044e2   0x00000002   PAD
    0x080044e4   0x080044e4   0x00000028   Code   RO         3375    i.left_wheel_back   motor.o
    0x0800450c   0x0800450c   0x00000028   Code   RO         3376    i.left_wheel_head   motor.o
    0x08004534   0x08004534   0x00000018   Code   RO         3377    i.left_wheel_stop   motor.o
    0x0800454c   0x0800454c   0x00000074   Code   RO           15    i.main              main.o
    0x080045c0   0x080045c0   0x00000002   Code   RO         3650    i.mget_ms           inv_mpu.o
    0x080045c2   0x080045c2   0x00000002   PAD
    0x080045c4   0x080045c4   0x00000070   Code   RO         3651    i.mpu_configure_fifo  inv_mpu.o
    0x08004634   0x08004634   0x00000224   Code   RO         3652    i.mpu_dmp_get_data  inv_mpu.o
    0x08004858   0x08004858   0x000000a0   Code   RO         3653    i.mpu_dmp_init      inv_mpu.o
    0x080048f8   0x080048f8   0x0000004c   Code   RO         3654    i.mpu_get_accel_fsr  inv_mpu.o
    0x08004944   0x08004944   0x00000054   Code   RO         3656    i.mpu_get_accel_sens  inv_mpu.o
    0x08004998   0x08004998   0x00000010   Code   RO         3661    i.mpu_get_fifo_config  inv_mpu.o
    0x080049a8   0x080049a8   0x00000044   Code   RO         3662    i.mpu_get_gyro_fsr  inv_mpu.o
    0x080049ec   0x080049ec   0x00000050   Code   RO         3664    i.mpu_get_gyro_sens  inv_mpu.o
    0x08004a3c   0x08004a3c   0x00000050   Code   RO         3666    i.mpu_get_lpf       inv_mpu.o
    0x08004a8c   0x08004a8c   0x00000020   Code   RO         3668    i.mpu_get_sample_rate  inv_mpu.o
    0x08004aac   0x08004aac   0x00000190   Code   RO         3670    i.mpu_init          inv_mpu.o
    0x08004c3c   0x08004c3c   0x000000b8   Code   RO         3671    i.mpu_load_firmware  inv_mpu.o
    0x08004cf4   0x08004cf4   0x000000e0   Code   RO         3672    i.mpu_lp_accel_mode  inv_mpu.o
    0x08004dd4   0x08004dd4   0x000000c0   Code   RO         3675    i.mpu_read_fifo_stream  inv_mpu.o
    0x08004e94   0x08004e94   0x00000080   Code   RO         3676    i.mpu_read_mem      inv_mpu.o
    0x08004f14   0x08004f14   0x000001c8   Code   RO         3679    i.mpu_reset_fifo    inv_mpu.o
    0x080050dc   0x080050dc   0x0000011c   Code   RO         3680    i.mpu_run_self_test  inv_mpu.o
    0x080051f8   0x080051f8   0x00000084   Code   RO         3682    i.mpu_set_accel_fsr  inv_mpu.o
    0x0800527c   0x0800527c   0x0000014c   Code   RO         3683    i.mpu_set_bypass    inv_mpu.o
    0x080053c8   0x080053c8   0x00000090   Code   RO         3685    i.mpu_set_dmp_state  inv_mpu.o
    0x08005458   0x08005458   0x00000088   Code   RO         3686    i.mpu_set_gyro_fsr  inv_mpu.o
    0x080054e0   0x080054e0   0x0000006c   Code   RO         3687    i.mpu_set_int_latched  inv_mpu.o
    0x0800554c   0x0800554c   0x00000084   Code   RO         3689    i.mpu_set_lpf       inv_mpu.o
    0x080055d0   0x080055d0   0x0000009c   Code   RO         3690    i.mpu_set_sample_rate  inv_mpu.o
    0x0800566c   0x0800566c   0x000000d0   Code   RO         3691    i.mpu_set_sensors   inv_mpu.o
    0x0800573c   0x0800573c   0x00000080   Code   RO         3692    i.mpu_write_mem     inv_mpu.o
    0x080057bc   0x080057bc   0x00000028   Code   RO         3378    i.right_wheel_back  motor.o
    0x080057e4   0x080057e4   0x00000028   Code   RO         3379    i.right_wheel_head  motor.o
    0x0800580c   0x0800580c   0x00000018   Code   RO         3380    i.right_wheel_stop  motor.o
    0x08005824   0x08005824   0x00000094   Code   RO         3693    i.run_self_test     inv_mpu.o
    0x080058b8   0x080058b8   0x00000090   Code   RO         3694    i.set_int_enable    inv_mpu.o
    0x08005948   0x08005948   0x0000004c   Code   RO         4540    i.sqrt              m_ws.l(sqrt.o)
    0x08005994   0x08005994   0x0000000c   Code   RO         3381    i.turn_left         motor.o
    0x080059a0   0x080059a0   0x0000000c   Code   RO         3382    i.turn_right        motor.o
    0x080059ac   0x080059ac   0x00000024   Code   RO         3383    i.wheel_stop        motor.o
    0x080059d0   0x080059d0   0x00000062   Code   RO         4418    x$fpl$d2f           fz_ws.l(d2f.o)
    0x08005a32   0x08005a32   0x00000002   PAD
    0x08005a34   0x08005a34   0x00000150   Code   RO         4420    x$fpl$dadd          fz_ws.l(daddsub_clz.o)
    0x08005b84   0x08005b84   0x00000010   Code   RO         4571    x$fpl$dcheck1       fz_ws.l(dcheck1.o)
    0x08005b94   0x08005b94   0x000002b0   Code   RO         4427    x$fpl$ddiv          fz_ws.l(ddiv.o)
    0x08005e44   0x08005e44   0x00000154   Code   RO         4436    x$fpl$dmul          fz_ws.l(dmul.o)
    0x08005f98   0x08005f98   0x0000009c   Code   RO         4497    x$fpl$dnaninf       fz_ws.l(dnaninf.o)
    0x08006034   0x08006034   0x0000000c   Code   RO         4499    x$fpl$dretinf       fz_ws.l(dretinf.o)
    0x08006040   0x08006040   0x00000016   Code   RO         4421    x$fpl$drsb          fz_ws.l(daddsub_clz.o)
    0x08006056   0x08006056   0x00000002   PAD
    0x08006058   0x08006058   0x000001cc   Code   RO         4575    x$fpl$dsqrt         fz_ws.l(dsqrt_noumaal.o)
    0x08006224   0x08006224   0x000001d4   Code   RO         4422    x$fpl$dsub          fz_ws.l(daddsub_clz.o)
    0x080063f8   0x080063f8   0x00000056   Code   RO         4438    x$fpl$f2d           fz_ws.l(f2d.o)
    0x0800644e   0x0800644e   0x00000002   PAD
    0x08006450   0x08006450   0x000000c4   Code   RO         4440    x$fpl$fadd          fz_ws.l(faddsub_clz.o)
    0x08006514   0x08006514   0x00000018   Code   RO         4501    x$fpl$fcmpinf       fz_ws.l(fcmpi.o)
    0x0800652c   0x0800652c   0x00000184   Code   RO         4447    x$fpl$fdiv          fz_ws.l(fdiv.o)
    0x080066b0   0x080066b0   0x00000068   Code   RO         4450    x$fpl$feqf          fz_ws.l(feqf.o)
    0x08006718   0x08006718   0x00000036   Code   RO         4452    x$fpl$ffix          fz_ws.l(ffix.o)
    0x0800674e   0x0800674e   0x00000002   PAD
    0x08006750   0x08006750   0x0000003e   Code   RO         4456    x$fpl$ffixu         fz_ws.l(ffixu.o)
    0x0800678e   0x0800678e   0x00000002   PAD
    0x08006790   0x08006790   0x00000030   Code   RO         4461    x$fpl$fflt          fz_ws.l(fflt_clz.o)
    0x080067c0   0x080067c0   0x00000026   Code   RO         4460    x$fpl$ffltu         fz_ws.l(fflt_clz.o)
    0x080067e6   0x080067e6   0x00000002   PAD
    0x080067e8   0x080067e8   0x00000068   Code   RO         4466    x$fpl$fleqf         fz_ws.l(fleqf.o)
    0x08006850   0x08006850   0x00000102   Code   RO         4468    x$fpl$fmul          fz_ws.l(fmul.o)
    0x08006952   0x08006952   0x0000008c   Code   RO         4503    x$fpl$fnaninf       fz_ws.l(fnaninf.o)
    0x080069de   0x080069de   0x0000000a   Code   RO         4505    x$fpl$fretinf       fz_ws.l(fretinf.o)
    0x080069e8   0x080069e8   0x00000062   Code   RO         4470    x$fpl$frleqf        fz_ws.l(frleqf.o)
    0x08006a4a   0x08006a4a   0x00000002   PAD
    0x08006a4c   0x08006a4c   0x000000ea   Code   RO         4442    x$fpl$fsub          fz_ws.l(faddsub_clz.o)
    0x08006b36   0x08006b36   0x00000064   Code   RO         4594    x$fpl$retnan        fz_ws.l(retnan.o)
    0x08006b9a   0x08006b9a   0x0000005c   Code   RO         4507    x$fpl$scalbn        fz_ws.l(scalbn.o)
    0x08006bf6   0x08006bf6   0x00000030   Code   RO         4647    x$fpl$trapveneer    fz_ws.l(trapv.o)
    0x08006c26   0x08006c26   0x00000000   Code   RO         4509    x$fpl$usenofp       fz_ws.l(usenofp.o)
    0x08006c26   0x08006c26   0x00000012   Data   RO         1156    .constdata          stm32f1xx_hal_rcc.o
    0x08006c38   0x08006c38   0x00000018   Data   RO         3334    .constdata          system_stm32f1xx.o
    0x08006c50   0x08006c50   0x00000050   Data   RO         3696    .constdata          inv_mpu.o
    0x08006ca0   0x08006ca0   0x00000bf6   Data   RO         4034    .constdata          inv_mpu_dmp_motion_driver.o
    0x08007896   0x08007896   0x00000002   PAD
    0x08007898   0x08007898   0x00000050   Data   RO         4474    .constdata          m_ws.l(asin.o)
    0x080078e8   0x080078e8   0x00000098   Data   RO         4512    .constdata          m_ws.l(atan.o)
    0x08007980   0x08007980   0x00000008   Data   RO         4538    .constdata          m_ws.l(qnan.o)
    0x08007988   0x08007988   0x00000020   Data   RO         4726    Region$$Table       anon$$obj.o


    Execution Region RW_IRAM1 (Exec base: 0x20000000, Load base: 0x080079a8, Size: 0x000007b0, Max: 0x00005000, ABSOLUTE)

    Exec Addr    Load Addr    Size         Type   Attr      Idx    E Section Name        Object

    0x20000000   0x080079a8   0x00000011   Data   RW           16    .data               main.o
    0x20000011   0x080079b9   0x00000003   Data   RW          356    .data               stm32f1xx_it.o
    0x20000014   0x080079bc   0x00000009   Data   RW          992    .data               stm32f1xx_hal.o
    0x2000001d   0x080079c5   0x00000003   PAD
    0x20000020   0x080079c8   0x00000004   Data   RW         3335    .data               system_stm32f1xx.o
    0x20000024   0x080079cc   0x00000035   Data   RW         3697    .data               inv_mpu.o
    0x20000059   0x08007a01   0x00000003   PAD
    0x2000005c        -       0x00000054   Zero   RW          217    .bss                i2c.o
    0x200000b0        -       0x00000048   Zero   RW          260    .bss                tim.o
    0x200000f8        -       0x00000048   Zero   RW          307    .bss                usart.o
    0x20000140        -       0x00000010   Zero   RW         4033    .bss                inv_mpu_dmp_motion_driver.o
    0x20000150        -       0x00000060   Zero   RW         4578    .bss                c_w.l(libspace.o)
    0x200001b0        -       0x00000200   Zero   RW            2    HEAP                startup_stm32f103xb.o
    0x200003b0        -       0x00000400   Zero   RW            1    STACK               startup_stm32f103xb.o


==============================================================================

Image component sizes


      Code (inc. data)   RO Data    RW Data    ZI Data      Debug   Object Name

       144          8          0          0          0        859   gpio.o
       200         28          0          0         84       1581   i2c.o
       550         40          0          0          0       5099   iic.o
      6768        214         80         53          0      29456   inv_mpu.o
      3096        122       3062          0         16      19762   inv_mpu_dmp_motion_driver.o
        92         12          0          0          0       1412   jdy_31.o
       224         26          0         17          0     435456   main.o
       344         90          0          0          0       5815   motor.o
       608          0          0          0          0       5795   mpu6050.o
        64         26        236          0       1536        788   startup_stm32f103xb.o
       192         36          0          9          0       5713   stm32f1xx_hal.o
       304         22          0          0          0      29259   stm32f1xx_hal_cortex.o
       262          4          0          0          0       1687   stm32f1xx_hal_dma.o
       828         34          0          0          0       3223   stm32f1xx_hal_gpio.o
       464         18          0          0          0       2083   stm32f1xx_hal_i2c.o
        84          8          0          0          0        850   stm32f1xx_hal_msp.o
      1748         98         18          0          0       5784   stm32f1xx_hal_rcc.o
      1100         46          0          0          0       6824   stm32f1xx_hal_tim.o
       248         14          0          0          0       2056   stm32f1xx_hal_tim_ex.o
      2058          8          0          0          0      12198   stm32f1xx_hal_uart.o
        78         12          0          3          0       4707   stm32f1xx_it.o
         2          0         24          4          0       1047   system_stm32f1xx.o
       328         30          0          0         72       2207   tim.o
       208         24          0          0         72       1574   usart.o

    ----------------------------------------------------------------------
     20014        920       3454         92       1780     585235   Object Totals
         0          0         32          0          0          0   (incl. Generated)
        20          0          2          6          0          0   (incl. Padding)

    ----------------------------------------------------------------------

      Code (inc. data)   RO Data    RW Data    ZI Data      Debug   Library Member Name

         8          0          0          0          0         68   __main.o
         0          0          0          0          0          0   __rtentry.o
        12          0          0          0          0          0   __rtentry2.o
         6          0          0          0          0          0   __rtentry4.o
        52          8          0          0          0          0   __scatter.o
        26          0          0          0          0          0   __scatter_copy.o
        28          0          0          0          0          0   __scatter_zi.o
        22          0          0          0          0        100   _rserrno.o
        16          0          0          0          0         68   aeabi_memset.o
        18          0          0          0          0         80   exit.o
         6          0          0          0          0        152   heapauxi.o
         0          0          0          0          0          0   indicate_semi.o
         2          0          0          0          0          0   libinit.o
         2          0          0          0          0          0   libinit2.o
         2          0          0          0          0          0   libshutdown.o
         2          0          0          0          0          0   libshutdown2.o
         8          4          0          0         96         68   libspace.o
        72          0          0          0          0         76   llsdiv.o
       238          0          0          0          0        100   lludivv7m.o
        88          0          0          0          0         76   memcmp.o
         8          4          0          0          0         68   rt_errno_addr_intlibspace.o
        68          0          0          0          0         68   rt_memclr.o
        78          0          0          0          0         80   rt_memclr_w.o
         2          0          0          0          0          0   rtexit.o
        10          0          0          0          0          0   rtexit2.o
        12          4          0          0          0         68   sys_exit.o
        74          0          0          0          0         80   sys_stackheap_outer.o
         2          0          0          0          0         68   use_no_semi.o
        98          4          0          0          0         92   d2f.o
       826         16          0          0          0        348   daddsub_clz.o
        16          4          0          0          0         68   dcheck1.o
       688        140          0          0          0        208   ddiv.o
       340         12          0          0          0        104   dmul.o
       156          4          0          0          0         92   dnaninf.o
        12          0          0          0          0         68   dretinf.o
       460         56          0          0          0        120   dsqrt_noumaal.o
        86          4          0          0          0         84   f2d.o
       430          8          0          0          0        168   faddsub_clz.o
        24          0          0          0          0         68   fcmpi.o
       388         76          0          0          0         96   fdiv.o
       104          4          0          0          0         84   feqf.o
        54          4          0          0          0         84   ffix.o
        62          4          0          0          0         84   ffixu.o
        86          0          0          0          0        136   fflt_clz.o
       104          4          0          0          0         84   fleqf.o
       258          4          0          0          0         84   fmul.o
       140          4          0          0          0         84   fnaninf.o
        10          0          0          0          0         68   fretinf.o
        98          0          0          0          0         68   frleqf.o
       100          0          0          0          0         68   retnan.o
        92          0          0          0          0         68   scalbn.o
        48          0          0          0          0         68   trapv.o
         0          0          0          0          0          0   usenofp.o
       624         52         80          0          0        168   asin.o
       544         70        152          0          0        124   atan.o
       384         38          0          0          0        144   atan2.o
        38          6          0          0          0        272   dunder.o
        40          0          0          0          0         68   fpclassify.o
       170          0          0          0          0         96   poly.o
         0          0          8          0          0          0   qnan.o
        76          0          0          0          0         84   sqrt.o

    ----------------------------------------------------------------------
      7436        534        240          0         96       4672   Library Totals
        18          0          0          0          0          0   (incl. Padding)

    ----------------------------------------------------------------------

      Code (inc. data)   RO Data    RW Data    ZI Data      Debug   Library Name

       862         20          0          0         96       1220   c_w.l
      4680        348          0          0          0       2496   fz_ws.l
      1876        166        240          0          0        956   m_ws.l

    ----------------------------------------------------------------------
      7436        534        240          0         96       4672   Library Totals

    ----------------------------------------------------------------------

==============================================================================


      Code (inc. data)   RO Data    RW Data    ZI Data      Debug   

     27450       1454       3694         92       1876     579243   Grand Totals
     27450       1454       3694         92       1876     579243   ELF Image Totals
     27450       1454       3694         92          0          0   ROM Totals

==============================================================================

    Total RO  Size (Code + RO Data)                31144 (  30.41kB)
    Total RW  Size (RW Data + ZI Data)              1968 (   1.92kB)
    Total ROM Size (Code + RO Data + RW Data)      31236 (  30.50kB)

==============================================================================

