Component: ARM Compiler 5.06 update 5 (build 528) Tool: armlink [4d35e2]

==============================================================================

Section Cross References

    startup_stm32f427xx.o(STACK) refers (Special) to heapauxi.o(.text) for __use_two_region_memory
    startup_stm32f427xx.o(HEAP) refers (Special) to heapauxi.o(.text) for __use_two_region_memory
    startup_stm32f427xx.o(RESET) refers (Special) to heapauxi.o(.text) for __use_two_region_memory
    startup_stm32f427xx.o(RESET) refers to startup_stm32f427xx.o(STACK) for __initial_sp
    startup_stm32f427xx.o(RESET) refers to startup_stm32f427xx.o(.text) for Reset_Handler
    startup_stm32f427xx.o(RESET) refers to stm32f4xx_it.o(i.NMI_Handler) for NMI_Handler
    startup_stm32f427xx.o(RESET) refers to stm32f4xx_it.o(i.HardFault_Handler) for HardFault_Handler
    startup_stm32f427xx.o(RESET) refers to stm32f4xx_it.o(i.MemManage_Handler) for MemManage_Handler
    startup_stm32f427xx.o(RESET) refers to stm32f4xx_it.o(i.BusFault_Handler) for BusFault_Handler
    startup_stm32f427xx.o(RESET) refers to stm32f4xx_it.o(i.UsageFault_Handler) for UsageFault_Handler
    startup_stm32f427xx.o(RESET) refers to stm32f4xx_it.o(i.SVC_Handler) for SVC_Handler
    startup_stm32f427xx.o(RESET) refers to stm32f4xx_it.o(i.DebugMon_Handler) for DebugMon_Handler
    startup_stm32f427xx.o(RESET) refers to stm32f4xx_it.o(i.PendSV_Handler) for PendSV_Handler
    startup_stm32f427xx.o(RESET) refers to stm32f4xx_it.o(i.SysTick_Handler) for SysTick_Handler
    startup_stm32f427xx.o(.text) refers (Special) to heapauxi.o(.text) for __use_two_region_memory
    startup_stm32f427xx.o(.text) refers to system_stm32f4xx.o(i.SystemInit) for SystemInit
    startup_stm32f427xx.o(.text) refers to __main.o(!!!main) for __main
    startup_stm32f427xx.o(.text) refers to startup_stm32f427xx.o(HEAP) for Heap_Mem
    startup_stm32f427xx.o(.text) refers to startup_stm32f427xx.o(STACK) for Stack_Mem
    main.o(i._Z18SystemClock_Configv) refers to rt_memclr_w.o(.text) for __aeabi_memclr4
    main.o(i._Z18SystemClock_Configv) refers to stm32f4xx_hal_rcc.o(i.HAL_RCC_OscConfig) for HAL_RCC_OscConfig
    main.o(i._Z18SystemClock_Configv) refers to main.o(i.Error_Handler) for Error_Handler
    main.o(i._Z18SystemClock_Configv) refers to stm32f4xx_hal_pwr_ex.o(i.HAL_PWREx_EnableOverDrive) for HAL_PWREx_EnableOverDrive
    main.o(i._Z18SystemClock_Configv) refers to stm32f4xx_hal_rcc.o(i.HAL_RCC_ClockConfig) for HAL_RCC_ClockConfig
    main.o(i.main) refers to stm32f4xx_hal.o(i.HAL_Init) for HAL_Init
    main.o(i.main) refers to main.o(i._Z18SystemClock_Configv) for SystemClock_Config()
    main.o(i.main) refers to gpio.o(i.MX_GPIO_Init) for MX_GPIO_Init
    main.o(i.main) refers to adc.o(i.MX_ADC1_Init) for MX_ADC1_Init
    main.o(i.main) refers to stm32f4xx_hal_adc.o(i.HAL_ADC_Start) for HAL_ADC_Start
    main.o(i.main) refers to stm32f4xx_hal_adc.o(i.HAL_ADC_PollForConversion) for HAL_ADC_PollForConversion
    main.o(i.main) refers to stm32f4xx_hal_adc.o(i.HAL_ADC_GetState) for HAL_ADC_GetState
    main.o(i.main) refers to stm32f4xx_hal_adc.o(i.HAL_ADC_GetValue) for HAL_ADC_GetValue
    main.o(i.main) refers to f2d.o(x$fpl$f2d) for __aeabi_f2d
    main.o(i.main) refers to dmul.o(x$fpl$dmul) for __aeabi_dmul
    main.o(i.main) refers to d2f.o(x$fpl$d2f) for __aeabi_d2f
    main.o(i.main) refers to stm32f4xx_hal.o(i.HAL_Delay) for HAL_Delay
    main.o(i.main) refers to adc.o(.bss) for hadc1
    main.o(i.main) refers to main.o(.data) for ADC_Value
    main.o(.ARM.exidx) refers to main.o(i.Error_Handler) for i.Error_Handler
    main.o(.ARM.exidx) refers to main.o(i._Z18SystemClock_Configv) for i._Z18SystemClock_Configv
    main.o(.ARM.exidx) refers to main.o(i.main) for i.main
    gpio.o(.ARM.exidx) refers to gpio.o(i.MX_GPIO_Init) for i.MX_GPIO_Init
    adc.o(i.HAL_ADC_MspDeInit) refers to stm32f4xx_hal_gpio.o(i.HAL_GPIO_DeInit) for HAL_GPIO_DeInit
    adc.o(i.HAL_ADC_MspInit) refers to rt_memclr_w.o(.text) for __aeabi_memclr4
    adc.o(i.HAL_ADC_MspInit) refers to stm32f4xx_hal_gpio.o(i.HAL_GPIO_Init) for HAL_GPIO_Init
    adc.o(i.MX_ADC1_Init) refers to stm32f4xx_hal_adc.o(i.HAL_ADC_Init) for HAL_ADC_Init
    adc.o(i.MX_ADC1_Init) refers to main.o(i.Error_Handler) for Error_Handler
    adc.o(i.MX_ADC1_Init) refers to stm32f4xx_hal_adc.o(i.HAL_ADC_ConfigChannel) for HAL_ADC_ConfigChannel
    adc.o(i.MX_ADC1_Init) refers to adc.o(.bss) for hadc1
    adc.o(.ARM.exidx) refers to adc.o(i.MX_ADC1_Init) for i.MX_ADC1_Init
    adc.o(.ARM.exidx) refers to adc.o(i.HAL_ADC_MspInit) for i.HAL_ADC_MspInit
    adc.o(.ARM.exidx) refers to adc.o(i.HAL_ADC_MspDeInit) for i.HAL_ADC_MspDeInit
    stm32f4xx_it.o(i.SysTick_Handler) refers to stm32f4xx_hal.o(i.HAL_IncTick) for HAL_IncTick
    stm32f4xx_it.o(.ARM.exidx) refers to stm32f4xx_it.o(i.NMI_Handler) for i.NMI_Handler
    stm32f4xx_it.o(.ARM.exidx) refers to stm32f4xx_it.o(i.HardFault_Handler) for i.HardFault_Handler
[...]
    Removing stm32f4xx_hal_flash.o(i._ZN43_INTERNAL_21_stm32f4xx_hal_flash_c_48aa8f3e22FLASH_Program_HalfWordEjt), (40 bytes).
    Removing stm32f4xx_hal_flash.o(i._ZN43_INTERNAL_21_stm32f4xx_hal_flash_c_48aa8f3e24FLASH_Program_DoubleWordEjy), (48 bytes).
    Removing stm32f4xx_hal_flash.o(.ARM.exidx), (8 bytes).
    Removing stm32f4xx_hal_flash.o(.ARM.exidx), (8 bytes).
    Removing stm32f4xx_hal_flash.o(.ARM.exidx), (8 bytes).
    Removing stm32f4xx_hal_flash.o(.ARM.exidx), (8 bytes).
    Removing stm32f4xx_hal_flash.o(.ARM.exidx), (8 bytes).
    Removing stm32f4xx_hal_flash.o(.ARM.exidx), (8 bytes).
    Removing stm32f4xx_hal_flash.o(.ARM.exidx), (8 bytes).
    Removing stm32f4xx_hal_flash.o(.ARM.exidx), (8 bytes).
    Removing stm32f4xx_hal_flash.o(.ARM.exidx), (8 bytes).
    Removing stm32f4xx_hal_flash.o(.ARM.exidx), (8 bytes).
    Removing stm32f4xx_hal_flash.o(.ARM.exidx), (8 bytes).
    Removing stm32f4xx_hal_flash.o(.ARM.exidx), (8 bytes).
    Removing stm32f4xx_hal_flash.o(.ARM.exidx), (8 bytes).
    Removing stm32f4xx_hal_flash.o(.ARM.exidx), (8 bytes).
    Removing stm32f4xx_hal_flash.o(.ARM.exidx), (8 bytes).
    Removing stm32f4xx_hal_flash.o(.ARM.exidx), (8 bytes).
    Removing stm32f4xx_hal_flash.o(.ARM.exidx), (8 bytes).
    Removing stm32f4xx_hal_flash.o(.bss), (32 bytes).
    Removing stm32f4xx_hal_flash_ex.o(.rev16_text), (4 bytes).
    Removing stm32f4xx_hal_flash_ex.o(.revsh_text), (4 bytes).
    Removing stm32f4xx_hal_flash_ex.o(.rrx_text), (6 bytes).
    Removing stm32f4xx_hal_flash_ex.o(i.FLASH_Erase_Sector), (96 bytes).
    Removing stm32f4xx_hal_flash_ex.o(i.FLASH_FlushCaches), (120 bytes).
    Removing stm32f4xx_hal_flash_ex.o(i.HAL_FLASHEx_AdvOBGetConfig), (28 bytes).
    Removing stm32f4xx_hal_flash_ex.o(i.HAL_FLASHEx_AdvOBProgram), (68 bytes).
    Removing stm32f4xx_hal_flash_ex.o(i.HAL_FLASHEx_Erase), (176 bytes).
    Removing stm32f4xx_hal_flash_ex.o(i.HAL_FLASHEx_Erase_IT), (120 bytes).
    Removing stm32f4xx_hal_flash_ex.o(i.HAL_FLASHEx_OBGetConfig), (34 bytes).
    Removing stm32f4xx_hal_flash_ex.o(i.HAL_FLASHEx_OBProgram), (148 bytes).
    Removing stm32f4xx_hal_flash_ex.o(i.HAL_FLASHEx_OB_DeSelectPCROP), (24 bytes).
    Removing stm32f4xx_hal_flash_ex.o(i.HAL_FLASHEx_OB_GetBank2WRP), (12 bytes).
    Removing stm32f4xx_hal_flash_ex.o(i.HAL_FLASHEx_OB_SelectPCROP), (28 bytes).
    Removing stm32f4xx_hal_flash_ex.o(i._ZN46_INTERNAL_24_stm32f4xx_hal_flash_ex_c_6648b60e15FLASH_MassEraseEhj), (84 bytes).
    Removing stm32f4xx_hal_flash_ex.o(i._ZN46_INTERNAL_24_stm32f4xx_hal_flash_ex_c_6648b60e15FLASH_OB_GetBOREv), (16 bytes).
    Removing stm32f4xx_hal_flash_ex.o(i._ZN46_INTERNAL_24_stm32f4xx_hal_flash_ex_c_6648b60e15FLASH_OB_GetRDPEv), (36 bytes).
    Removing stm32f4xx_hal_flash_ex.o(i._ZN46_INTERNAL_24_stm32f4xx_hal_flash_ex_c_6648b60e15FLASH_OB_GetWRPEv), (12 bytes).
    Removing stm32f4xx_hal_flash_ex.o(i._ZN46_INTERNAL_24_stm32f4xx_hal_flash_ex_c_6648b60e16FLASH_OB_GetUserEv), (16 bytes).
    Removing stm32f4xx_hal_flash_ex.o(i._ZN46_INTERNAL_24_stm32f4xx_hal_flash_ex_c_6648b60e18FLASH_OB_EnableWRPEjj), (140 bytes).
    Removing stm32f4xx_hal_flash_ex.o(i._ZN46_INTERNAL_24_stm32f4xx_hal_flash_ex_c_6648b60e19FLASH_OB_BootConfigEh), (48 bytes).
    Removing stm32f4xx_hal_flash_ex.o(i._ZN46_INTERNAL_24_stm32f4xx_hal_flash_ex_c_6648b60e19FLASH_OB_DisableWRPEjj), (148 bytes).
    Removing stm32f4xx_hal_flash_ex.o(i._ZN46_INTERNAL_24_stm32f4xx_hal_flash_ex_c_6648b60e19FLASH_OB_UserConfigEhhh), (60 bytes).
    Removing stm32f4xx_hal_flash_ex.o(i._ZN46_INTERNAL_24_stm32f4xx_hal_flash_ex_c_6648b60e20FLASH_OB_EnablePCROPEjjj), (104 bytes).
    Removing stm32f4xx_hal_flash_ex.o(i._ZN46_INTERNAL_24_stm32f4xx_hal_flash_ex_c_6648b60e21FLASH_OB_DisablePCROPEjjj), (100 bytes).
    Removing stm32f4xx_hal_flash_ex.o(i._ZN46_INTERNAL_24_stm32f4xx_hal_flash_ex_c_6648b60e24FLASH_OB_BOR_LevelConfigEh), (32 bytes).
    Removing stm32f4xx_hal_flash_ex.o(i._ZN46_INTERNAL_24_stm32f4xx_hal_flash_ex_c_6648b60e24FLASH_OB_RDP_LevelConfigEh), (32 bytes).
    Removing stm32f4xx_hal_flash_ex.o(.ARM.exidx), (8 bytes).
    Removing stm32f4xx_hal_flash_ex.o(.ARM.exidx), (8 bytes).
    Removing stm32f4xx_hal_flash_ex.o(.ARM.exidx), (8 bytes).
    Removing stm32f4xx_hal_flash_ex.o(.ARM.exidx), (8 bytes).
    Removing stm32f4xx_hal_flash_ex.o(.ARM.exidx), (8 bytes).
    Removing stm32f4xx_hal_flash_ex.o(.ARM.exidx), (8 bytes).
    Removing stm32f4xx_hal_flash_ex.o(.ARM.exidx), (8 bytes).
    Removing stm32f4xx_hal_flash_ex.o(.ARM.exidx), (8 bytes).
    Removing stm32f4xx_hal_flash_ex.o(.ARM.exidx), (8 bytes).
    Removing stm32f4xx_hal_flash_ex.o(.ARM.exidx), (8 bytes).
    Removing stm32f4xx_hal_flash_ex.o(.ARM.exidx), (8 bytes).
    Removing stm32f4xx_hal_flash_ex.o(.ARM.exidx), (8 bytes).
    Removing stm32f4xx_hal_flash_ex.o(.ARM.exidx), (8 bytes).
    Removing stm32f4xx_hal_flash_ex.o(.ARM.exidx), (8 bytes).
    Removing stm32f4xx_hal_flash_ex.o(.ARM.exidx), (8 bytes).
    Removing stm32f4xx_hal_flash_ex.o(.ARM.exidx), (8 bytes).
    Removing stm32f4xx_hal_flash_ex.o(.ARM.exidx), (8 bytes).
    Removing stm32f4xx_hal_flash_ex.o(.ARM.exidx), (8 bytes).
    Removing stm32f4xx_hal_flash_ex.o(.ARM.exidx), (8 bytes).
    Removing stm32f4xx_hal_flash_ex.o(.ARM.exidx), (8 bytes).
    Removing stm32f4xx_hal_flash_ex.o(.ARM.exidx), (8 bytes).
    Removing stm32f4xx_hal_flash_ex.o(.ARM.exidx), (8 bytes).
    Removing stm32f4xx_hal_flash_ex.o(.ARM.exidx), (8 bytes).
    Removing stm32f4xx_hal_flash_ex.o(.ARM.exidx), (8 bytes).
    Removing stm32f4xx_hal_flash_ramfunc.o(.rev16_text), (4 bytes).
    Removing stm32f4xx_hal_flash_ramfunc.o(.revsh_text), (4 bytes).
    Removing stm32f4xx_hal_flash_ramfunc.o(.rrx_text), (6 bytes).
    Removing stm32f4xx_hal_gpio.o(.rev16_text), (4 bytes).
    Removing stm32f4xx_hal_gpio.o(.revsh_text), (4 bytes).
    Removing stm32f4xx_hal_gpio.o(.rrx_text), (6 bytes).
    Removing stm32f4xx_hal_gpio.o(i.HAL_GPIO_DeInit), (388 bytes).
    Removing stm32f4xx_hal_gpio.o(i.HAL_GPIO_EXTI_Callback), (2 bytes).
    Removing stm32f4xx_hal_gpio.o(i.HAL_GPIO_EXTI_IRQHandler), (28 bytes).
    Removing stm32f4xx_hal_gpio.o(i.HAL_GPIO_LockPin), (46 bytes).
    Removing stm32f4xx_hal_gpio.o(i.HAL_GPIO_ReadPin), (16 bytes).
    Removing stm32f4xx_hal_gpio.o(i.HAL_GPIO_TogglePin), (20 bytes).
    Removing stm32f4xx_hal_gpio.o(i.HAL_GPIO_WritePin), (12 bytes).
    Removing stm32f4xx_hal_gpio.o(.ARM.exidx), (8 bytes).
    Removing stm32f4xx_hal_gpio.o(.ARM.exidx), (8 bytes).
    Removing stm32f4xx_hal_gpio.o(.ARM.exidx), (8 bytes).
    Removing stm32f4xx_hal_gpio.o(.ARM.exidx), (8 bytes).
    Removing stm32f4xx_hal_gpio.o(.ARM.exidx), (8 bytes).
    Removing stm32f4xx_hal_gpio.o(.ARM.exidx), (8 bytes).
    Removing stm32f4xx_hal_gpio.o(.ARM.exidx), (8 bytes).
    Removing stm32f4xx_hal_gpio.o(.ARM.exidx), (8 bytes).
    Removing stm32f4xx_hal_dma_ex.o(.rev16_text), (4 bytes).
    Removing stm32f4xx_hal_dma_ex.o(.revsh_text), (4 bytes).
    Removing stm32f4xx_hal_dma_ex.o(.rrx_text), (6 bytes).
    Removing stm32f4xx_hal_dma_ex.o(i.HAL_DMAEx_ChangeMemory), (18 bytes).
    Removing stm32f4xx_hal_dma_ex.o(i.HAL_DMAEx_MultiBufferStart), (124 bytes).
    Removing stm32f4xx_hal_dma_ex.o(i.HAL_DMAEx_MultiBufferStart_IT), (4056 bytes).
    Removing stm32f4xx_hal_dma_ex.o(i._ZN44_INTERNAL_22_stm32f4xx_hal_dma_ex_c_af8eecb024DMA_MultiBufferSetConfigEP19__DMA_HandleTypeDefjjj), (32 bytes).
    Removing stm32f4xx_hal_dma_ex.o(.ARM.exidx), (8 bytes).
    Removing stm32f4xx_hal_dma_ex.o(.ARM.exidx), (8 bytes).
    Removing stm32f4xx_hal_dma_ex.o(.ARM.exidx), (8 bytes).
    Removing stm32f4xx_hal_dma_ex.o(.ARM.exidx), (8 bytes).
    Removing stm32f4xx_hal_dma.o(.rev16_text), (4 bytes).
    Removing stm32f4xx_hal_dma.o(.revsh_text), (4 bytes).
    Removing stm32f4xx_hal_dma.o(.rrx_text), (6 bytes).
    Removing stm32f4xx_hal_dma.o(i.HAL_DMA_Abort), (172 bytes).
    Removing stm32f4xx_hal_dma.o(i.HAL_DMA_Abort_IT), (40 bytes).
    Removing stm32f4xx_hal_dma.o(i.HAL_DMA_DeInit), (112 bytes).
    Removing stm32f4xx_hal_dma.o(i.HAL_DMA_GetError), (6 bytes).
    Removing stm32f4xx_hal_dma.o(i.HAL_DMA_GetState), (8 bytes).
    Removing stm32f4xx_hal_dma.o(i.HAL_DMA_IRQHandler), (576 bytes).
    Removing stm32f4xx_hal_dma.o(i.HAL_DMA_Init), (236 bytes).
    Removing stm32f4xx_hal_dma.o(i.HAL_DMA_PollForTransfer), (346 bytes).
    Removing stm32f4xx_hal_dma.o(i.HAL_DMA_Start), (102 bytes).
    Removing stm32f4xx_hal_dma.o(i.HAL_DMA_Start_IT), (146 bytes).
    Removing stm32f4xx_hal_dma.o(i.HAL_DMA_UnRegisterCallback), (124 bytes).
    Removing stm32f4xx_hal_dma.o(i._Z24HAL_DMA_RegisterCallbackP19__DMA_HandleTypeDef25HAL_DMA_CallbackIDTypeDefPFvS0_E), (96 bytes).
    Removing stm32f4xx_hal_dma.o(i._ZN41_INTERNAL_19_stm32f4xx_hal_dma_c_c25f65ec13DMA_SetConfigEP19__DMA_HandleTypeDefjjj), (44 bytes).
    Removing stm32f4xx_hal_dma.o(i._ZN41_INTERNAL_19_stm32f4xx_hal_dma_c_c25f65ec18DMA_CheckFifoParamEP19__DMA_HandleTypeDef), (170 bytes).
    Removing stm32f4xx_hal_dma.o(i._ZN41_INTERNAL_19_stm32f4xx_hal_dma_c_c25f65ec23DMA_CalcBaseAndBitshiftEP19__DMA_HandleTypeDef), (52 bytes).
    Removing stm32f4xx_hal_dma.o(.ARM.exidx), (8 bytes).
    Removing stm32f4xx_hal_dma.o(.ARM.exidx), (8 bytes).
    Removing stm32f4xx_hal_dma.o(.ARM.exidx), (8 bytes).
    Removing stm32f4xx_hal_dma.o(.ARM.exidx), (8 bytes).
    Removing stm32f4xx_hal_dma.o(.ARM.exidx), (8 bytes).
    Removing stm32f4xx_hal_dma.o(.ARM.exidx), (8 bytes).
    Removing stm32f4xx_hal_dma.o(.ARM.exidx), (8 bytes).
    Removing stm32f4xx_hal_dma.o(.ARM.exidx), (8 bytes).
    Removing stm32f4xx_hal_dma.o(.ARM.exidx), (8 bytes).
    Removing stm32f4xx_hal_dma.o(.ARM.exidx), (8 bytes).
    Removing stm32f4xx_hal_dma.o(.ARM.exidx), (8 bytes).
    Removing stm32f4xx_hal_dma.o(.ARM.exidx), (8 bytes).
    Removing stm32f4xx_hal_dma.o(.ARM.exidx), (8 bytes).
    Removing stm32f4xx_hal_dma.o(.ARM.exidx), (8 bytes).
    Removing stm32f4xx_hal_dma.o(.ARM.exidx), (8 bytes).
    Removing stm32f4xx_hal_dma.o(.constdata), (8 bytes).
    Removing stm32f4xx_hal_pwr.o(.rev16_text), (4 bytes).
    Removing stm32f4xx_hal_pwr.o(.revsh_text), (4 bytes).
    Removing stm32f4xx_hal_pwr.o(.rrx_text), (6 bytes).
    Removing stm32f4xx_hal_pwr.o(i.HAL_PWR_ConfigPVD), (180 bytes).
    Removing stm32f4xx_hal_pwr.o(i.HAL_PWR_DeInit), (28 bytes).
    Removing stm32f4xx_hal_pwr.o(i.HAL_PWR_DisableBkUpAccess), (28 bytes).
    Removing stm32f4xx_hal_pwr.o(i.HAL_PWR_DisablePVD), (12 bytes).
    Removing stm32f4xx_hal_pwr.o(i.HAL_PWR_DisableSEVOnPend), (20 bytes).
    Removing stm32f4xx_hal_pwr.o(i.HAL_PWR_DisableSleepOnExit), (20 bytes).
    Removing stm32f4xx_hal_pwr.o(i.HAL_PWR_DisableWakeUpPin), (16 bytes).
    Removing stm32f4xx_hal_pwr.o(i.HAL_PWR_EnableBkUpAccess), (28 bytes).
    Removing stm32f4xx_hal_pwr.o(i.HAL_PWR_EnablePVD), (12 bytes).
    Removing stm32f4xx_hal_pwr.o(i.HAL_PWR_EnableSEVOnPend), (20 bytes).
    Removing stm32f4xx_hal_pwr.o(i.HAL_PWR_EnableSleepOnExit), (20 bytes).
    Removing stm32f4xx_hal_pwr.o(i.HAL_PWR_EnableWakeUpPin), (16 bytes).
    Removing stm32f4xx_hal_pwr.o(i.HAL_PWR_EnterSLEEPMode), (36 bytes).
    Removing stm32f4xx_hal_pwr.o(i.HAL_PWR_EnterSTANDBYMode), (40 bytes).
    Removing stm32f4xx_hal_pwr.o(i.HAL_PWR_EnterSTOPMode), (68 bytes).
    Removing stm32f4xx_hal_pwr.o(i.HAL_PWR_PVDCallback), (2 bytes).
    Removing stm32f4xx_hal_pwr.o(i.HAL_PWR_PVD_IRQHandler), (32 bytes).
    Removing stm32f4xx_hal_pwr.o(.ARM.exidx), (8 bytes).
    Removing stm32f4xx_hal_pwr.o(.ARM.exidx), (8 bytes).
    Removing stm32f4xx_hal_pwr.o(.ARM.exidx), (8 bytes).
    Removing stm32f4xx_hal_pwr.o(.ARM.exidx), (8 bytes).
    Removing stm32f4xx_hal_pwr.o(.ARM.exidx), (8 bytes).
    Removing stm32f4xx_hal_pwr.o(.ARM.exidx), (8 bytes).
    Removing stm32f4xx_hal_pwr.o(.ARM.exidx), (8 bytes).
    Removing stm32f4xx_hal_pwr.o(.ARM.exidx), (8 bytes).
    Removing stm32f4xx_hal_pwr.o(.ARM.exidx), (8 bytes).
    Removing stm32f4xx_hal_pwr.o(.ARM.exidx), (8 bytes).
    Removing stm32f4xx_hal_pwr.o(.ARM.exidx), (8 bytes).
    Removing stm32f4xx_hal_pwr.o(.ARM.exidx), (8 bytes).
    Removing stm32f4xx_hal_pwr.o(.ARM.exidx), (8 bytes).
    Removing stm32f4xx_hal_pwr.o(.ARM.exidx), (8 bytes).
    Removing stm32f4xx_hal_pwr.o(.ARM.exidx), (8 bytes).
    Removing stm32f4xx_hal_pwr.o(.ARM.exidx), (8 bytes).
    Removing stm32f4xx_hal_pwr.o(.ARM.exidx), (8 bytes).
    Removing stm32f4xx_hal_pwr_ex.o(.rev16_text), (4 bytes).
    Removing stm32f4xx_hal_pwr_ex.o(.revsh_text), (4 bytes).
    Removing stm32f4xx_hal_pwr_ex.o(.rrx_text), (6 bytes).
    Removing stm32f4xx_hal_pwr_ex.o(i.HAL_PWREx_ControlVoltageScaling), (228 bytes).
    Removing stm32f4xx_hal_pwr_ex.o(i.HAL_PWREx_DisableBkUpReg), (60 bytes).
    Removing stm32f4xx_hal_pwr_ex.o(i.HAL_PWREx_DisableFlashPowerDown), (12 bytes).
    Removing stm32f4xx_hal_pwr_ex.o(i.HAL_PWREx_DisableOverDrive), (140 bytes).
    Removing stm32f4xx_hal_pwr_ex.o(i.HAL_PWREx_EnableBkUpReg), (60 bytes).
    Removing stm32f4xx_hal_pwr_ex.o(i.HAL_PWREx_EnableFlashPowerDown), (12 bytes).
    Removing stm32f4xx_hal_pwr_ex.o(i.HAL_PWREx_EnterUnderDriveSTOPMode), (128 bytes).
    Removing stm32f4xx_hal_pwr_ex.o(i.HAL_PWREx_GetVoltageRange), (16 bytes).
    Removing stm32f4xx_hal_pwr_ex.o(.ARM.exidx), (8 bytes).
    Removing stm32f4xx_hal_pwr_ex.o(.ARM.exidx), (8 bytes).
    Removing stm32f4xx_hal_pwr_ex.o(.ARM.exidx), (8 bytes).
    Removing stm32f4xx_hal_pwr_ex.o(.ARM.exidx), (8 bytes).
    Removing stm32f4xx_hal_pwr_ex.o(.ARM.exidx), (8 bytes).
    Removing stm32f4xx_hal_pwr_ex.o(.ARM.exidx), (8 bytes).
    Removing stm32f4xx_hal_pwr_ex.o(.ARM.exidx), (8 bytes).
    Removing stm32f4xx_hal_pwr_ex.o(.ARM.exidx), (8 bytes).
    Removing stm32f4xx_hal_pwr_ex.o(.ARM.exidx), (8 bytes).
    Removing stm32f4xx_hal_cortex.o(.rev16_text), (4 bytes).
    Removing stm32f4xx_hal_cortex.o(.revsh_text), (4 bytes).
    Removing stm32f4xx_hal_cortex.o(.rrx_text), (6 bytes).
    Removing stm32f4xx_hal_cortex.o(i.HAL_CORTEX_ClearEvent), (6 bytes).
    Removing stm32f4xx_hal_cortex.o(i.HAL_MPU_ConfigRegion), (92 bytes).
    Removing stm32f4xx_hal_cortex.o(i.HAL_MPU_Disable), (32 bytes).
    Removing stm32f4xx_hal_cortex.o(i.HAL_MPU_Enable), (40 bytes).
    Removing stm32f4xx_hal_cortex.o(i.HAL_NVIC_ClearPendingIRQ), (36 bytes).
    Removing stm32f4xx_hal_cortex.o(i.HAL_NVIC_DisableIRQ), (44 bytes).
    Removing stm32f4xx_hal_cortex.o(i.HAL_NVIC_EnableIRQ), (40 bytes).
    Removing stm32f4xx_hal_cortex.o(i.HAL_NVIC_GetActive), (48 bytes).
    Removing stm32f4xx_hal_cortex.o(i.HAL_NVIC_GetPendingIRQ), (48 bytes).
    Removing stm32f4xx_hal_cortex.o(i.HAL_NVIC_GetPriority), (148 bytes).
    Removing stm32f4xx_hal_cortex.o(i.HAL_NVIC_GetPriorityGrouping), (8 bytes).
    Removing stm32f4xx_hal_cortex.o(i.HAL_NVIC_SetPendingIRQ), (36 bytes).
    Removing stm32f4xx_hal_cortex.o(i.HAL_NVIC_SystemReset), (44 bytes).
    Removing stm32f4xx_hal_cortex.o(i.HAL_SYSTICK_CLKSourceConfig), (40 bytes).
    Removing stm32f4xx_hal_cortex.o(i.HAL_SYSTICK_Callback), (2 bytes).
    Removing stm32f4xx_hal_cortex.o(i.HAL_SYSTICK_IRQHandler), (8 bytes).
    Removing stm32f4xx_hal_cortex.o(.ARM.exidx), (8 bytes).
    Removing stm32f4xx_hal_cortex.o(.ARM.exidx), (8 bytes).
    Removing stm32f4xx_hal_cortex.o(.ARM.exidx), (8 bytes).
    Removing stm32f4xx_hal_cortex.o(.ARM.exidx), (8 bytes).
    Removing stm32f4xx_hal_cortex.o(.ARM.exidx), (8 bytes).
    Removing stm32f4xx_hal_cortex.o(.ARM.exidx), (8 bytes).
    Removing stm32f4xx_hal_cortex.o(.ARM.exidx), (8 bytes).
    Removing stm32f4xx_hal_cortex.o(.ARM.exidx), (8 bytes).
    Removing stm32f4xx_hal_cortex.o(.ARM.exidx), (8 bytes).
    Removing stm32f4xx_hal_cortex.o(.ARM.exidx), (8 bytes).
    Removing stm32f4xx_hal_cortex.o(.ARM.exidx), (8 bytes).
    Removing stm32f4xx_hal_cortex.o(.ARM.exidx), (8 bytes).
    Removing stm32f4xx_hal_cortex.o(.ARM.exidx), (8 bytes).
    Removing stm32f4xx_hal_cortex.o(.ARM.exidx), (8 bytes).
    Removing stm32f4xx_hal_cortex.o(.ARM.exidx), (8 bytes).
    Removing stm32f4xx_hal_cortex.o(.ARM.exidx), (8 bytes).
    Removing stm32f4xx_hal_cortex.o(.ARM.exidx), (8 bytes).
    Removing stm32f4xx_hal_cortex.o(.ARM.exidx), (8 bytes).
    Removing stm32f4xx_hal_cortex.o(.ARM.exidx), (8 bytes).
    Removing stm32f4xx_hal_cortex.o(.ARM.exidx), (8 bytes).
    Removing stm32f4xx_hal_cortex.o(.ARM.exidx), (8 bytes).
    Removing stm32f4xx_hal.o(.rev16_text), (4 bytes).
    Removing stm32f4xx_hal.o(.revsh_text), (4 bytes).
    Removing stm32f4xx_hal.o(.rrx_text), (6 bytes).
    Removing stm32f4xx_hal.o(i.HAL_DBGMCU_DisableDBGSleepMode), (20 bytes).
    Removing stm32f4xx_hal.o(i.HAL_DBGMCU_DisableDBGStandbyMode), (20 bytes).
    Removing stm32f4xx_hal.o(i.HAL_DBGMCU_DisableDBGStopMode), (20 bytes).
    Removing stm32f4xx_hal.o(i.HAL_DBGMCU_EnableDBGSleepMode), (20 bytes).
    Removing stm32f4xx_hal.o(i.HAL_DBGMCU_EnableDBGStandbyMode), (20 bytes).
    Removing stm32f4xx_hal.o(i.HAL_DBGMCU_EnableDBGStopMode), (20 bytes).
    Removing stm32f4xx_hal.o(i.HAL_DeInit), (80 bytes).
    Removing stm32f4xx_hal.o(i.HAL_DisableCompensationCell), (12 bytes).
    Removing stm32f4xx_hal.o(i.HAL_DisableMemorySwappingBank), (12 bytes).
    Removing stm32f4xx_hal.o(i.HAL_EnableCompensationCell), (12 bytes).
    Removing stm32f4xx_hal.o(i.HAL_EnableMemorySwappingBank), (12 bytes).
    Removing stm32f4xx_hal.o(i.HAL_GetDEVID), (16 bytes).
    Removing stm32f4xx_hal.o(i.HAL_GetHalVersion), (8 bytes).
    Removing stm32f4xx_hal.o(i.HAL_GetREVID), (12 bytes).
    Removing stm32f4xx_hal.o(i.HAL_GetTickFreq), (12 bytes).
    Removing stm32f4xx_hal.o(i.HAL_GetTickPrio), (12 bytes).
    Removing stm32f4xx_hal.o(i.HAL_GetUIDw0), (12 bytes).
    Removing stm32f4xx_hal.o(i.HAL_GetUIDw1), (12 bytes).
    Removing stm32f4xx_hal.o(i.HAL_GetUIDw2), (12 bytes).
    Removing stm32f4xx_hal.o(i.HAL_MspDeInit), (2 bytes).
    Removing stm32f4xx_hal.o(i.HAL_MspInit), (2 bytes).
    Removing stm32f4xx_hal.o(i.HAL_ResumeTick), (18 bytes).
    Removing stm32f4xx_hal.o(i.HAL_SetTickFreq), (48 bytes).
    Removing stm32f4xx_hal.o(i.HAL_SuspendTick), (18 bytes).
    Removing stm32f4xx_hal.o(.ARM.exidx), (8 bytes).
    Removing stm32f4xx_hal.o(.ARM.exidx), (8 bytes).
    Removing stm32f4xx_hal.o(.ARM.exidx), (8 bytes).
    Removing stm32f4xx_hal.o(.ARM.exidx), (8 bytes).
    Removing stm32f4xx_hal.o(.ARM.exidx), (8 bytes).
    Removing stm32f4xx_hal.o(.ARM.exidx), (8 bytes).
    Removing stm32f4xx_hal.o(.ARM.exidx), (8 bytes).
    Removing stm32f4xx_hal.o(.ARM.exidx), (8 bytes).
    Removing stm32f4xx_hal.o(.ARM.exidx), (8 bytes).
    Removing stm32f4xx_hal.o(.ARM.exidx), (8 bytes).
    Removing stm32f4xx_hal.o(.ARM.exidx), (8 bytes).
    Removing stm32f4xx_hal.o(.ARM.exidx), (8 bytes).
    Removing stm32f4xx_hal.o(.ARM.exidx), (8 bytes).
    Removing stm32f4xx_hal.o(.ARM.exidx), (8 bytes).
    Removing stm32f4xx_hal.o(.ARM.exidx), (8 bytes).
    Removing stm32f4xx_hal.o(.ARM.exidx), (8 bytes).
    Removing stm32f4xx_hal.o(.ARM.exidx), (8 bytes).
    Removing stm32f4xx_hal.o(.ARM.exidx), (8 bytes).
    Removing stm32f4xx_hal.o(.ARM.exidx), (8 bytes).
    Removing stm32f4xx_hal.o(.ARM.exidx), (8 bytes).
    Removing stm32f4xx_hal.o(.ARM.exidx), (8 bytes).
    Removing stm32f4xx_hal.o(.ARM.exidx), (8 bytes).
    Removing stm32f4xx_hal.o(.ARM.exidx), (8 bytes).
    Removing stm32f4xx_hal.o(.ARM.exidx), (8 bytes).
    Removing stm32f4xx_hal.o(.ARM.exidx), (8 bytes).
    Removing stm32f4xx_hal.o(.ARM.exidx), (8 bytes).
    Removing stm32f4xx_hal.o(.ARM.exidx), (8 bytes).
    Removing stm32f4xx_hal.o(.ARM.exidx), (8 bytes).
    Removing stm32f4xx_hal.o(.ARM.exidx), (8 bytes).
    Removing stm32f4xx_hal_exti.o(.rev16_text), (4 bytes).
    Removing stm32f4xx_hal_exti.o(.revsh_text), (4 bytes).
    Removing stm32f4xx_hal_exti.o(.rrx_text), (6 bytes).
    Removing stm32f4xx_hal_exti.o(i.HAL_EXTI_ClearConfigLine), (120 bytes).
    Removing stm32f4xx_hal_exti.o(i.HAL_EXTI_ClearPending), (28 bytes).
    Removing stm32f4xx_hal_exti.o(i.HAL_EXTI_GenerateSWI), (24 bytes).
    Removing stm32f4xx_hal_exti.o(i.HAL_EXTI_GetConfigLine), (156 bytes).
    Removing stm32f4xx_hal_exti.o(i.HAL_EXTI_GetHandle), (14 bytes).
    Removing stm32f4xx_hal_exti.o(i.HAL_EXTI_GetPending), (36 bytes).
    Removing stm32f4xx_hal_exti.o(i.HAL_EXTI_IRQHandler), (44 bytes).
    Removing stm32f4xx_hal_exti.o(i.HAL_EXTI_SetConfigLine), (240 bytes).
    Removing stm32f4xx_hal_exti.o(i._Z25HAL_EXTI_RegisterCallbackP18EXTI_HandleTypeDef22EXTI_CallbackIDTypeDefPFvvE), (20 bytes).
    Removing stm32f4xx_hal_exti.o(.ARM.exidx), (8 bytes).
    Removing stm32f4xx_hal_exti.o(.ARM.exidx), (8 bytes).
    Removing stm32f4xx_hal_exti.o(.ARM.exidx), (8 bytes).
    Removing stm32f4xx_hal_exti.o(.ARM.exidx), (8 bytes).
    Removing stm32f4xx_hal_exti.o(.ARM.exidx), (8 bytes).
    Removing stm32f4xx_hal_exti.o(.ARM.exidx), (8 bytes).
    Removing stm32f4xx_hal_exti.o(.ARM.exidx), (8 bytes).
    Removing stm32f4xx_hal_exti.o(.ARM.exidx), (8 bytes).
    Removing stm32f4xx_hal_exti.o(.ARM.exidx), (8 bytes).
    Removing stm32f4xx_hal_tim.o(.rev16_text), (4 bytes).
    Removing stm32f4xx_hal_tim.o(.revsh_text), (4 bytes).
    Removing stm32f4xx_hal_tim.o(.rrx_text), (6 bytes).
    Removing stm32f4xx_hal_tim_ex.o(.rev16_text), (4 bytes).
    Removing stm32f4xx_hal_tim_ex.o(.revsh_text), (4 bytes).
    Removing stm32f4xx_hal_tim_ex.o(.rrx_text), (6 bytes).
    Removing system_stm32f4xx.o(.rev16_text), (4 bytes).
    Removing system_stm32f4xx.o(.revsh_text), (4 bytes).
    Removing system_stm32f4xx.o(.rrx_text), (6 bytes).
    Removing system_stm32f4xx.o(i.SystemCoreClockUpdate), (192 bytes).
    Removing system_stm32f4xx.o(.ARM.exidx), (8 bytes).
    Removing system_stm32f4xx.o(.ARM.exidx), (8 bytes).

502 unused section(s) (total 22110 bytes) removed from the image.

==============================================================================

Image Symbol Table

    Local Symbols

    Symbol Name                              Value     Ov Type        Size  Object(Section)

    ../Core/Src/adc.c                        0x00000000   Number         0  adc.o ABSOLUTE
    ../Core/Src/gpio.c                       0x00000000   Number         0  gpio.o ABSOLUTE
    ../Core/Src/main.c                       0x00000000   Number         0  main.o ABSOLUTE
    ../Core/Src/stm32f4xx_hal_msp.c          0x00000000   Number         0  stm32f4xx_hal_msp.o ABSOLUTE
    ../Core/Src/stm32f4xx_it.c               0x00000000   Number         0  stm32f4xx_it.o ABSOLUTE
    ../Core/Src/system_stm32f4xx.c           0x00000000   Number         0  system_stm32f4xx.o ABSOLUTE
    ../Drivers/STM32F4xx_HAL_Driver/Src/stm32f4xx_hal.c 0x00000000   Number         0  stm32f4xx_hal.o ABSOLUTE
    ../Drivers/STM32F4xx_HAL_Driver/Src/stm32f4xx_hal_adc.c 0x00000000   Number         0  stm32f4xx_hal_adc.o ABSOLUTE
    ../Drivers/STM32F4xx_HAL_Driver/Src/stm32f4xx_hal_adc_ex.c 0x00000000   Number         0  stm32f4xx_hal_adc_ex.o ABSOLUTE
    ../Drivers/STM32F4xx_HAL_Driver/Src/stm32f4xx_hal_cortex.c 0x00000000   Number         0  stm32f4xx_hal_cortex.o ABSOLUTE
    ../Drivers/STM32F4xx_HAL_Driver/Src/stm32f4xx_hal_dma.c 0x00000000   Number         0  stm32f4xx_hal_dma.o ABSOLUTE
    ../Drivers/STM32F4xx_HAL_Driver/Src/stm32f4xx_hal_dma_ex.c 0x00000000   Number         0  stm32f4xx_hal_dma_ex.o ABSOLUTE
    ../Drivers/STM32F4xx_HAL_Driver/Src/stm32f4xx_hal_exti.c 0x00000000   Number         0  stm32f4xx_hal_exti.o ABSOLUTE
    ../Drivers/STM32F4xx_HAL_Driver/Src/stm32f4xx_hal_flash.c 0x00000000   Number         0  stm32f4xx_hal_flash.o ABSOLUTE
    ../Drivers/STM32F4xx_HAL_Driver/Src/stm32f4xx_hal_flash_ex.c 0x00000000   Number         0  stm32f4xx_hal_flash_ex.o ABSOLUTE
    ../Drivers/STM32F4xx_HAL_Driver/Src/stm32f4xx_hal_flash_ramfunc.c 0x00000000   Number         0  stm32f4xx_hal_flash_ramfunc.o ABSOLUTE
    ../Drivers/STM32F4xx_HAL_Driver/Src/stm32f4xx_hal_gpio.c 0x00000000   Number         0  stm32f4xx_hal_gpio.o ABSOLUTE
    ../Drivers/STM32F4xx_HAL_Driver/Src/stm32f4xx_hal_pwr.c 0x00000000   Number         0  stm32f4xx_hal_pwr.o ABSOLUTE
    ../Drivers/STM32F4xx_HAL_Driver/Src/stm32f4xx_hal_pwr_ex.c 0x00000000   Number         0  stm32f4xx_hal_pwr_ex.o ABSOLUTE
    ../Drivers/STM32F4xx_HAL_Driver/Src/stm32f4xx_hal_rcc.c 0x00000000   Number         0  stm32f4xx_hal_rcc.o ABSOLUTE
    ../Drivers/STM32F4xx_HAL_Driver/Src/stm32f4xx_hal_rcc_ex.c 0x00000000   Number         0  stm32f4xx_hal_rcc_ex.o ABSOLUTE
    ../Drivers/STM32F4xx_HAL_Driver/Src/stm32f4xx_hal_tim.c 0x00000000   Number         0  stm32f4xx_hal_tim.o ABSOLUTE
    ../Drivers/STM32F4xx_HAL_Driver/Src/stm32f4xx_hal_tim_ex.c 0x00000000   Number         0  stm32f4xx_hal_tim_ex.o ABSOLUTE
    ../Drivers/STM32F4xx_HAL_Driver/Src/stm32f4xx_ll_adc.c 0x00000000   Number         0  stm32f4xx_ll_adc.o ABSOLUTE
    ../clib/angel/boardlib.s                 0x00000000   Number         0  boardinit1.o ABSOLUTE
    ../clib/angel/boardlib.s                 0x00000000   Number         0  boardinit2.o ABSOLUTE
    ../clib/angel/boardlib.s                 0x00000000   Number         0  boardshut.o ABSOLUTE
    ../clib/angel/boardlib.s                 0x00000000   Number         0  boardinit3.o ABSOLUTE
    ../clib/angel/handlers.s                 0x00000000   Number         0  __scatter_zi.o ABSOLUTE
    ../clib/angel/handlers.s                 0x00000000   Number         0  __scatter_copy.o ABSOLUTE
    ../clib/angel/kernel.s                   0x00000000   Number         0  __rtentry.o ABSOLUTE
    ../clib/angel/kernel.s                   0x00000000   Number         0  rtexit.o ABSOLUTE
    ../clib/angel/kernel.s                   0x00000000   Number         0  rtexit2.o ABSOLUTE
    ../clib/angel/kernel.s                   0x00000000   Number         0  __rtentry2.o ABSOLUTE
    ../clib/angel/kernel.s                   0x00000000   Number         0  __rtentry4.o ABSOLUTE
    ../clib/angel/rt.s                       0x00000000   Number         0  rt_raise.o ABSOLUTE
    ../clib/angel/rt.s                       0x00000000   Number         0  aeabi_ldiv0_sigfpe.o ABSOLUTE
    ../clib/angel/rt.s                       0x00000000   Number         0  rt_div0.o ABSOLUTE
    ../clib/angel/rt.s                       0x00000000   Number         0  aeabi_ldiv0.o ABSOLUTE
    ../clib/angel/scatter.s                  0x00000000   Number         0  __scatter.o ABSOLUTE
    ../clib/angel/startup.s                  0x00000000   Number         0  __main.o ABSOLUTE
    ../clib/angel/sys.s                      0x00000000   Number         0  indicate_semi.o ABSOLUTE
    ../clib/angel/sys.s                      0x00000000   Number         0  use_no_semi.o ABSOLUTE
    ../clib/angel/sys.s                      0x00000000   Number         0  sys_stackheap_outer.o ABSOLUTE
    ../clib/angel/sys.s                      0x00000000   Number         0  libspace.o ABSOLUTE
    ../clib/angel/sysapp.c                   0x00000000   Number         0  sys_wrch.o ABSOLUTE
    ../clib/angel/sysapp.c                   0x00000000   Number         0  sys_command.o ABSOLUTE
    ../clib/angel/sysapp.c                   0x00000000   Number         0  sys_exit.o ABSOLUTE
    ../clib/armsys.c                         0x00000000   Number         0  argv_veneer.o ABSOLUTE
    ../clib/armsys.c                         0x00000000   Number         0  no_argv.o ABSOLUTE
    ../clib/armsys.c                         0x00000000   Number         0  _get_argv_nomalloc.o ABSOLUTE
    ../clib/armsys.c                         0x00000000   Number         0  argv_veneer.o ABSOLUTE
    ../clib/heapalloc.c                      0x00000000   Number         0  hrguard.o ABSOLUTE
    ../clib/heapaux.c                        0x00000000   Number         0  heapauxi.o ABSOLUTE
    ../clib/libinit.s                        0x00000000   Number         0  libshutdown2.o ABSOLUTE
    ../clib/libinit.s                        0x00000000   Number         0  libinit.o ABSOLUTE
    ../clib/libinit.s                        0x00000000   Number         0  libshutdown.o ABSOLUTE
    ../clib/libinit.s                        0x00000000   Number         0  libinit2.o ABSOLUTE
    ../clib/longlong.s                       0x00000000   Number         0  lludivv7m.o ABSOLUTE
    ../clib/memcpset.s                       0x00000000   Number         0  rt_memclr_w.o ABSOLUTE
    ../clib/signal.c                         0x00000000   Number         0  defsig_exit.o ABSOLUTE
    ../clib/signal.c                         0x00000000   Number         0  defsig_other.o ABSOLUTE
    ../clib/signal.c                         0x00000000   Number         0  defsig_fpe_outer.o ABSOLUTE
    ../clib/signal.c                         0x00000000   Number         0  defsig_cppl_inner.o ABSOLUTE
    ../clib/signal.c                         0x00000000   Number         0  defsig_pvfn_inner.o ABSOLUTE
    ../clib/signal.c                         0x00000000   Number         0  defsig_stak_inner.o ABSOLUTE
    ../clib/signal.c                         0x00000000   Number         0  defsig_rtmem_formal.o ABSOLUTE
    ../clib/signal.c                         0x00000000   Number         0  defsig_rtmem_outer.o ABSOLUTE
    ../clib/signal.c                         0x00000000   Number         0  defsig_rtmem_inner.o ABSOLUTE
    ../clib/signal.c                         0x00000000   Number         0  defsig_rtred_inner.o ABSOLUTE
    ../clib/signal.c                         0x00000000   Number         0  defsig_fpe_formal.o ABSOLUTE
    ../clib/signal.c                         0x00000000   Number         0  defsig_abrt_inner.o ABSOLUTE
    ../clib/signal.c                         0x00000000   Number         0  defsig_general.o ABSOLUTE
    ../clib/signal.c                         0x00000000   Number         0  __raise.o ABSOLUTE
    ../clib/signal.c                         0x00000000   Number         0  defsig_segv_inner.o ABSOLUTE
    ../clib/signal.c                         0x00000000   Number         0  defsig_fpe_inner.o ABSOLUTE
    ../clib/signal.s                         0x00000000   Number         0  defsig.o ABSOLUTE
    ../clib/stdlib.c                         0x00000000   Number         0  exit.o ABSOLUTE
    ../fplib/d2f.s                           0x00000000   Number         0  d2f.o ABSOLUTE
    ../fplib/dmul.s                          0x00000000   Number         0  dmul.o ABSOLUTE
    ../fplib/dnaninf.s                       0x00000000   Number         0  dnaninf.o ABSOLUTE
    ../fplib/dretinf.s                       0x00000000   Number         0  dretinf.o ABSOLUTE
    ../fplib/f2d.s                           0x00000000   Number         0  f2d.o ABSOLUTE
    ../fplib/fnaninf.s                       0x00000000   Number         0  fnaninf.o ABSOLUTE
    ../fplib/fpinit.s                        0x00000000   Number         0  fpinit.o ABSOLUTE
    ../fplib/fretinf.s                       0x00000000   Number         0  fretinf.o ABSOLUTE
    ../fplib/usenofp.s                       0x00000000   Number         0  usenofp.o ABSOLUTE
    ..\Core\Src\adc.c                        0x00000000   Number         0  adc.o ABSOLUTE
    ..\Core\Src\gpio.c                       0x00000000   Number         0  gpio.o ABSOLUTE
    ..\Core\Src\main.c                       0x00000000   Number         0  main.o ABSOLUTE
    ..\Core\Src\stm32f4xx_hal_msp.c          0x00000000   Number         0  stm32f4xx_hal_msp.o ABSOLUTE
    ..\Core\Src\stm32f4xx_it.c               0x00000000   Number         0  stm32f4xx_it.o ABSOLUTE
    ..\Core\Src\system_stm32f4xx.c           0x00000000   Number         0  system_stm32f4xx.o ABSOLUTE
    ..\Drivers\STM32F4xx_HAL_Driver\Src\stm32f4xx_hal.c 0x00000000   Number         0  stm32f4xx_hal.o ABSOLUTE
    ..\Drivers\STM32F4xx_HAL_Driver\Src\stm32f4xx_hal_adc.c 0x00000000   Number         0  stm32f4xx_hal_adc.o ABSOLUTE
    ..\Drivers\STM32F4xx_HAL_Driver\Src\stm32f4xx_hal_adc_ex.c 0x00000000   Number         0  stm32f4xx_hal_adc_ex.o ABSOLUTE
    ..\Drivers\STM32F4xx_HAL_Driver\Src\stm32f4xx_hal_cortex.c 0x00000000   Number         0  stm32f4xx_hal_cortex.o ABSOLUTE
    ..\Drivers\STM32F4xx_HAL_Driver\Src\stm32f4xx_hal_dma.c 0x00000000   Number         0  stm32f4xx_hal_dma.o ABSOLUTE
    ..\Drivers\STM32F4xx_HAL_Driver\Src\stm32f4xx_hal_dma_ex.c 0x00000000   Number         0  stm32f4xx_hal_dma_ex.o ABSOLUTE
    ..\Drivers\STM32F4xx_HAL_Driver\Src\stm32f4xx_hal_exti.c 0x00000000   Number         0  stm32f4xx_hal_exti.o ABSOLUTE
    ..\Drivers\STM32F4xx_HAL_Driver\Src\stm32f4xx_hal_flash.c 0x00000000   Number         0  stm32f4xx_hal_flash.o ABSOLUTE
    ..\Drivers\STM32F4xx_HAL_Driver\Src\stm32f4xx_hal_flash_ex.c 0x00000000   Number         0  stm32f4xx_hal_flash_ex.o ABSOLUTE
    ..\Drivers\STM32F4xx_HAL_Driver\Src\stm32f4xx_hal_flash_ramfunc.c 0x00000000   Number         0  stm32f4xx_hal_flash_ramfunc.o ABSOLUTE
    ..\Drivers\STM32F4xx_HAL_Driver\Src\stm32f4xx_hal_gpio.c 0x00000000   Number         0  stm32f4xx_hal_gpio.o ABSOLUTE
    ..\Drivers\STM32F4xx_HAL_Driver\Src\stm32f4xx_hal_pwr.c 0x00000000   Number         0  stm32f4xx_hal_pwr.o ABSOLUTE
    ..\Drivers\STM32F4xx_HAL_Driver\Src\stm32f4xx_hal_pwr_ex.c 0x00000000   Number         0  stm32f4xx_hal_pwr_ex.o ABSOLUTE
    ..\Drivers\STM32F4xx_HAL_Driver\Src\stm32f4xx_hal_rcc.c 0x00000000   Number         0  stm32f4xx_hal_rcc.o ABSOLUTE
    ..\Drivers\STM32F4xx_HAL_Driver\Src\stm32f4xx_hal_rcc_ex.c 0x00000000   Number         0  stm32f4xx_hal_rcc_ex.o ABSOLUTE
    ..\Drivers\STM32F4xx_HAL_Driver\Src\stm32f4xx_hal_tim.c 0x00000000   Number         0  stm32f4xx_hal_tim.o ABSOLUTE
    ..\Drivers\STM32F4xx_HAL_Driver\Src\stm32f4xx_hal_tim_ex.c 0x00000000   Number         0  stm32f4xx_hal_tim_ex.o ABSOLUTE
    dc.s                                     0x00000000   Number         0  dc.o ABSOLUTE
    startup_stm32f427xx.s                    0x00000000   Number         0  startup_stm32f427xx.o ABSOLUTE
    RESET                                    0x08000000   Section      428  startup_stm32f427xx.o(RESET)
    !!!main                                  0x080001ac   Section        8  __main.o(!!!main)
    !!!scatter                               0x080001b4   Section       52  __scatter.o(!!!scatter)
    !!handler_copy                           0x080001e8   Section       26  __scatter_copy.o(!!handler_copy)
    !!handler_zi                             0x08000204   Section       28  __scatter_zi.o(!!handler_zi)
    .ARM.Collect$$libinit$$00000000          0x08000220   Section        2  libinit.o(.ARM.Collect$$libinit$$00000000)
    .ARM.Collect$$libinit$$00000001          0x08000222   Section        4  libinit2.o(.ARM.Collect$$libinit$$00000001)
    .ARM.Collect$$libinit$$00000004          0x08000226   Section        0  libinit2.o(.ARM.Collect$$libinit$$00000004)
    .ARM.Collect$$libinit$$0000000A          0x08000226   Section        0  libinit2.o(.ARM.Collect$$libinit$$0000000A)
    .ARM.Collect$$libinit$$0000000C          0x08000226   Section        0  libinit2.o(.ARM.Collect$$libinit$$0000000C)
    .ARM.Collect$$libinit$$0000000E          0x08000226   Section        0  libinit2.o(.ARM.Collect$$libinit$$0000000E)
    .ARM.Collect$$libinit$$00000011          0x08000226   Section        0  libinit2.o(.ARM.Collect$$libinit$$00000011)
    .ARM.Collect$$libinit$$00000013          0x08000226   Section        0  libinit2.o(.ARM.Collect$$libinit$$00000013)
    .ARM.Collect$$libinit$$00000015          0x08000226   Section        0  libinit2.o(.ARM.Collect$$libinit$$00000015)
    .ARM.Collect$$libinit$$00000017          0x08000226   Section        0  libinit2.o(.ARM.Collect$$libinit$$00000017)
    .ARM.Collect$$libinit$$00000019          0x08000226   Section        0  libinit2.o(.ARM.Collect$$libinit$$00000019)
    .ARM.Collect$$libinit$$0000001B          0x08000226   Section        0  libinit2.o(.ARM.Collect$$libinit$$0000001B)
    .ARM.Collect$$libinit$$0000001D          0x08000226   Section        0  libinit2.o(.ARM.Collect$$libinit$$0000001D)
    .ARM.Collect$$libinit$$0000001F          0x08000226   Section        0  libinit2.o(.ARM.Collect$$libinit$$0000001F)
    .ARM.Collect$$libinit$$00000021          0x08000226   Section        0  libinit2.o(.ARM.Collect$$libinit$$00000021)
    .ARM.Collect$$libinit$$00000023          0x08000226   Section        0  libinit2.o(.ARM.Collect$$libinit$$00000023)
    .ARM.Collect$$libinit$$00000025          0x08000226   Section        0  libinit2.o(.ARM.Collect$$libinit$$00000025)
    .ARM.Collect$$libinit$$0000002C          0x08000226   Section        0  libinit2.o(.ARM.Collect$$libinit$$0000002C)
    .ARM.Collect$$libinit$$0000002E          0x08000226   Section        0  libinit2.o(.ARM.Collect$$libinit$$0000002E)
    .ARM.Collect$$libinit$$00000030          0x08000226   Section        0  libinit2.o(.ARM.Collect$$libinit$$00000030)
    .ARM.Collect$$libinit$$00000032          0x08000226   Section        0  libinit2.o(.ARM.Collect$$libinit$$00000032)
    .ARM.Collect$$libinit$$00000033          0x08000226   Section        2  libinit2.o(.ARM.Collect$$libinit$$00000033)
    .ARM.Collect$$libshutdown$$00000000      0x08000228   Section        2  libshutdown.o(.ARM.Collect$$libshutdown$$00000000)
    .ARM.Collect$$libshutdown$$00000002      0x0800022a   Section        0  libshutdown2.o(.ARM.Collect$$libshutdown$$00000002)
    .ARM.Collect$$libshutdown$$00000004      0x0800022a   Section        0  libshutdown2.o(.ARM.Collect$$libshutdown$$00000004)
    .ARM.Collect$$libshutdown$$00000007      0x0800022a   Section        0  libshutdown2.o(.ARM.Collect$$libshutdown$$00000007)
    .ARM.Collect$$libshutdown$$0000000A      0x0800022a   Section        0  libshutdown2.o(.ARM.Collect$$libshutdown$$0000000A)
    .ARM.Collect$$libshutdown$$0000000C      0x0800022a   Section        0  libshutdown2.o(.ARM.Collect$$libshutdown$$0000000C)
    .ARM.Collect$$libshutdown$$0000000F      0x0800022a   Section        0  libshutdown2.o(.ARM.Collect$$libshutdown$$0000000F)
    .ARM.Collect$$libshutdown$$00000010      0x0800022a   Section        2  libshutdown2.o(.ARM.Collect$$libshutdown$$00000010)
    .ARM.Collect$$rtentry$$00000000          0x0800022c   Section        0  __rtentry.o(.ARM.Collect$$rtentry$$00000000)
    .ARM.Collect$$rtentry$$00000002          0x0800022c   Section        0  __rtentry2.o(.ARM.Collect$$rtentry$$00000002)
    .ARM.Collect$$rtentry$$00000004          0x0800022c   Section        6  __rtentry4.o(.ARM.Collect$$rtentry$$00000004)
    .ARM.Collect$$rtentry$$00000009          0x08000232   Section        0  __rtentry2.o(.ARM.Collect$$rtentry$$00000009)
    .ARM.Collect$$rtentry$$0000000A          0x08000232   Section        4  __rtentry2.o(.ARM.Collect$$rtentry$$0000000A)
    .ARM.Collect$$rtentry$$0000000C          0x08000236   Section        0  __rtentry2.o(.ARM.Collect$$rtentry$$0000000C)
    .ARM.Collect$$rtentry$$0000000D          0x08000236   Section        8  __rtentry2.o(.ARM.Collect$$rtentry$$0000000D)
    .ARM.Collect$$rtexit$$00000000           0x0800023e   Section        2  rtexit.o(.ARM.Collect$$rtexit$$00000000)
    .ARM.Collect$$rtexit$$00000002           0x08000240   Section        0  rtexit2.o(.ARM.Collect$$rtexit$$00000002)
    .ARM.Collect$$rtexit$$00000003           0x08000240   Section        4  rtexit2.o(.ARM.Collect$$rtexit$$00000003)
    .ARM.Collect$$rtexit$$00000004           0x08000244   Section        6  rtexit2.o(.ARM.Collect$$rtexit$$00000004)
    .text                                    0x0800024c   Section       64  startup_stm32f427xx.o(.text)
    $v0                                      0x0800024c   Number         0  startup_stm32f427xx.o(.text)
    .text                                    0x0800028c   Section      238  lludivv7m.o(.text)
    .text                                    0x0800037a   Section       78  rt_memclr_w.o(.text)
    .text                                    0x080003c8   Section        0  heapauxi.o(.text)
    .text                                    0x080003ce   Section       74  sys_stackheap_outer.o(.text)
    .text                                    0x08000418   Section        0  exit.o(.text)
    .text                                    0x0800042c   Section        8  libspace.o(.text)
    .text                                    0x08000434   Section        0  sys_exit.o(.text)
    .text                                    0x08000440   Section        2  use_no_semi.o(.text)
    .text                                    0x08000442   Section        0  indicate_semi.o(.text)
    i.BusFault_Handler                       0x08000442   Section        0  stm32f4xx_it.o(i.BusFault_Handler)
    i.DebugMon_Handler                       0x08000446   Section        0  stm32f4xx_it.o(i.DebugMon_Handler)
    i.Error_Handler                          0x08000448   Section        0  main.o(i.Error_Handler)
    i.HAL_ADC_ConfigChannel                  0x08000450   Section        0  stm32f4xx_hal_adc.o(i.HAL_ADC_ConfigChannel)
    i.HAL_ADC_GetState                       0x080005f4   Section        0  stm32f4xx_hal_adc.o(i.HAL_ADC_GetState)
    i.HAL_ADC_GetValue                       0x080005fa   Section        0  stm32f4xx_hal_adc.o(i.HAL_ADC_GetValue)
    i.HAL_ADC_Init                           0x08000604   Section        0  stm32f4xx_hal_adc.o(i.HAL_ADC_Init)
    i.HAL_ADC_MspInit                        0x0800066c   Section        0  adc.o(i.HAL_ADC_MspInit)
    i.HAL_ADC_PollForConversion              0x080006ec   Section        0  stm32f4xx_hal_adc.o(i.HAL_ADC_PollForConversion)
    i.HAL_ADC_Start                          0x080007bc   Section        0  stm32f4xx_hal_adc.o(i.HAL_ADC_Start)
    i.HAL_Delay                              0x08000908   Section        0  stm32f4xx_hal.o(i.HAL_Delay)
    i.HAL_GPIO_Init                          0x08000930   Section        0  stm32f4xx_hal_gpio.o(i.HAL_GPIO_Init)
    i.HAL_GetTick                            0x08000b40   Section        0  stm32f4xx_hal.o(i.HAL_GetTick)
    i.HAL_IncTick                            0x08000b4c   Section        0  stm32f4xx_hal.o(i.HAL_IncTick)
    i.HAL_Init                               0x08000b64   Section        0  stm32f4xx_hal.o(i.HAL_Init)
    i.HAL_InitTick                           0x08000ba0   Section        0  stm32f4xx_hal.o(i.HAL_InitTick)
    i.HAL_MspInit                            0x08000bec   Section        0  stm32f4xx_hal_msp.o(i.HAL_MspInit)
    i.HAL_NVIC_SetPriority                   0x08000c34   Section        0  stm32f4xx_hal_cortex.o(i.HAL_NVIC_SetPriority)
    i.HAL_NVIC_SetPriorityGrouping           0x08000cb0   Section        0  stm32f4xx_hal_cortex.o(i.HAL_NVIC_SetPriorityGrouping)
    i.HAL_PWREx_EnableOverDrive              0x08000cd8   Section        0  stm32f4xx_hal_pwr_ex.o(i.HAL_PWREx_EnableOverDrive)
    i.HAL_RCC_ClockConfig                    0x08000d64   Section        0  stm32f4xx_hal_rcc.o(i.HAL_RCC_ClockConfig)
    i.HAL_RCC_GetSysClockFreq                0x08000ee8   Section        0  stm32f4xx_hal_rcc.o(i.HAL_RCC_GetSysClockFreq)
    i.HAL_RCC_OscConfig                      0x08000f98   Section        0  stm32f4xx_hal_rcc.o(i.HAL_RCC_OscConfig)
    i.HAL_SYSTICK_Config                     0x08001434   Section        0  stm32f4xx_hal_cortex.o(i.HAL_SYSTICK_Config)
    i.HardFault_Handler                      0x08001468   Section        0  stm32f4xx_it.o(i.HardFault_Handler)
    i.MX_ADC1_Init                           0x0800146c   Section        0  adc.o(i.MX_ADC1_Init)
    i.MX_GPIO_Init                           0x080014dc   Section        0  gpio.o(i.MX_GPIO_Init)
    i.MemManage_Handler                      0x08001540   Section        0  stm32f4xx_it.o(i.MemManage_Handler)
    i.NMI_Handler                            0x08001544   Section        0  stm32f4xx_it.o(i.NMI_Handler)
    i.PendSV_Handler                         0x08001548   Section        0  stm32f4xx_it.o(i.PendSV_Handler)
    i.SVC_Handler                            0x0800154a   Section        0  stm32f4xx_it.o(i.SVC_Handler)
    i.SysTick_Handler                        0x0800154c   Section        0  stm32f4xx_it.o(i.SysTick_Handler)
    i.SystemInit                             0x08001554   Section        0  system_stm32f4xx.o(i.SystemInit)
    i.UsageFault_Handler                     0x08001568   Section        0  stm32f4xx_it.o(i.UsageFault_Handler)
    i._Z18SystemClock_Configv                0x0800156c   Section        0  main.o(i._Z18SystemClock_Configv)
    i._ZN41_INTERNAL_19_stm32f4xx_hal_adc_c_52ef8f508ADC_InitEP17ADC_HandleTypeDef 0x08001628   Section        0  stm32f4xx_hal_adc.o(i._ZN41_INTERNAL_19_stm32f4xx_hal_adc_c_52ef8f508ADC_InitEP17ADC_HandleTypeDef)
    [local to stm32f4xx_hal_adc_c]::ADC_Init(ADC_HandleTypeDef*) 0x08001629   Thumb Code   344  stm32f4xx_hal_adc.o(i._ZN41_INTERNAL_19_stm32f4xx_hal_adc_c_52ef8f508ADC_InitEP17ADC_HandleTypeDef)
    i._ZN44_INTERNAL_22_stm32f4xx_hal_cortex_c_2992dbc018__NVIC_SetPriorityE9IRQn_Typej 0x08001788   Section        0  stm32f4xx_hal_cortex.o(i._ZN44_INTERNAL_22_stm32f4xx_hal_cortex_c_2992dbc018__NVIC_SetPriorityE9IRQn_Typej)
    [local to stm32f4xx_hal_cortex_c]::__NVIC_SetPriority(IRQn_Type, unsigned) 0x08001789   Thumb Code    32  stm32f4xx_hal_cortex.o(i._ZN44_INTERNAL_22_stm32f4xx_hal_cortex_c_2992dbc018__NVIC_SetPriorityE9IRQn_Typej)
    i._ZN44_INTERNAL_22_stm32f4xx_hal_cortex_c_2992dbc026__NVIC_GetPriorityGroupingEv 0x080017b0   Section        0  stm32f4xx_hal_cortex.o(i._ZN44_INTERNAL_22_stm32f4xx_hal_cortex_c_2992dbc026__NVIC_GetPriorityGroupingEv)
    [local to stm32f4xx_hal_cortex_c]::__NVIC_GetPriorityGrouping() 0x080017b1   Thumb Code    10  stm32f4xx_hal_cortex.o(i._ZN44_INTERNAL_22_stm32f4xx_hal_cortex_c_2992dbc026__NVIC_GetPriorityGroupingEv)
    i.main                                   0x080017c0   Section        0  main.o(i.main)
    x$fpl$d2f                                0x0800185c   Section       98  d2f.o(x$fpl$d2f)
    $v0                                      0x0800185c   Number         0  d2f.o(x$fpl$d2f)
    x$fpl$dmul                               0x080018c0   Section      340  dmul.o(x$fpl$dmul)
    $v0                                      0x080018c0   Number         0  dmul.o(x$fpl$dmul)
    x$fpl$dnaninf                            0x08001a14   Section      156  dnaninf.o(x$fpl$dnaninf)
    $v0                                      0x08001a14   Number         0  dnaninf.o(x$fpl$dnaninf)
    x$fpl$dretinf                            0x08001ab0   Section       12  dretinf.o(x$fpl$dretinf)
    $v0                                      0x08001ab0   Number         0  dretinf.o(x$fpl$dretinf)
    x$fpl$f2d                                0x08001abc   Section       86  f2d.o(x$fpl$f2d)
    $v0                                      0x08001abc   Number         0  f2d.o(x$fpl$f2d)
    x$fpl$fnaninf                            0x08001b12   Section      140  fnaninf.o(x$fpl$fnaninf)
    $v0                                      0x08001b12   Number         0  fnaninf.o(x$fpl$fnaninf)
    x$fpl$fpinit                             0x08001b9e   Section       10  fpinit.o(x$fpl$fpinit)
    $v0                                      0x08001b9e   Number         0  fpinit.o(x$fpl$fpinit)
    x$fpl$fretinf                            0x08001ba8   Section       10  fretinf.o(x$fpl$fretinf)
    $v0                                      0x08001ba8   Number         0  fretinf.o(x$fpl$fretinf)
    .constdata                               0x08001bb2   Section       24  system_stm32f4xx.o(.constdata)
    x$fpl$usenofp                            0x08001bb2   Section        0  usenofp.o(x$fpl$usenofp)
    .data                                    0x20000000   Section        8  main.o(.data)
    .data                                    0x20000008   Section        9  stm32f4xx_hal.o(.data)
    .data                                    0x20000014   Section        4  system_stm32f4xx.o(.data)
    .bss                                     0x20000018   Section       72  adc.o(.bss)
    .bss                                     0x20000060   Section       96  libspace.o(.bss)
    HEAP                                     0x200000c0   Section      512  startup_stm32f427xx.o(HEAP)
    Heap_Mem                                 0x200000c0   Data         512  startup_stm32f427xx.o(HEAP)
    STACK                                    0x200002c0   Section     1024  startup_stm32f427xx.o(STACK)
    Stack_Mem                                0x200002c0   Data        1024  startup_stm32f427xx.o(STACK)
    __initial_sp                             0x200006c0   Data           0  startup_stm32f427xx.o(STACK)

    Global Symbols

    Symbol Name                              Value     Ov Type        Size  Object(Section)

    BuildAttributes$$THM_ISAv4$E$P$D$K$B$S$7EM$VFPi3$EXTD16$VFPS$VFMA$PE$A:L22UL41UL21$X:L11$S22US41US21$IEEE1$IW$USESV6$~STKCKD$USESV7$~SHL$OSPACE$ROPI$EBA8$UX$STANDARDLIB$REQ8$PRES8$EABIv2 0x00000000   Number         0  anon$$obj.o ABSOLUTE
    __ARM_use_no_argv                        0x00000000   Number         0  main.o ABSOLUTE
    __ARM_exceptions_init                     - Undefined Weak Reference
    __alloca_initialize                       - Undefined Weak Reference
    __arm_preinit_                            - Undefined Weak Reference
    __cpp_initialize__aeabi_                  - Undefined Weak Reference
    __cxa_finalize                            - Undefined Weak Reference
    __rt_locale                               - Undefined Weak Reference
    __sigvec_lookup                           - Undefined Weak Reference
    _atexit_init                              - Undefined Weak Reference
    _call_atexit_fns                          - Undefined Weak Reference
    _clock_init                               - Undefined Weak Reference
    _fp_trap_init                             - Undefined Weak Reference
    _fp_trap_shutdown                         - Undefined Weak Reference
    _get_lc_collate                           - Undefined Weak Reference
    _get_lc_ctype                             - Undefined Weak Reference
    _get_lc_monetary                          - Undefined Weak Reference
    _get_lc_numeric                           - Undefined Weak Reference
    _get_lc_time                              - Undefined Weak Reference
    _getenv_init                              - Undefined Weak Reference
    _handle_redirection                       - Undefined Weak Reference
    _init_alloc                               - Undefined Weak Reference
    _init_user_alloc                          - Undefined Weak Reference
    _initio                                   - Undefined Weak Reference
    _rand_init                                - Undefined Weak Reference
    _signal_finish                            - Undefined Weak Reference
    _signal_init                              - Undefined Weak Reference
    _terminate_alloc                          - Undefined Weak Reference
    _terminate_user_alloc                     - Undefined Weak Reference
    _terminateio                              - Undefined Weak Reference
    __Vectors_Size                           0x000001ac   Number         0  startup_stm32f427xx.o ABSOLUTE
    __Vectors                                0x08000000   Data           4  startup_stm32f427xx.o(RESET)
    __Vectors_End                            0x080001ac   Data           0  startup_stm32f427xx.o(RESET)
    __main                                   0x080001ad   Thumb Code     8  __main.o(!!!main)
    __scatterload                            0x080001b5   Thumb Code     0  __scatter.o(!!!scatter)
    __scatterload_rt2                        0x080001b5   Thumb Code    44  __scatter.o(!!!scatter)
    __scatterload_rt2_thumb_only             0x080001b5   Thumb Code     0  __scatter.o(!!!scatter)
    __scatterload_null                       0x080001c3   Thumb Code     0  __scatter.o(!!!scatter)
    __scatterload_copy                       0x080001e9   Thumb Code    26  __scatter_copy.o(!!handler_copy)
    __scatterload_zeroinit                   0x08000205   Thumb Code    28  __scatter_zi.o(!!handler_zi)
    __rt_lib_init                            0x08000221   Thumb Code     0  libinit.o(.ARM.Collect$$libinit$$00000000)
    __rt_lib_init_fp_1                       0x08000223   Thumb Code     0  libinit2.o(.ARM.Collect$$libinit$$00000001)
    __rt_lib_init_alloca_1                   0x08000227   Thumb Code     0  libinit2.o(.ARM.Collect$$libinit$$0000002E)
    __rt_lib_init_argv_1                     0x08000227   Thumb Code     0  libinit2.o(.ARM.Collect$$libinit$$0000002C)
    __rt_lib_init_atexit_1                   0x08000227   Thumb Code     0  libinit2.o(.ARM.Collect$$libinit$$0000001B)
    __rt_lib_init_clock_1                    0x08000227   Thumb Code     0  libinit2.o(.ARM.Collect$$libinit$$00000021)
    __rt_lib_init_cpp_1                      0x08000227   Thumb Code     0  libinit2.o(.ARM.Collect$$libinit$$00000032)
    __rt_lib_init_exceptions_1               0x08000227   Thumb Code     0  libinit2.o(.ARM.Collect$$libinit$$00000030)
    __rt_lib_init_fp_trap_1                  0x08000227   Thumb Code     0  libinit2.o(.ARM.Collect$$libinit$$0000001F)
    __rt_lib_init_getenv_1                   0x08000227   Thumb Code     0  libinit2.o(.ARM.Collect$$libinit$$00000023)
    __rt_lib_init_heap_1                     0x08000227   Thumb Code     0  libinit2.o(.ARM.Collect$$libinit$$0000000A)
    __rt_lib_init_lc_collate_1               0x08000227   Thumb Code     0  libinit2.o(.ARM.Collect$$libinit$$00000011)
    __rt_lib_init_lc_ctype_1                 0x08000227   Thumb Code     0  libinit2.o(.ARM.Collect$$libinit$$00000013)
    __rt_lib_init_lc_monetary_1              0x08000227   Thumb Code     0  libinit2.o(.ARM.Collect$$libinit$$00000015)
    __rt_lib_init_lc_numeric_1               0x08000227   Thumb Code     0  libinit2.o(.ARM.Collect$$libinit$$00000017)
    __rt_lib_init_lc_time_1                  0x08000227   Thumb Code     0  libinit2.o(.ARM.Collect$$libinit$$00000019)
    __rt_lib_init_preinit_1                  0x08000227   Thumb Code     0  libinit2.o(.ARM.Collect$$libinit$$00000004)
    __rt_lib_init_rand_1                     0x08000227   Thumb Code     0  libinit2.o(.ARM.Collect$$libinit$$0000000E)
    __rt_lib_init_return                     0x08000227   Thumb Code     0  libinit2.o(.ARM.Collect$$libinit$$00000033)
    __rt_lib_init_signal_1                   0x08000227   Thumb Code     0  libinit2.o(.ARM.Collect$$libinit$$0000001D)
    __rt_lib_init_stdio_1                    0x08000227   Thumb Code     0  libinit2.o(.ARM.Collect$$libinit$$00000025)
    __rt_lib_init_user_alloc_1               0x08000227   Thumb Code     0  libinit2.o(.ARM.Collect$$libinit$$0000000C)
    __rt_lib_shutdown                        0x08000229   Thumb Code     0  libshutdown.o(.ARM.Collect$$libshutdown$$00000000)
    __rt_lib_shutdown_cpp_1                  0x0800022b   Thumb Code     0  libshutdown2.o(.ARM.Collect$$libshutdown$$00000002)
    __rt_lib_shutdown_fp_trap_1              0x0800022b   Thumb Code     0  libshutdown2.o(.ARM.Collect$$libshutdown$$00000007)
    __rt_lib_shutdown_heap_1                 0x0800022b   Thumb Code     0  libshutdown2.o(.ARM.Collect$$libshutdown$$0000000F)
    __rt_lib_shutdown_return                 0x0800022b   Thumb Code     0  libshutdown2.o(.ARM.Collect$$libshutdown$$00000010)
    __rt_lib_shutdown_signal_1               0x0800022b   Thumb Code     0  libshutdown2.o(.ARM.Collect$$libshutdown$$0000000A)
    __rt_lib_shutdown_stdio_1                0x0800022b   Thumb Code     0  libshutdown2.o(.ARM.Collect$$libshutdown$$00000004)
    __rt_lib_shutdown_user_alloc_1           0x0800022b   Thumb Code     0  libshutdown2.o(.ARM.Collect$$libshutdown$$0000000C)
    __rt_entry                               0x0800022d   Thumb Code     0  __rtentry.o(.ARM.Collect$$rtentry$$00000000)
    __rt_entry_presh_1                       0x0800022d   Thumb Code     0  __rtentry2.o(.ARM.Collect$$rtentry$$00000002)
    __rt_entry_sh                            0x0800022d   Thumb Code     0  __rtentry4.o(.ARM.Collect$$rtentry$$00000004)
    __rt_entry_li                            0x08000233   Thumb Code     0  __rtentry2.o(.ARM.Collect$$rtentry$$0000000A)
    __rt_entry_postsh_1                      0x08000233   Thumb Code     0  __rtentry2.o(.ARM.Collect$$rtentry$$00000009)
    __rt_entry_main                          0x08000237   Thumb Code     0  __rtentry2.o(.ARM.Collect$$rtentry$$0000000D)
    __rt_entry_postli_1                      0x08000237   Thumb Code     0  __rtentry2.o(.ARM.Collect$$rtentry$$0000000C)
    __rt_exit                                0x0800023f   Thumb Code     0  rtexit.o(.ARM.Collect$$rtexit$$00000000)
    __rt_exit_ls                             0x08000241   Thumb Code     0  rtexit2.o(.ARM.Collect$$rtexit$$00000003)
    __rt_exit_prels_1                        0x08000241   Thumb Code     0  rtexit2.o(.ARM.Collect$$rtexit$$00000002)
    __rt_exit_exit                           0x08000245   Thumb Code     0  rtexit2.o(.ARM.Collect$$rtexit$$00000004)
    Reset_Handler                            0x0800024d   Thumb Code     8  startup_stm32f427xx.o(.text)
    ADC_IRQHandler                           0x08000267   Thumb Code     0  startup_stm32f427xx.o(.text)
    CAN1_RX0_IRQHandler                      0x08000267   Thumb Code     0  startup_stm32f427xx.o(.text)
    CAN1_RX1_IRQHandler                      0x08000267   Thumb Code     0  startup_stm32f427xx.o(.text)
    CAN1_SCE_IRQHandler                      0x08000267   Thumb Code     0  startup_stm32f427xx.o(.text)
    CAN1_TX_IRQHandler                       0x08000267   Thumb Code     0  startup_stm32f427xx.o(.text)
    CAN2_RX0_IRQHandler                      0x08000267   Thumb Code     0  startup_stm32f427xx.o(.text)
    CAN2_RX1_IRQHandler                      0x08000267   Thumb Code     0  startup_stm32f427xx.o(.text)
    CAN2_SCE_IRQHandler                      0x08000267   Thumb Code     0  startup_stm32f427xx.o(.text)
    CAN2_TX_IRQHandler                       0x08000267   Thumb Code     0  startup_stm32f427xx.o(.text)
    DCMI_IRQHandler                          0x08000267   Thumb Code     0  startup_stm32f427xx.o(.text)
    DMA1_Stream0_IRQHandler                  0x08000267   Thumb Code     0  startup_stm32f427xx.o(.text)
    DMA1_Stream1_IRQHandler                  0x08000267   Thumb Code     0  startup_stm32f427xx.o(.text)
    DMA1_Stream2_IRQHandler                  0x08000267   Thumb Code     0  startup_stm32f427xx.o(.text)
    DMA1_Stream3_IRQHandler                  0x08000267   Thumb Code     0  startup_stm32f427xx.o(.text)
    DMA1_Stream4_IRQHandler                  0x08000267   Thumb Code     0  startup_stm32f427xx.o(.text)
    DMA1_Stream5_IRQHandler                  0x08000267   Thumb Code     0  startup_stm32f427xx.o(.text)
    DMA1_Stream6_IRQHandler                  0x08000267   Thumb Code     0  startup_stm32f427xx.o(.text)
    DMA1_Stream7_IRQHandler                  0x08000267   Thumb Code     0  startup_stm32f427xx.o(.text)
    DMA2D_IRQHandler                         0x08000267   Thumb Code     0  startup_stm32f427xx.o(.text)
    DMA2_Stream0_IRQHandler                  0x08000267   Thumb Code     0  startup_stm32f427xx.o(.text)
    DMA2_Stream1_IRQHandler                  0x08000267   Thumb Code     0  startup_stm32f427xx.o(.text)
    DMA2_Stream2_IRQHandler                  0x08000267   Thumb Code     0  startup_stm32f427xx.o(.text)
    DMA2_Stream3_IRQHandler                  0x08000267   Thumb Code     0  startup_stm32f427xx.o(.text)
    DMA2_Stream4_IRQHandler                  0x08000267   Thumb Code     0  startup_stm32f427xx.o(.text)
    DMA2_Stream5_IRQHandler                  0x08000267   Thumb Code     0  startup_stm32f427xx.o(.text)
    DMA2_Stream6_IRQHandler                  0x08000267   Thumb Code     0  startup_stm32f427xx.o(.text)
    DMA2_Stream7_IRQHandler                  0x08000267   Thumb Code     0  startup_stm32f427xx.o(.text)
    ETH_IRQHandler                           0x08000267   Thumb Code     0  startup_stm32f427xx.o(.text)
    ETH_WKUP_IRQHandler                      0x08000267   Thumb Code     0  startup_stm32f427xx.o(.text)
    EXTI0_IRQHandler                         0x08000267   Thumb Code     0  startup_stm32f427xx.o(.text)
    EXTI15_10_IRQHandler                     0x08000267   Thumb Code     0  startup_stm32f427xx.o(.text)
    EXTI1_IRQHandler                         0x08000267   Thumb Code     0  startup_stm32f427xx.o(.text)
    EXTI2_IRQHandler                         0x08000267   Thumb Code     0  startup_stm32f427xx.o(.text)
    EXTI3_IRQHandler                         0x08000267   Thumb Code     0  startup_stm32f427xx.o(.text)
    EXTI4_IRQHandler                         0x08000267   Thumb Code     0  startup_stm32f427xx.o(.text)
    EXTI9_5_IRQHandler                       0x08000267   Thumb Code     0  startup_stm32f427xx.o(.text)
    FLASH_IRQHandler                         0x08000267   Thumb Code     0  startup_stm32f427xx.o(.text)
    FMC_IRQHandler                           0x08000267   Thumb Code     0  startup_stm32f427xx.o(.text)
    FPU_IRQHandler                           0x08000267   Thumb Code     0  startup_stm32f427xx.o(.text)
    HASH_RNG_IRQHandler                      0x08000267   Thumb Code     0  startup_stm32f427xx.o(.text)
    I2C1_ER_IRQHandler                       0x08000267   Thumb Code     0  startup_stm32f427xx.o(.text)
    I2C1_EV_IRQHandler                       0x08000267   Thumb Code     0  startup_stm32f427xx.o(.text)
    I2C2_ER_IRQHandler                       0x08000267   Thumb Code     0  startup_stm32f427xx.o(.text)
    I2C2_EV_IRQHandler                       0x08000267   Thumb Code     0  startup_stm32f427xx.o(.text)
    I2C3_ER_IRQHandler                       0x08000267   Thumb Code     0  startup_stm32f427xx.o(.text)
    I2C3_EV_IRQHandler                       0x08000267   Thumb Code     0  startup_stm32f427xx.o(.text)
    OTG_FS_IRQHandler                        0x08000267   Thumb Code     0  startup_stm32f427xx.o(.text)
    OTG_FS_WKUP_IRQHandler                   0x08000267   Thumb Code     0  startup_stm32f427xx.o(.text)
    OTG_HS_EP1_IN_IRQHandler                 0x08000267   Thumb Code     0  startup_stm32f427xx.o(.text)
    OTG_HS_EP1_OUT_IRQHandler                0x08000267   Thumb Code     0  startup_stm32f427xx.o(.text)
    OTG_HS_IRQHandler                        0x08000267   Thumb Code     0  startup_stm32f427xx.o(.text)
    OTG_HS_WKUP_IRQHandler                   0x08000267   Thumb Code     0  startup_stm32f427xx.o(.text)
    PVD_IRQHandler                           0x08000267   Thumb Code     0  startup_stm32f427xx.o(.text)
    RCC_IRQHandler                           0x08000267   Thumb Code     0  startup_stm32f427xx.o(.text)
    RTC_Alarm_IRQHandler                     0x08000267   Thumb Code     0  startup_stm32f427xx.o(.text)
    RTC_WKUP_IRQHandler                      0x08000267   Thumb Code     0  startup_stm32f427xx.o(.text)
    SAI1_IRQHandler                          0x08000267   Thumb Code     0  startup_stm32f427xx.o(.text)
    SDIO_IRQHandler                          0x08000267   Thumb Code     0  startup_stm32f427xx.o(.text)
    SPI1_IRQHandler                          0x08000267   Thumb Code     0  startup_stm32f427xx.o(.text)
    SPI2_IRQHandler                          0x08000267   Thumb Code     0  startup_stm32f427xx.o(.text)
    SPI3_IRQHandler                          0x08000267   Thumb Code     0  startup_stm32f427xx.o(.text)
    SPI4_IRQHandler                          0x08000267   Thumb Code     0  startup_stm32f427xx.o(.text)
    SPI5_IRQHandler                          0x08000267   Thumb Code     0  startup_stm32f427xx.o(.text)
    SPI6_IRQHandler                          0x08000267   Thumb Code     0  startup_stm32f427xx.o(.text)
    TAMP_STAMP_IRQHandler                    0x08000267   Thumb Code     0  startup_stm32f427xx.o(.text)
    TIM1_BRK_TIM9_IRQHandler                 0x08000267   Thumb Code     0  startup_stm32f427xx.o(.text)
    TIM1_CC_IRQHandler                       0x08000267   Thumb Code     0  startup_stm32f427xx.o(.text)
    TIM1_TRG_COM_TIM11_IRQHandler            0x08000267   Thumb Code     0  startup_stm32f427xx.o(.text)
    TIM1_UP_TIM10_IRQHandler                 0x08000267   Thumb Code     0  startup_stm32f427xx.o(.text)
    TIM2_IRQHandler                          0x08000267   Thumb Code     0  startup_stm32f427xx.o(.text)
    TIM3_IRQHandler                          0x08000267   Thumb Code     0  startup_stm32f427xx.o(.text)
    TIM4_IRQHandler                          0x08000267   Thumb Code     0  startup_stm32f427xx.o(.text)
    TIM5_IRQHandler                          0x08000267   Thumb Code     0  startup_stm32f427xx.o(.text)
    TIM6_DAC_IRQHandler                      0x08000267   Thumb Code     0  startup_stm32f427xx.o(.text)
    TIM7_IRQHandler                          0x08000267   Thumb Code     0  startup_stm32f427xx.o(.text)
    TIM8_BRK_TIM12_IRQHandler                0x08000267   Thumb Code     0  startup_stm32f427xx.o(.text)
    TIM8_CC_IRQHandler                       0x08000267   Thumb Code     0  startup_stm32f427xx.o(.text)
    TIM8_TRG_COM_TIM14_IRQHandler            0x08000267   Thumb Code     0  startup_stm32f427xx.o(.text)
    TIM8_UP_TIM13_IRQHandler                 0x08000267   Thumb Code     0  startup_stm32f427xx.o(.text)
    UART4_IRQHandler                         0x08000267   Thumb Code     0  startup_stm32f427xx.o(.text)
    UART5_IRQHandler                         0x08000267   Thumb Code     0  startup_stm32f427xx.o(.text)
    UART7_IRQHandler                         0x08000267   Thumb Code     0  startup_stm32f427xx.o(.text)
    UART8_IRQHandler                         0x08000267   Thumb Code     0  startup_stm32f427xx.o(.text)
    USART1_IRQHandler                        0x08000267   Thumb Code     0  startup_stm32f427xx.o(.text)
    USART2_IRQHandler                        0x08000267   Thumb Code     0  startup_stm32f427xx.o(.text)
    USART3_IRQHandler                        0x08000267   Thumb Code     0  startup_stm32f427xx.o(.text)
    USART6_IRQHandler                        0x08000267   Thumb Code     0  startup_stm32f427xx.o(.text)
    WWDG_IRQHandler                          0x08000267   Thumb Code     0  startup_stm32f427xx.o(.text)
    __user_initial_stackheap                 0x08000269   Thumb Code     0  startup_stm32f427xx.o(.text)
    __aeabi_uldivmod                         0x0800028d   Thumb Code     0  lludivv7m.o(.text)
    _ll_udiv                                 0x0800028d   Thumb Code   238  lludivv7m.o(.text)
    __aeabi_memclr4                          0x0800037b   Thumb Code     0  rt_memclr_w.o(.text)
    __aeabi_memclr8                          0x0800037b   Thumb Code     0  rt_memclr_w.o(.text)
    __rt_memclr_w                            0x0800037b   Thumb Code    78  rt_memclr_w.o(.text)
    _memset_w                                0x0800037f   Thumb Code     0  rt_memclr_w.o(.text)
    __use_two_region_memory                  0x080003c9   Thumb Code     2  heapauxi.o(.text)
    __rt_heap_escrow$2region                 0x080003cb   Thumb Code     2  heapauxi.o(.text)
    __rt_heap_expand$2region                 0x080003cd   Thumb Code     2  heapauxi.o(.text)
    __user_setup_stackheap                   0x080003cf   Thumb Code    74  sys_stackheap_outer.o(.text)
    exit                                     0x08000419   Thumb Code    18  exit.o(.text)
    __user_libspace                          0x0800042d   Thumb Code     8  libspace.o(.text)
    __user_perproc_libspace                  0x0800042d   Thumb Code     0  libspace.o(.text)
    __user_perthread_libspace                0x0800042d   Thumb Code     0  libspace.o(.text)
    _sys_exit                                0x08000435   Thumb Code     8  sys_exit.o(.text)
    __I$use$semihosting                      0x08000441   Thumb Code     0  use_no_semi.o(.text)
    __use_no_semihosting_swi                 0x08000441   Thumb Code     2  use_no_semi.o(.text)
    BusFault_Handler                         0x08000443   Thumb Code     4  stm32f4xx_it.o(i.BusFault_Handler)
    __semihosting_library_function           0x08000443   Thumb Code     0  indicate_semi.o(.text)
    DebugMon_Handler                         0x08000447   Thumb Code     2  stm32f4xx_it.o(i.DebugMon_Handler)
    Error_Handler                            0x08000449   Thumb Code     6  main.o(i.Error_Handler)
    HAL_ADC_ConfigChannel                    0x08000451   Thumb Code   400  stm32f4xx_hal_adc.o(i.HAL_ADC_ConfigChannel)
    HAL_ADC_GetState                         0x080005f5   Thumb Code     6  stm32f4xx_hal_adc.o(i.HAL_ADC_GetState)
    HAL_ADC_GetValue                         0x080005fb   Thumb Code     8  stm32f4xx_hal_adc.o(i.HAL_ADC_GetValue)
    HAL_ADC_Init                             0x08000605   Thumb Code   100  stm32f4xx_hal_adc.o(i.HAL_ADC_Init)
    HAL_ADC_MspInit                          0x0800066d   Thumb Code   114  adc.o(i.HAL_ADC_MspInit)
    HAL_ADC_PollForConversion                0x080006ed   Thumb Code   206  stm32f4xx_hal_adc.o(i.HAL_ADC_PollForConversion)
    HAL_ADC_Start                            0x080007bd   Thumb Code   308  stm32f4xx_hal_adc.o(i.HAL_ADC_Start)
    HAL_Delay                                0x08000909   Thumb Code    36  stm32f4xx_hal.o(i.HAL_Delay)
    HAL_GPIO_Init                            0x08000931   Thumb Code   474  stm32f4xx_hal_gpio.o(i.HAL_GPIO_Init)
    HAL_GetTick                              0x08000b41   Thumb Code     6  stm32f4xx_hal.o(i.HAL_GetTick)
    HAL_IncTick                              0x08000b4d   Thumb Code    16  stm32f4xx_hal.o(i.HAL_IncTick)
    HAL_Init                                 0x08000b65   Thumb Code    54  stm32f4xx_hal.o(i.HAL_Init)
    HAL_InitTick                             0x08000ba1   Thumb Code    64  stm32f4xx_hal.o(i.HAL_InitTick)
    HAL_MspInit                              0x08000bed   Thumb Code    68  stm32f4xx_hal_msp.o(i.HAL_MspInit)
    HAL_NVIC_SetPriority                     0x08000c35   Thumb Code   124  stm32f4xx_hal_cortex.o(i.HAL_NVIC_SetPriority)
    HAL_NVIC_SetPriorityGrouping             0x08000cb1   Thumb Code    32  stm32f4xx_hal_cortex.o(i.HAL_NVIC_SetPriorityGrouping)
    HAL_PWREx_EnableOverDrive                0x08000cd9   Thumb Code   128  stm32f4xx_hal_pwr_ex.o(i.HAL_PWREx_EnableOverDrive)
    HAL_RCC_ClockConfig                      0x08000d65   Thumb Code   368  stm32f4xx_hal_rcc.o(i.HAL_RCC_ClockConfig)
    HAL_RCC_GetSysClockFreq                  0x08000ee9   Thumb Code   162  stm32f4xx_hal_rcc.o(i.HAL_RCC_GetSysClockFreq)
    HAL_RCC_OscConfig                        0x08000f99   Thumb Code  1172  stm32f4xx_hal_rcc.o(i.HAL_RCC_OscConfig)
    HAL_SYSTICK_Config                       0x08001435   Thumb Code    52  stm32f4xx_hal_cortex.o(i.HAL_SYSTICK_Config)
    HardFault_Handler                        0x08001469   Thumb Code     4  stm32f4xx_it.o(i.HardFault_Handler)
    MX_ADC1_Init                             0x0800146d   Thumb Code   100  adc.o(i.MX_ADC1_Init)
    MX_GPIO_Init                             0x080014dd   Thumb Code    96  gpio.o(i.MX_GPIO_Init)
    MemManage_Handler                        0x08001541   Thumb Code     4  stm32f4xx_it.o(i.MemManage_Handler)
    NMI_Handler                              0x08001545   Thumb Code     4  stm32f4xx_it.o(i.NMI_Handler)
    PendSV_Handler                           0x08001549   Thumb Code     2  stm32f4xx_it.o(i.PendSV_Handler)
    SVC_Handler                              0x0800154b   Thumb Code     2  stm32f4xx_it.o(i.SVC_Handler)
    SysTick_Handler                          0x0800154d   Thumb Code     8  stm32f4xx_it.o(i.SysTick_Handler)
    SystemInit                               0x08001555   Thumb Code    14  system_stm32f4xx.o(i.SystemInit)
    UsageFault_Handler                       0x08001569   Thumb Code     4  stm32f4xx_it.o(i.UsageFault_Handler)
    SystemClock_Config()                     0x0800156d   Thumb Code   180  main.o(i._Z18SystemClock_Configv)
    main                                     0x080017c1   Thumb Code   130  main.o(i.main)
    __aeabi_d2f                              0x0800185d   Thumb Code     0  d2f.o(x$fpl$d2f)
    _d2f                                     0x0800185d   Thumb Code    98  d2f.o(x$fpl$d2f)
    __aeabi_dmul                             0x080018c1   Thumb Code     0  dmul.o(x$fpl$dmul)
    _dmul                                    0x080018c1   Thumb Code   332  dmul.o(x$fpl$dmul)
    __fpl_dnaninf                            0x08001a15   Thumb Code   156  dnaninf.o(x$fpl$dnaninf)
    __fpl_dretinf                            0x08001ab1   Thumb Code    12  dretinf.o(x$fpl$dretinf)
    __aeabi_f2d                              0x08001abd   Thumb Code     0  f2d.o(x$fpl$f2d)
    _f2d                                     0x08001abd   Thumb Code    86  f2d.o(x$fpl$f2d)
    __fpl_fnaninf                            0x08001b13   Thumb Code   140  fnaninf.o(x$fpl$fnaninf)
    _fp_init                                 0x08001b9f   Thumb Code    10  fpinit.o(x$fpl$fpinit)
    __fplib_config_fpu_vfp                   0x08001ba7   Thumb Code     0  fpinit.o(x$fpl$fpinit)
    __fplib_config_pureend_doubles           0x08001ba7   Thumb Code     0  fpinit.o(x$fpl$fpinit)
    __fpl_fretinf                            0x08001ba9   Thumb Code    10  fretinf.o(x$fpl$fretinf)
    AHBPrescTable                            0x08001bb2   Data          16  system_stm32f4xx.o(.constdata)
    __I$use$fp                               0x08001bb2   Number         0  usenofp.o(x$fpl$usenofp)
    APBPrescTable                            0x08001bc2   Data           8  system_stm32f4xx.o(.constdata)
    Region$$Table$$Base                      0x08001bcc   Number         0  anon$$obj.o(Region$$Table)
    Region$$Table$$Limit                     0x08001bec   Number         0  anon$$obj.o(Region$$Table)
    ADC_Value                                0x20000000   Data           2  main.o(.data)
    ADC_end                                  0x20000004   Data           4  main.o(.data)
    uwTick                                   0x20000008   Data           4  stm32f4xx_hal.o(.data)
    uwTickPrio                               0x2000000c   Data           4  stm32f4xx_hal.o(.data)
    uwTickFreq                               0x20000010   Data           1  stm32f4xx_hal.o(.data)
    SystemCoreClock                          0x20000014   Data           4  system_stm32f4xx.o(.data)
    hadc1                                    0x20000018   Data          72  adc.o(.bss)
    __libspace_start                         0x20000060   Data          96  libspace.o(.bss)
    __temporary_stack_top$libspace           0x200000c0   Data           0  libspace.o(.bss)



==============================================================================

Memory Map of the image

  Image Entry point : 0x080001ad

  Load Region LR_IROM1 (Base: 0x08000000, Size: 0x00001c04, Max: 0x00200000, ABSOLUTE)

    Execution Region ER_IROM1 (Exec base: 0x08000000, Load base: 0x08000000, Size: 0x00001bec, Max: 0x00200000, ABSOLUTE)

    Exec Addr    Load Addr    Size         Type   Attr      Idx    E Section Name        Object

    0x08000000   0x08000000   0x000001ac   Data   RO            3    RESET               startup_stm32f427xx.o
    0x080001ac   0x080001ac   0x00000008   Code   RO         2188  * !!!main             c_w.l(__main.o)
    0x080001b4   0x080001b4   0x00000034   Code   RO         2370    !!!scatter          c_w.l(__scatter.o)
    0x080001e8   0x080001e8   0x0000001a   Code   RO         2372    !!handler_copy      c_w.l(__scatter_copy.o)
    0x08000202   0x08000202   0x00000002   PAD
    0x08000204   0x08000204   0x0000001c   Code   RO         2374    !!handler_zi        c_w.l(__scatter_zi.o)
    0x08000220   0x08000220   0x00000002   Code   RO         2240    .ARM.Collect$$libinit$$00000000  c_w.l(libinit.o)
    0x08000222   0x08000222   0x00000004   Code   RO         2252    .ARM.Collect$$libinit$$00000001  c_w.l(libinit2.o)
    0x08000226   0x08000226   0x00000000   Code   RO         2255    .ARM.Collect$$libinit$$00000004  c_w.l(libinit2.o)
    0x08000226   0x08000226   0x00000000   Code   RO         2258    .ARM.Collect$$libinit$$0000000A  c_w.l(libinit2.o)
    0x08000226   0x08000226   0x00000000   Code   RO         2260    .ARM.Collect$$libinit$$0000000C  c_w.l(libinit2.o)
    0x08000226   0x08000226   0x00000000   Code   RO         2262    .ARM.Collect$$libinit$$0000000E  c_w.l(libinit2.o)
    0x08000226   0x08000226   0x00000000   Code   RO         2265    .ARM.Collect$$libinit$$00000011  c_w.l(libinit2.o)
    0x08000226   0x08000226   0x00000000   Code   RO         2267    .ARM.Collect$$libinit$$00000013  c_w.l(libinit2.o)
    0x08000226   0x08000226   0x00000000   Code   RO         2269    .ARM.Collect$$libinit$$00000015  c_w.l(libinit2.o)
    0x08000226   0x08000226   0x00000000   Code   RO         2271    .ARM.Collect$$libinit$$00000017  c_w.l(libinit2.o)
    0x08000226   0x08000226   0x00000000   Code   RO         2273    .ARM.Collect$$libinit$$00000019  c_w.l(libinit2.o)
    0x08000226   0x08000226   0x00000000   Code   RO         2275    .ARM.Collect$$libinit$$0000001B  c_w.l(libinit2.o)
    0x08000226   0x08000226   0x00000000   Code   RO         2277    .ARM.Collect$$libinit$$0000001D  c_w.l(libinit2.o)
    0x08000226   0x08000226   0x00000000   Code   RO         2279    .ARM.Collect$$libinit$$0000001F  c_w.l(libinit2.o)
    0x08000226   0x08000226   0x00000000   Code   RO         2281    .ARM.Collect$$libinit$$00000021  c_w.l(libinit2.o)
    0x08000226   0x08000226   0x00000000   Code   RO         2283    .ARM.Collect$$libinit$$00000023  c_w.l(libinit2.o)
    0x08000226   0x08000226   0x00000000   Code   RO         2285    .ARM.Collect$$libinit$$00000025  c_w.l(libinit2.o)
    0x08000226   0x08000226   0x00000000   Code   RO         2289    .ARM.Collect$$libinit$$0000002C  c_w.l(libinit2.o)
    0x08000226   0x08000226   0x00000000   Code   RO         2291    .ARM.Collect$$libinit$$0000002E  c_w.l(libinit2.o)
    0x08000226   0x08000226   0x00000000   Code   RO         2293    .ARM.Collect$$libinit$$00000030  c_w.l(libinit2.o)
    0x08000226   0x08000226   0x00000000   Code   RO         2295    .ARM.Collect$$libinit$$00000032  c_w.l(libinit2.o)
    0x08000226   0x08000226   0x00000002   Code   RO         2296    .ARM.Collect$$libinit$$00000033  c_w.l(libinit2.o)
    0x08000228   0x08000228   0x00000002   Code   RO         2327    .ARM.Collect$$libshutdown$$00000000  c_w.l(libshutdown.o)
    0x0800022a   0x0800022a   0x00000000   Code   RO         2353    .ARM.Collect$$libshutdown$$00000002  c_w.l(libshutdown2.o)
    0x0800022a   0x0800022a   0x00000000   Code   RO         2355    .ARM.Collect$$libshutdown$$00000004  c_w.l(libshutdown2.o)
    0x0800022a   0x0800022a   0x00000000   Code   RO         2358    .ARM.Collect$$libshutdown$$00000007  c_w.l(libshutdown2.o)
    0x0800022a   0x0800022a   0x00000000   Code   RO         2361    .ARM.Collect$$libshutdown$$0000000A  c_w.l(libshutdown2.o)
    0x0800022a   0x0800022a   0x00000000   Code   RO         2363    .ARM.Collect$$libshutdown$$0000000C  c_w.l(libshutdown2.o)
    0x0800022a   0x0800022a   0x00000000   Code   RO         2366    .ARM.Collect$$libshutdown$$0000000F  c_w.l(libshutdown2.o)
    0x0800022a   0x0800022a   0x00000002   Code   RO         2367    .ARM.Collect$$libshutdown$$00000010  c_w.l(libshutdown2.o)
    0x0800022c   0x0800022c   0x00000000   Code   RO         2196    .ARM.Collect$$rtentry$$00000000  c_w.l(__rtentry.o)
    0x0800022c   0x0800022c   0x00000000   Code   RO         2211    .ARM.Collect$$rtentry$$00000002  c_w.l(__rtentry2.o)
    0x0800022c   0x0800022c   0x00000006   Code   RO         2223    .ARM.Collect$$rtentry$$00000004  c_w.l(__rtentry4.o)
    0x08000232   0x08000232   0x00000000   Code   RO         2213    .ARM.Collect$$rtentry$$00000009  c_w.l(__rtentry2.o)
    0x08000232   0x08000232   0x00000004   Code   RO         2214    .ARM.Collect$$rtentry$$0000000A  c_w.l(__rtentry2.o)
    0x08000236   0x08000236   0x00000000   Code   RO         2216    .ARM.Collect$$rtentry$$0000000C  c_w.l(__rtentry2.o)
    0x08000236   0x08000236   0x00000008   Code   RO         2217    .ARM.Collect$$rtentry$$0000000D  c_w.l(__rtentry2.o)
    0x0800023e   0x0800023e   0x00000002   Code   RO         2244    .ARM.Collect$$rtexit$$00000000  c_w.l(rtexit.o)
    0x08000240   0x08000240   0x00000000   Code   RO         2300    .ARM.Collect$$rtexit$$00000002  c_w.l(rtexit2.o)
    0x08000240   0x08000240   0x00000004   Code   RO         2301    .ARM.Collect$$rtexit$$00000003  c_w.l(rtexit2.o)
    0x08000244   0x08000244   0x00000006   Code   RO         2302    .ARM.Collect$$rtexit$$00000004  c_w.l(rtexit2.o)
    0x0800024a   0x0800024a   0x00000002   PAD
    0x0800024c   0x0800024c   0x00000040   Code   RO            4    .text               startup_stm32f427xx.o
    0x0800028c   0x0800028c   0x000000ee   Code   RO         2182    .text               c_w.l(lludivv7m.o)
    0x0800037a   0x0800037a   0x0000004e   Code   RO         2184    .text               c_w.l(rt_memclr_w.o)
    0x080003c8   0x080003c8   0x00000006   Code   RO         2186    .text               c_w.l(heapauxi.o)
    0x080003ce   0x080003ce   0x0000004a   Code   RO         2227    .text               c_w.l(sys_stackheap_outer.o)
    0x08000418   0x08000418   0x00000012   Code   RO         2229    .text               c_w.l(exit.o)
    0x0800042a   0x0800042a   0x00000002   PAD
    0x0800042c   0x0800042c   0x00000008   Code   RO         2241    .text               c_w.l(libspace.o)
    0x08000434   0x08000434   0x0000000c   Code   RO         2297    .text               c_w.l(sys_exit.o)
    0x08000440   0x08000440   0x00000002   Code   RO         2316    .text               c_w.l(use_no_semi.o)
    0x08000442   0x08000442   0x00000000   Code   RO         2318    .text               c_w.l(indicate_semi.o)
    0x08000442   0x08000442   0x00000004   Code   RO          229    i.BusFault_Handler  stm32f4xx_it.o
    0x08000446   0x08000446   0x00000002   Code   RO          230    i.DebugMon_Handler  stm32f4xx_it.o
    0x08000448   0x08000448   0x00000006   Code   RO           13    i.Error_Handler     main.o
    0x0800044e   0x0800044e   0x00000002   PAD
    0x08000450   0x08000450   0x000001a4   Code   RO          339    i.HAL_ADC_ConfigChannel  stm32f4xx_hal_adc.o
    0x080005f4   0x080005f4   0x00000006   Code   RO          345    i.HAL_ADC_GetState  stm32f4xx_hal_adc.o
    0x080005fa   0x080005fa   0x00000008   Code   RO          346    i.HAL_ADC_GetValue  stm32f4xx_hal_adc.o
    0x08000602   0x08000602   0x00000002   PAD
    0x08000604   0x08000604   0x00000068   Code   RO          348    i.HAL_ADC_Init      stm32f4xx_hal_adc.o
    0x0800066c   0x0800066c   0x00000080   Code   RO          185    i.HAL_ADC_MspInit   adc.o
    0x080006ec   0x080006ec   0x000000ce   Code   RO          352    i.HAL_ADC_PollForConversion  stm32f4xx_hal_adc.o
    0x080007ba   0x080007ba   0x00000002   PAD
    0x080007bc   0x080007bc   0x0000014c   Code   RO          354    i.HAL_ADC_Start     stm32f4xx_hal_adc.o
    0x08000908   0x08000908   0x00000028   Code   RO         1807    i.HAL_Delay         stm32f4xx_hal.o
    0x08000930   0x08000930   0x00000210   Code   RO         1178    i.HAL_GPIO_Init     stm32f4xx_hal_gpio.o
    0x08000b40   0x08000b40   0x0000000c   Code   RO         1815    i.HAL_GetTick       stm32f4xx_hal.o
    0x08000b4c   0x08000b4c   0x00000018   Code   RO         1821    i.HAL_IncTick       stm32f4xx_hal.o
    0x08000b64   0x08000b64   0x0000003c   Code   RO         1822    i.HAL_Init          stm32f4xx_hal.o
    0x08000ba0   0x08000ba0   0x0000004c   Code   RO         1823    i.HAL_InitTick      stm32f4xx_hal.o
    0x08000bec   0x08000bec   0x00000048   Code   RO          313    i.HAL_MspInit       stm32f4xx_hal_msp.o
    0x08000c34   0x08000c34   0x0000007c   Code   RO         1645    i.HAL_NVIC_SetPriority  stm32f4xx_hal_cortex.o
    0x08000cb0   0x08000cb0   0x00000028   Code   RO         1646    i.HAL_NVIC_SetPriorityGrouping  stm32f4xx_hal_cortex.o
    0x08000cd8   0x08000cd8   0x0000008c   Code   RO         1558    i.HAL_PWREx_EnableOverDrive  stm32f4xx_hal_pwr_ex.o
    0x08000d64   0x08000d64   0x00000184   Code   RO          659    i.HAL_RCC_ClockConfig  stm32f4xx_hal_rcc.o
    0x08000ee8   0x08000ee8   0x000000b0   Code   RO          668    i.HAL_RCC_GetSysClockFreq  stm32f4xx_hal_rcc.o
    0x08000f98   0x08000f98   0x0000049c   Code   RO          671    i.HAL_RCC_OscConfig  stm32f4xx_hal_rcc.o
    0x08001434   0x08001434   0x00000034   Code   RO         1650    i.HAL_SYSTICK_Config  stm32f4xx_hal_cortex.o
    0x08001468   0x08001468   0x00000004   Code   RO          231    i.HardFault_Handler  stm32f4xx_it.o
    0x0800146c   0x0800146c   0x00000070   Code   RO          186    i.MX_ADC1_Init      adc.o
    0x080014dc   0x080014dc   0x00000064   Code   RO          159    i.MX_GPIO_Init      gpio.o
    0x08001540   0x08001540   0x00000004   Code   RO          232    i.MemManage_Handler  stm32f4xx_it.o
    0x08001544   0x08001544   0x00000004   Code   RO          233    i.NMI_Handler       stm32f4xx_it.o
    0x08001548   0x08001548   0x00000002   Code   RO          234    i.PendSV_Handler    stm32f4xx_it.o
    0x0800154a   0x0800154a   0x00000002   Code   RO          235    i.SVC_Handler       stm32f4xx_it.o
    0x0800154c   0x0800154c   0x00000008   Code   RO          236    i.SysTick_Handler   stm32f4xx_it.o
    0x08001554   0x08001554   0x00000014   Code   RO         2145    i.SystemInit        system_stm32f4xx.o
    0x08001568   0x08001568   0x00000004   Code   RO          237    i.UsageFault_Handler  stm32f4xx_it.o
    0x0800156c   0x0800156c   0x000000bc   Code   RO           14    i._Z18SystemClock_Configv  main.o
    0x08001628   0x08001628   0x00000160   Code   RO          363    i._ZN41_INTERNAL_19_stm32f4xx_hal_adc_c_52ef8f508ADC_InitEP17ADC_HandleTypeDef  stm32f4xx_hal_adc.o
    0x08001788   0x08001788   0x00000028   Code   RO         1652    i._ZN44_INTERNAL_22_stm32f4xx_hal_cortex_c_2992dbc018__NVIC_SetPriorityE9IRQn_Typej  stm32f4xx_hal_cortex.o
    0x080017b0   0x080017b0   0x00000010   Code   RO         1653    i._ZN44_INTERNAL_22_stm32f4xx_hal_cortex_c_2992dbc026__NVIC_GetPriorityGroupingEv  stm32f4xx_hal_cortex.o
    0x080017c0   0x080017c0   0x0000009c   Code   RO           15    i.main              main.o
    0x0800185c   0x0800185c   0x00000062   Code   RO         2190    x$fpl$d2f           fz_wm.l(d2f.o)
    0x080018be   0x080018be   0x00000002   PAD
    0x080018c0   0x080018c0   0x00000154   Code   RO         2192    x$fpl$dmul          fz_wm.l(dmul.o)
    0x08001a14   0x08001a14   0x0000009c   Code   RO         2201    x$fpl$dnaninf       fz_wm.l(dnaninf.o)
    0x08001ab0   0x08001ab0   0x0000000c   Code   RO         2203    x$fpl$dretinf       fz_wm.l(dretinf.o)
    0x08001abc   0x08001abc   0x00000056   Code   RO         2194    x$fpl$f2d           fz_wm.l(f2d.o)
    0x08001b12   0x08001b12   0x0000008c   Code   RO         2205    x$fpl$fnaninf       fz_wm.l(fnaninf.o)
    0x08001b9e   0x08001b9e   0x0000000a   Code   RO         2312    x$fpl$fpinit        fz_wm.l(fpinit.o)
    0x08001ba8   0x08001ba8   0x0000000a   Code   RO         2207    x$fpl$fretinf       fz_wm.l(fretinf.o)
    0x08001bb2   0x08001bb2   0x00000000   Code   RO         2209    x$fpl$usenofp       fz_wm.l(usenofp.o)
    0x08001bb2   0x08001bb2   0x00000018   Data   RO         2148    .constdata          system_stm32f4xx.o
    0x08001bca   0x08001bca   0x00000002   PAD
    0x08001bcc   0x08001bcc   0x00000020   Data   RO         2368    Region$$Table       anon$$obj.o


    Execution Region RW_IRAM2 (Exec base: 0x10000000, Load base: 0x08001c04, Size: 0x00000000, Max: 0x00010000, ABSOLUTE)

    **** No section assigned to this execution region ****


    Execution Region RW_IRAM1 (Exec base: 0x20000000, Load base: 0x08001bec, Size: 0x000006c0, Max: 0x00030000, ABSOLUTE)

    Exec Addr    Load Addr    Size         Type   Attr      Idx    E Section Name        Object

    0x20000000   0x08001bec   0x00000008   Data   RW           19    .data               main.o
    0x20000008   0x08001bf4   0x00000009   Data   RW         1858    .data               stm32f4xx_hal.o
    0x20000011   0x08001bfd   0x00000003   PAD
    0x20000014   0x08001c00   0x00000004   Data   RW         2149    .data               system_stm32f4xx.o
    0x20000018        -       0x00000048   Zero   RW          190    .bss                adc.o
    0x20000060        -       0x00000060   Zero   RW         2242    .bss                c_w.l(libspace.o)
    0x200000c0        -       0x00000200   Zero   RW            2    HEAP                startup_stm32f427xx.o
    0x200002c0        -       0x00000400   Zero   RW            1    STACK               startup_stm32f427xx.o


==============================================================================

Image component sizes


      Code (inc. data)   RO Data    RW Data    ZI Data      Debug   Object Name

       240         26          0          0         72       1709   adc.o
       100          4          0          0          0        851   gpio.o
       350         34          0          8          0     715232   main.o
        64         26        428          0       1536        836   startup_stm32f427xx.o
       212         36          0          9          0       9497   stm32f4xx_hal.o
      1428         56          0          0          0       5705   stm32f4xx_hal_adc.o
       272         22          0          0          0      33582   stm32f4xx_hal_cortex.o
       528         54          0          0          0       1476   stm32f4xx_hal_gpio.o
        72          4          0          0          0        866   stm32f4xx_hal_msp.o
       140         12          0          0          0       1284   stm32f4xx_hal_pwr_ex.o
      1744         58          0          0          0       3884   stm32f4xx_hal_rcc.o
        34          0          0          0          0       4130   stm32f4xx_it.o
        20          6         24          4          0       1127   system_stm32f4xx.o

    ----------------------------------------------------------------------
      5210        338        486         24       1608     780179   Object Totals
         0          0         32          0          0          0   (incl. Generated)
         6          0          2          3          0          0   (incl. Padding)

    ----------------------------------------------------------------------

      Code (inc. data)   RO Data    RW Data    ZI Data      Debug   Library Member Name

         8          0          0          0          0         68   __main.o
         0          0          0          0          0          0   __rtentry.o
        12          0          0          0          0          0   __rtentry2.o
         6          0          0          0          0          0   __rtentry4.o
        52          8          0          0          0          0   __scatter.o
        26          0          0          0          0          0   __scatter_copy.o
        28          0          0          0          0          0   __scatter_zi.o
        18          0          0          0          0         80   exit.o
         6          0          0          0          0        152   heapauxi.o
         0          0          0          0          0          0   indicate_semi.o
         2          0          0          0          0          0   libinit.o
         6          0          0          0          0          0   libinit2.o
         2          0          0          0          0          0   libshutdown.o
         2          0          0          0          0          0   libshutdown2.o
         8          4          0          0         96         68   libspace.o
       238          0          0          0          0        100   lludivv7m.o
        78          0          0          0          0         80   rt_memclr_w.o
         2          0          0          0          0          0   rtexit.o
        10          0          0          0          0          0   rtexit2.o
        12          4          0          0          0         68   sys_exit.o
        74          0          0          0          0         80   sys_stackheap_outer.o
         2          0          0          0          0         68   use_no_semi.o
        98          4          0          0          0        140   d2f.o
       340         12          0          0          0        152   dmul.o
       156          4          0          0          0        140   dnaninf.o
        12          0          0          0          0        116   dretinf.o
        86          4          0          0          0        132   f2d.o
       140          4          0          0          0        132   fnaninf.o
        10          0          0          0          0        116   fpinit.o
        10          0          0          0          0        116   fretinf.o
         0          0          0          0          0          0   usenofp.o

    ----------------------------------------------------------------------
      1452         44          0          0         96       1808   Library Totals
         8          0          0          0          0          0   (incl. Padding)

    ----------------------------------------------------------------------

      Code (inc. data)   RO Data    RW Data    ZI Data      Debug   Library Name

       592         16          0          0         96        764   c_w.l
       852         28          0          0          0       1044   fz_wm.l

    ----------------------------------------------------------------------
      1452         44          0          0         96       1808   Library Totals

    ----------------------------------------------------------------------

==============================================================================


      Code (inc. data)   RO Data    RW Data    ZI Data      Debug   

      6662        382        486         24       1704     777627   Grand Totals
      6662        382        486         24       1704     777627   ELF Image Totals
      6662        382        486         24          0          0   ROM Totals

==============================================================================

    Total RO  Size (Code + RO Data)                 7148 (   6.98kB)
    Total RW  Size (RW Data + ZI Data)              1728 (   1.69kB)
    Total ROM Size (Code + RO Data + RW Data)       7172 (   7.00kB)

==============================================================================

