<html>
<body>
<pre>
<h1>µVision Build Log</h1>
<h2>Tool Versions:</h2>
IDE-Version: ¦ÌVision V5.39.0.0
Copyright (C) 2023 ARM Ltd and ARM Germany GmbH. All rights reserved.
License Information: A lenovo, A, LIC=6XJT4-FHLHS-UMT9A-1IBEQ-ISF4Z-XUYWR
 
Tool Versions:
Toolchain:       MDK-ARM Professional  Version: 5.39.0.0
Toolchain Path:  D:\Keil5 MDK\ARM\ARMCC\Bin
C Compiler:      Armcc.exe V5.06 update 5 (build 528)
Assembler:       Armasm.exe V5.06 update 5 (build 528)
Linker/Locator:  ArmLink.exe V5.06 update 5 (build 528)
Library Manager: ArmAr.exe V5.06 update 5 (build 528)
Hex Converter:   FromElf.exe V5.06 update 5 (build 528)
CPU DLL:         SARMCM3.DLL V5.39.0.0
Dialog DLL:      DCM.DLL V1.17.5.0
Target DLL:      CMSIS_AGDI.dll V1.33.16.0
Dialog DLL:      TCM.DLL V1.56.4.0
 
<h2>Project:</h2>
C:\Users\lenovo\Desktop\´úÂë\R1\MDK-ARM\can_motor_self.uvprojx
Project File Date:  11/22/2024

<h2>Output:</h2>
*** Using Compiler 'V5.06 update 5 (build 528)', folder: 'D:\Keil5 MDK\ARM\ARMCC\Bin'
Build target 'can_motor_self'
compiling remote_control.c...
..\user\remote_control\remote_control.c(83): warning:  #1035-D: single-precision operand implicitly converted to double-precision
  	if(z > -0.005 && z < 0.005) z = 0;
..\user\remote_control\remote_control.c(114): warning:  #1035-D: single-precision operand implicitly converted to double-precision
      *V_a = V_x * cosB - V_y * cosA + 
 * w;
..\user\remote_control\remote_control.c(115): warning:  #1035-D: single-precision operand implicitly converted to double-precision
      *V_b = -V_x * cosB - V_y * cosA + 
 * w;
..\user\remote_control\remote_control.c(116): warning:  #1035-D: single-precision operand implicitly converted to double-precision
      *V_c = -V_x * cosB + V_y * cosA + 
 * w;
..\user\remote_control\remote_control.c(117): warning:  #1035-D: single-precision operand implicitly converted to double-precision
      *V_d = V_x * cosB + V_y * cosA + 
 * w;
..\user\remote_control\remote_control.c(123): warning:  #1035-D: single-precision operand implicitly converted to double-precision
  	speed = 0.1*i*remote;
..\user\remote_control\remote_control.c(124): warning:  #1035-D: single-precision operand implicitly converted to double-precision
  	if(speed > -0.005 && speed < 0.005) speed = 0;
..\user\remote_control\remote_control.c(125): warning:  #1035-D: single-precision operand implicitly converted to double-precision
  	if(speed < -(i+0.2)) speed=0;
..\user\remote_control\remote_control.c: 8 warnings, 0 errors
linking...
Program Size: Code=19930 RO-data=590 RW-data=52 ZI-data=4924  
FromELF: creating hex file...
"can_motor_self\can_motor_self.axf" - 0 Error(s), 8 Warning(s).

<h2>Software Packages used:</h2>

Package Vendor: ARM
                http://www.keil.com/pack/ARM.CMSIS.5.9.0.pack
                ARM::CMSIS@5.9.0
                CMSIS (Common Microcontroller Software Interface Standard)
   * Component: CORE Version: 5.6.0

Package Vendor: Keil
                http://www.keil.com/pack/Keil.STM32F4xx_DFP.2.13.0.pack
                Keil::STM32F4xx_DFP@2.13.0
                STMicroelectronics STM32F4 Series Device Support, Drivers and Examples

<h2>Collection of Component include folders:</h2>
  ./RTE/_can_motor_self
  D:/Keil5 MDK/ARM/PACK/ARM/CMSIS/5.9.0/CMSIS/Core/Include
  D:/Keil5 MDK/ARM/PACK/Keil/STM32F4xx_DFP/2.13.0/Drivers/CMSIS/Device/ST/STM32F4xx/Include

<h2>Collection of Component Files used:</h2>

   * Component: ARM::CMSIS:CORE@5.6.0
      Include file:  CMSIS/Core/Include/tz_context.h
Build Time Elapsed:  00:00:02
</pre>
</body>
</html>
